Archive member included to satisfy reference by file (symbol)

/usr/lib/gcc/avr/5.4.0/../../../avr/lib/avr51/libprintf_flt.a(vfprintf_flt.o)
                              (vfprintf)
/root/share/Code/AVRLibrary/Debug/libAVRLibrary.a(HardwareSerial.o)
                              ./Commands/CommandManager.o (_ZN14HardwareSerial5beginEl)
/root/share/Code/AVRLibrary/Debug/libAVRLibrary.a(Print.o)
                              /root/share/Code/AVRLibrary/Debug/libAVRLibrary.a(HardwareSerial.o) (_ZN5Print5writeEPKhj)
/root/share/Code/AVRLibrary/Debug/libAVRLibrary.a(WString.o)
                              /root/share/Code/AVRLibrary/Debug/libAVRLibrary.a(Print.o) (_ZNK6StringixEj)
/root/share/Code/AVRLibrary/Debug/libAVRLibrary.a(can_lib.o)
                              ./main.o (_ZN6canlib3cmdEP8st_cmd_t)
/root/share/Code/AVRLibrary/Debug/libAVRLibrary.a(new.o)
                              ./Commands/CommandManager.o (_Znwj)
/usr/lib/gcc/avr/5.4.0/avr51/libgcc.a(_udivmodsi4.o)
                              ./main.o (__udivmodsi4)
/usr/lib/gcc/avr/5.4.0/avr51/libgcc.a(_exit.o)
                              /usr/lib/gcc/avr/5.4.0/../../../avr/lib/avr51/crtat90can128.o (exit)
/usr/lib/gcc/avr/5.4.0/avr51/libgcc.a(_tablejump2.o)
                              /root/share/Code/AVRLibrary/Debug/libAVRLibrary.a(can_lib.o) (__tablejump2__)
/usr/lib/gcc/avr/5.4.0/avr51/libgcc.a(_copy_data.o)
                              ./Commands/CommandManager.o (__do_copy_data)
/usr/lib/gcc/avr/5.4.0/avr51/libgcc.a(_clear_bss.o)
                              ./Commands/CommandManager.o (__do_clear_bss)
/usr/lib/gcc/avr/5.4.0/avr51/libgcc.a(_ctors.o)
                              /root/share/Code/AVRLibrary/Debug/libAVRLibrary.a(HardwareSerial.o) (__do_global_ctors)
/usr/lib/gcc/avr/5.4.0/avr51/libgcc.a(_muluhisi3.o)
                              /root/share/Code/AVRLibrary/Debug/libAVRLibrary.a(HardwareSerial.o) (__muluhisi3)
/usr/lib/gcc/avr/5.4.0/avr51/libgcc.a(_umulhisi3.o)
                              /usr/lib/gcc/avr/5.4.0/avr51/libgcc.a(_muluhisi3.o) (__umulhisi3)
/usr/lib/gcc/avr/5.4.0/../../../avr/lib/avr51/libm.a(addsf3.o)
                              ./Sensor.o (__subsf3)
/usr/lib/gcc/avr/5.4.0/../../../avr/lib/avr51/libm.a(addsf3x.o)
                              /usr/lib/gcc/avr/5.4.0/../../../avr/lib/avr51/libm.a(addsf3.o) (__addsf3x)
/usr/lib/gcc/avr/5.4.0/../../../avr/lib/avr51/libm.a(cmpsf2.o)
                              ./Sensor.o (__ltsf2)
/usr/lib/gcc/avr/5.4.0/../../../avr/lib/avr51/libm.a(divsf3.o)
                              ./main.o (__divsf3)
/usr/lib/gcc/avr/5.4.0/../../../avr/lib/avr51/libm.a(divsf3x.o)
                              /usr/lib/gcc/avr/5.4.0/../../../avr/lib/avr51/libm.a(divsf3.o) (__divsf3x)
/usr/lib/gcc/avr/5.4.0/../../../avr/lib/avr51/libm.a(fixsfsi.o)
                              ./Commands/CommandManager.o (__fixsfsi)
/usr/lib/gcc/avr/5.4.0/../../../avr/lib/avr51/libm.a(fixunssfsi.o)
                              ./main.o (__fixunssfsi)
/usr/lib/gcc/avr/5.4.0/../../../avr/lib/avr51/libm.a(floatsisf.o)
                              ./Sensor.o (__floatunsisf)
/usr/lib/gcc/avr/5.4.0/../../../avr/lib/avr51/libm.a(fp_cmp.o)
                              /usr/lib/gcc/avr/5.4.0/../../../avr/lib/avr51/libm.a(cmpsf2.o) (__fp_cmp)
/usr/lib/gcc/avr/5.4.0/../../../avr/lib/avr51/libm.a(fp_inf.o)
                              /usr/lib/gcc/avr/5.4.0/../../../avr/lib/avr51/libm.a(addsf3x.o) (__fp_inf)
/usr/lib/gcc/avr/5.4.0/../../../avr/lib/avr51/libm.a(fp_nan.o)
                              /usr/lib/gcc/avr/5.4.0/../../../avr/lib/avr51/libm.a(addsf3x.o) (__fp_nan)
/usr/lib/gcc/avr/5.4.0/../../../avr/lib/avr51/libm.a(fp_pscA.o)
                              /usr/lib/gcc/avr/5.4.0/../../../avr/lib/avr51/libm.a(addsf3x.o) (__fp_pscA)
/usr/lib/gcc/avr/5.4.0/../../../avr/lib/avr51/libm.a(fp_pscB.o)
                              /usr/lib/gcc/avr/5.4.0/../../../avr/lib/avr51/libm.a(addsf3x.o) (__fp_pscB)
/usr/lib/gcc/avr/5.4.0/../../../avr/lib/avr51/libm.a(fp_round.o)
                              /usr/lib/gcc/avr/5.4.0/../../../avr/lib/avr51/libm.a(addsf3.o) (__fp_round)
/usr/lib/gcc/avr/5.4.0/../../../avr/lib/avr51/libm.a(fp_split3.o)
                              /usr/lib/gcc/avr/5.4.0/../../../avr/lib/avr51/libm.a(addsf3x.o) (__fp_split3)
/usr/lib/gcc/avr/5.4.0/../../../avr/lib/avr51/libm.a(fp_zero.o)
                              /usr/lib/gcc/avr/5.4.0/../../../avr/lib/avr51/libm.a(addsf3x.o) (__fp_zero)
/usr/lib/gcc/avr/5.4.0/../../../avr/lib/avr51/libm.a(mulsf3.o)
                              ./Commands/CommandManager.o (__mulsf3)
/usr/lib/gcc/avr/5.4.0/../../../avr/lib/avr51/libm.a(mulsf3x.o)
                              /usr/lib/gcc/avr/5.4.0/../../../avr/lib/avr51/libm.a(mulsf3.o) (__mulsf3x)
/usr/lib/gcc/avr/5.4.0/../../../avr/lib/avr51/libc.a(atexit.o)
                              ./Commands/CommandManager.o (atexit)
/usr/lib/gcc/avr/5.4.0/../../../avr/lib/avr51/libc.a(malloc.o)
[...]
Memory Configuration

Name             Origin             Length             Attributes
text             0x0000000000000000 0x0000000000020000 xr
data             0x0000000000800100 0x000000000000ff00 rw !x
eeprom           0x0000000000810000 0x0000000000010000 rw !x
fuse             0x0000000000820000 0x0000000000000003 rw !x
lock             0x0000000000830000 0x0000000000000400 rw !x
signature        0x0000000000840000 0x0000000000000400 rw !x
user_signatures  0x0000000000850000 0x0000000000000400 rw !x
*default*        0x0000000000000000 0xffffffffffffffff

Linker script and memory map

Address of section .data set to 0x800100
LOAD /usr/lib/gcc/avr/5.4.0/../../../avr/lib/avr51/crtat90can128.o
LOAD /usr/lib/gcc/avr/5.4.0/../../../avr/lib/avr51/libprintf_flt.a
LOAD ./Commands/Command.o
LOAD ./Commands/CommandManager.o
LOAD ./Commands/Command_Test.o
LOAD ./ADCManager.o
LOAD ./CANLib.o
LOAD ./CANSensorTimer.o
LOAD ./Sensor.o
LOAD ./SensorManager.o
LOAD ./main.o
LOAD /root/share/Code/AVRLibrary/Debug/libAVRLibrary.a
LOAD /usr/lib/gcc/avr/5.4.0/avr51/libgcc.a
LOAD /usr/lib/gcc/avr/5.4.0/../../../avr/lib/avr51/libm.a
START GROUP
LOAD /usr/lib/gcc/avr/5.4.0/avr51/libgcc.a
LOAD /usr/lib/gcc/avr/5.4.0/../../../avr/lib/avr51/libm.a
LOAD /usr/lib/gcc/avr/5.4.0/../../../avr/lib/avr51/libc.a
LOAD /usr/lib/gcc/avr/5.4.0/../../../avr/lib/avr51/libat90can128.a
END GROUP
                0x0000000000020000                __TEXT_REGION_LENGTH__ = DEFINED (__TEXT_REGION_LENGTH__)?__TEXT_REGION_LENGTH__:0x20000
                0x000000000000ff00                __DATA_REGION_LENGTH__ = DEFINED (__DATA_REGION_LENGTH__)?__DATA_REGION_LENGTH__:0xff00
                0x0000000000010000                __EEPROM_REGION_LENGTH__ = DEFINED (__EEPROM_REGION_LENGTH__)?__EEPROM_REGION_LENGTH__:0x10000
                [0x0000000000000003]                __FUSE_REGION_LENGTH__ = DEFINED (__FUSE_REGION_LENGTH__)?__FUSE_REGION_LENGTH__:0x400
                0x0000000000000400                __LOCK_REGION_LENGTH__ = DEFINED (__LOCK_REGION_LENGTH__)?__LOCK_REGION_LENGTH__:0x400
                0x0000000000000400                __SIGNATURE_REGION_LENGTH__ = DEFINED (__SIGNATURE_REGION_LENGTH__)?__SIGNATURE_REGION_LENGTH__:0x400
                0x0000000000000400                __USER_SIGNATURE_REGION_LENGTH__ = DEFINED (__USER_SIGNATURE_REGION_LENGTH__)?__USER_SIGNATURE_REGION_LENGTH__:0x400

.hash
 *(.hash)

.dynsym
 *(.dynsym)

.dynstr
 *(.dynstr)

.gnu.version
 *(.gnu.version)

.gnu.version_d
 *(.gnu.version_d)

.gnu.version_r
 *(.gnu.version_r)

.rel.init
 *(.rel.init)

.rela.init
 *(.rela.init)

.rel.text
 *(.rel.text)
 *(.rel.text.*)
 *(.rel.gnu.linkonce.t*)

.rela.text
 *(.rela.text)
 *(.rela.text.*)
 *(.rela.gnu.linkonce.t*)

.rel.fini
 *(.rel.fini)

.rela.fini
 *(.rela.fini)

.rel.rodata
 *(.rel.rodata)
 *(.rel.rodata.*)
 *(.rel.gnu.linkonce.r*)

.rela.rodata
 *(.rela.rodata)
 *(.rela.rodata.*)
 *(.rela.gnu.linkonce.r*)

.rel.data
 *(.rel.data)
 *(.rel.data.*)
 *(.rel.gnu.linkonce.d*)

.rela.data
 *(.rela.data)
 *(.rela.data.*)
 *(.rela.gnu.linkonce.d*)

.rel.ctors
 *(.rel.ctors)

.rela.ctors
 *(.rela.ctors)

.rel.dtors
 *(.rel.dtors)

.rela.dtors
 *(.rela.dtors)

.rel.got
 *(.rel.got)

.rela.got
 *(.rela.got)

.rel.bss
 *(.rel.bss)

.rela.bss
 *(.rela.bss)

.rel.plt
 *(.rel.plt)

.rela.plt
 *(.rela.plt)

.text           0x0000000000000000     0x49ee
 *(.vectors)
 .vectors       0x0000000000000000       0x94 /usr/lib/gcc/avr/5.4.0/../../../avr/lib/avr51/crtat90can128.o
                0x0000000000000000                __vectors
                0x0000000000000000                __vector_default
 *(.vectors)
 *(.progmem.gcc*)
 .progmem.gcc_sw_table._ZN6canlib3cmdEP8st_cmd_t
                0x0000000000000094       0x16 /root/share/Code/AVRLibrary/Debug/libAVRLibrary.a(can_lib.o)
                0x00000000000000aa                . = ALIGN (0x2)
                0x00000000000000aa                __trampolines_start = .
 *(.trampolines)
 .trampolines   0x00000000000000aa        0x0 linker stubs
 *(.trampolines*)
                0x00000000000000aa                __trampolines_end = .
 *libprintf_flt.a:*(.progmem.data)
 .progmem.data  0x00000000000000aa        0x8 /usr/lib/gcc/avr/5.4.0/../../../avr/lib/avr51/libprintf_flt.a(vfprintf_flt.o)
 *libc.a:*(.progmem.data)
 .progmem.data  0x00000000000000b2       0xfa /usr/lib/gcc/avr/5.4.0/../../../avr/lib/avr51/libc.a(ftoa_engine.o)
 *(.progmem*)
                0x00000000000001ac                . = ALIGN (0x2)
 *(.jumptables)
 *(.jumptables*)
 *(.lowtext)
 *(.lowtext*)
                0x00000000000001ac                __ctors_start = .
 *(.ctors)
 .ctors         0x00000000000001ac        0x2 /root/share/Code/AVRLibrary/Debug/libAVRLibrary.a(HardwareSerial.o)
                0x00000000000001ae                __ctors_end = .
                0x00000000000001ae                __dtors_start = .
 *(.dtors)
                0x00000000000001ae                __dtors_end = .
 SORT(*)(.ctors)
 SORT(*)(.dtors)
 *(.init0)
 .init0         0x00000000000001ae        0x0 /usr/lib/gcc/avr/5.4.0/../../../avr/lib/avr51/crtat90can128.o
                0x00000000000001ae                __init
 *(.init0)
 *(.init1)
 *(.init1)
 *(.init2)
 .init2         0x00000000000001ae        0xc /usr/lib/gcc/avr/5.4.0/../../../avr/lib/avr51/crtat90can128.o
 *(.init2)
 *(.init3)
 *(.init3)
 *(.init4)
 .init4         0x00000000000001ba       0x1a /usr/lib/gcc/avr/5.4.0/avr51/libgcc.a(_copy_data.o)
                0x00000000000001ba                __do_copy_data
 .init4         0x00000000000001d4       0x10 /usr/lib/gcc/avr/5.4.0/avr51/libgcc.a(_clear_bss.o)
                0x00000000000001d4                __do_clear_bss
 *(.init4)
 *(.init5)
 *(.init5)
 *(.init6)
 .init6         0x00000000000001e4       0x16 /usr/lib/gcc/avr/5.4.0/avr51/libgcc.a(_ctors.o)
                0x00000000000001e4                __do_global_ctors
 *(.init6)
 *(.init7)
 *(.init7)
 *(.init8)
 *(.init8)
 *(.init9)
 .init9         0x00000000000001fa        0x8 /usr/lib/gcc/avr/5.4.0/../../../avr/lib/avr51/crtat90can128.o
 *(.init9)
 *(.text)
 .text          0x0000000000000202        0x2 /usr/lib/gcc/avr/5.4.0/../../../avr/lib/avr51/crtat90can128.o
                0x0000000000000202                __vector_22
                0x0000000000000202                __vector_28
                0x0000000000000202                __vector_1
                0x0000000000000202                __vector_34
                0x0000000000000202                __vector_24
                0x0000000000000202                __bad_interrupt
                0x0000000000000202                __vector_6
                0x0000000000000202                __vector_31
                0x0000000000000202                __vector_35
                0x0000000000000202                __vector_3
                0x0000000000000202                __vector_23
                0x0000000000000202                __vector_30
                0x0000000000000202                __vector_11
                0x0000000000000202                __vector_13
                0x0000000000000202                __vector_17
                0x0000000000000202                __vector_19
                0x0000000000000202                __vector_7
                0x0000000000000202                __vector_27
                0x0000000000000202                __vector_5
                0x0000000000000202                __vector_33
                0x0000000000000202                __vector_4
                0x0000000000000202                __vector_2
                0x0000000000000202                __vector_15
                0x0000000000000202                __vector_36
                0x0000000000000202                __vector_29
                0x0000000000000202                __vector_8
                0x0000000000000202                __vector_26
                0x0000000000000202                __vector_14
                0x0000000000000202                __vector_10
                0x0000000000000202                __vector_16
                0x0000000000000202                __vector_20
 .text          0x0000000000000204       0x64 /usr/lib/gcc/avr/5.4.0/../../../avr/lib/avr51/libc.a(atexit.o)
                0x000000000000022c                atexit
                0x0000000000000268                . = ALIGN (0x2)
 *(.text.*)
 .text.avr-libc
                0x0000000000000268      0x74c /usr/lib/gcc/avr/5.4.0/../../../avr/lib/avr51/libprintf_flt.a(vfprintf_flt.o)
                0x0000000000000268                vfprintf
 .text._ZN12SENSORCONFIG12conversion00ERKf
                0x00000000000009b4       0x5a ./Commands/CommandManager.o
                0x00000000000009b4                _ZN12SENSORCONFIG12conversion00ERKf
 .text.__tcf_0  0x0000000000000a0e       0x14 ./Commands/CommandManager.o
 .text._ZN14CommandManager11StaticClassEv
                0x0000000000000a22       0x46 ./Commands/CommandManager.o
                0x0000000000000a22                _ZN14CommandManager11StaticClassEv
 .text._ZN14CommandManager6UpdateEv
                0x0000000000000a68       0x9e ./Commands/CommandManager.o
                0x0000000000000a68                _ZN14CommandManager6UpdateEv
 .text._ZN14CommandManagerC2Ev
                0x0000000000000b06       0x70 ./Commands/CommandManager.o
                0x0000000000000b06                _ZN14CommandManagerC1Ev
                0x0000000000000b06                _ZN14CommandManagerC2Ev
 .text._ZN14CommandManagerD2Ev
                0x0000000000000b76       0x92 ./Commands/CommandManager.o
                0x0000000000000b76                _ZN14CommandManagerD2Ev
                0x0000000000000b76                _ZN14CommandManagerD1Ev
 .text._ZN14CommandManager14CheckForCANCMDEv
                0x0000000000000c08       0x1a ./Commands/CommandManager.o
                0x0000000000000c08                _ZN14CommandManager14CheckForCANCMDEv
 .text._ZN7CommandD2Ev
                0x0000000000000c22       0x36 ./Commands/Command_Test.o
                0x0000000000000c22                _ZN7CommandD1Ev
                0x0000000000000c22                _ZN7CommandD2Ev
 .text._ZN7CommandD0Ev
                0x0000000000000c58       0x26 ./Commands/Command_Test.o
                0x0000000000000c58                _ZN7CommandD0Ev
 .text._ZN7CommandC2Ev
                0x0000000000000c7e       0x28 ./Commands/Command_Test.o
                0x0000000000000c7e                _ZN7CommandC2Ev
                0x0000000000000c7e                _ZN7CommandC1Ev
 .text._ZN12Command_TestC2Ev
                0x0000000000000ca6       0x36 ./Commands/Command_Test.o
                0x0000000000000ca6                _ZN12Command_TestC2Ev
                0x0000000000000ca6                _ZN12Command_TestC1Ev
 .text._ZN12Command_TestD2Ev
                0x0000000000000cdc       0x3c ./Commands/Command_Test.o
                0x0000000000000cdc                _ZN12Command_TestD2Ev
                0x0000000000000cdc                _ZN12Command_TestD1Ev
 .text._ZN12Command_TestD0Ev
                0x0000000000000d18       0x26 ./Commands/Command_Test.o
                0x0000000000000d18                _ZN12Command_TestD0Ev
 .text._ZN12Command_Test7executeERj
                0x0000000000000d3e       0x38 ./Commands/Command_Test.o
                0x0000000000000d3e                _ZN12Command_Test7executeERj
 .text._ZN12Command_Test12checkFreeRamEv
                0x0000000000000d76       0x46 ./Commands/Command_Test.o
                0x0000000000000d76                _ZN12Command_Test12checkFreeRamEv
 .text._ZL12__iCliRetValv
                0x0000000000000dbc       0x12 ./ADCManager.o
 .text._ZL11__iSeiParamPKh
                0x0000000000000dce       0x1c ./ADCManager.o
 .text._ZN27ADCManagerCallbackInterfaceD2Ev
                0x0000000000000dea       0x36 ./ADCManager.o
                0x0000000000000dea                _ZN27ADCManagerCallbackInterfaceD2Ev
                0x0000000000000dea                _ZN27ADCManagerCallbackInterfaceD1Ev
 .text._ZN10ADCManager4InitEv
                0x0000000000000e20       0x36 ./ADCManager.o
                0x0000000000000e20                _ZN10ADCManager4InitEv
 .text._ZN10ADCManager9StartReadEP27ADCManagerCallbackInterfaceh
                0x0000000000000e56       0x5c ./ADCManager.o
                0x0000000000000e56                _ZN10ADCManager9StartReadEP27ADCManagerCallbackInterfaceh
 .text._ZN10ADCManager12ADCAvailableEv
                0x0000000000000eb2       0x20 ./ADCManager.o
                0x0000000000000eb2                _ZN10ADCManager12ADCAvailableEv
 .text._ZN10ADCManager15INT_ADCFinishedEv
                0x0000000000000ed2       0xa4 ./ADCManager.o
                0x0000000000000ed2                _ZN10ADCManager15INT_ADCFinishedEv
 .text._ZN6CANRaw11StaticClassEv
                0x0000000000000f76       0x40 ./CANLib.o
                0x0000000000000f76                _ZN6CANRaw11StaticClassEv
 .text._ZN6CANRawC2Ev
                0x0000000000000fb6       0x1a ./CANLib.o
                0x0000000000000fb6                _ZN6CANRawC1Ev
                0x0000000000000fb6                _ZN6CANRawC2Ev
 .text.__vector_18
                0x0000000000000fd0       0x66 ./CANLib.o
                0x0000000000000fd0                __vector_18
 .text._ZN6CANRaw12BindListenerEP11CANListenerNS_7CAN_MOBEb
                0x0000000000001036       0x84 ./CANLib.o
                0x0000000000001036                _ZN6CANRaw12BindListenerEP11CANListenerNS_7CAN_MOBEb
 .text._ZN6CANRaw6TxDataERKNS_8CAN_DATAENS_7CAN_MOBE
                0x00000000000010ba       0xcc ./CANLib.o
                0x00000000000010ba                _ZN6CANRaw6TxDataERKNS_8CAN_DATAENS_7CAN_MOBE
 .text._ZN6CANRaw8ConfigTxERKNS_16CAN_FRAME_HEADERENS_7CAN_MOBE
                0x0000000000001186       0xc8 ./CANLib.o
                0x0000000000001186                _ZN6CANRaw8ConfigTxERKNS_16CAN_FRAME_HEADERENS_7CAN_MOBE
 .text._ZN6CANRaw13ForceResetMobENS_7CAN_MOBE
                0x000000000000124e       0x98 ./CANLib.o
                0x000000000000124e                _ZN6CANRaw13ForceResetMobENS_7CAN_MOBE
 .text._ZN6CANRaw9INT_CANITEv
                0x00000000000012e6      0x38e ./CANLib.o
                0x00000000000012e6                _ZN6CANRaw9INT_CANITEv
 .text._ZN6CANRaw14ReconfigureMobENS_7CAN_MOBE
                0x0000000000001674      0x43e ./CANLib.o
                0x0000000000001674                _ZN6CANRaw14ReconfigureMobENS_7CAN_MOBE
 .text._ZN6CANRaw17GetNextFreeHandleEv
                0x0000000000001ab2       0x4e ./CANSensorTimer.o
                0x0000000000001ab2                _ZN6CANRaw17GetNextFreeHandleEv
 .text._ZN11CANListenerC2Ev
                0x0000000000001b00       0x28 ./CANSensorTimer.o
                0x0000000000001b00                _ZN11CANListenerC2Ev
                0x0000000000001b00                _ZN11CANListenerC1Ev
 .text._ZN11CANListenerD2Ev
                0x0000000000001b28       0x36 ./CANSensorTimer.o
                0x0000000000001b28                _ZN11CANListenerD2Ev
                0x0000000000001b28                _ZN11CANListenerD1Ev
 .text._ZN11CANListenerD0Ev
                0x0000000000001b5e       0x26 ./CANSensorTimer.o
                0x0000000000001b5e                _ZN11CANListenerD0Ev
 .text._ZN11CANListener17INT_Call_GotFrameEh
                0x0000000000001b84       0x20 ./CANSensorTimer.o
                0x0000000000001b84                _ZN11CANListener17INT_Call_GotFrameEh
 .text._ZN11CANListener18INT_Call_SentFrameERKN6CANRaw16CAN_FRAME_HEADERE
                0x0000000000001ba4       0x24 ./CANSensorTimer.o
                0x0000000000001ba4                _ZN11CANListener18INT_Call_SentFrameERKN6CANRaw16CAN_FRAME_HEADERE
 .text._ZN14CANSensorTimerD2Ev
                0x0000000000001bc8       0x3c ./CANSensorTimer.o
                0x0000000000001bc8                _ZN14CANSensorTimerD1Ev
                0x0000000000001bc8                _ZN14CANSensorTimerD2Ev
 .text._ZN14CANSensorTimerD0Ev
                0x0000000000001c04       0x26 ./CANSensorTimer.o
                0x0000000000001c04                _ZN14CANSensorTimerD0Ev
 .text._ZN14CANSensorTimerC2EjPKmh
                0x0000000000001c2a       0xda ./CANSensorTimer.o
                0x0000000000001c2a                _ZN14CANSensorTimerC1EjPKmh
                0x0000000000001c2a                _ZN14CANSensorTimerC2EjPKmh
 .text._ZN14CANSensorTimer14registerSensorEP6SensorNS_14CANDATAChannelE
                0x0000000000001d04       0x9e ./CANSensorTimer.o
                0x0000000000001d04                _ZN14CANSensorTimer14registerSensorEP6SensorNS_14CANDATAChannelE
 .text._ZN14CANSensorTimer13INT_Call_TickEv
                0x0000000000001da2       0x68 ./CANSensorTimer.o
                0x0000000000001da2                _ZN14CANSensorTimer13INT_Call_TickEv
 .text._ZN14CANSensorTimer18INT_Call_SentFrameERKN6CANRaw16CAN_FRAME_HEADERE
                0x0000000000001e0a       0x2e ./CANSensorTimer.o
                0x0000000000001e0a                _ZN14CANSensorTimer18INT_Call_SentFrameERKN6CANRaw16CAN_FRAME_HEADERE
 .text._ZN14CANSensorTimer6UpdateEv
                0x0000000000001e38      0x296 ./CANSensorTimer.o
                0x0000000000001e38                _ZN14CANSensorTimer6UpdateEv
 .text._ZN6Sensor10EvalMinMaxERKiS1_
                0x00000000000020ce       0x42 ./Sensor.o
                0x00000000000020ce                _ZN6Sensor10EvalMinMaxERKiS1_
 .text._ZL12__iCliRetValv
                0x0000000000002110       0x12 ./Sensor.o
 .text._ZL11__iSeiParamPKh
                0x0000000000002122       0x1c ./Sensor.o
 .text._ZN27ADCManagerCallbackInterfaceC2Ev
                0x000000000000213e       0x28 ./Sensor.o
                0x000000000000213e                _ZN27ADCManagerCallbackInterfaceC1Ev
                0x000000000000213e                _ZN27ADCManagerCallbackInterfaceC2Ev
 .text._ZN6SensorC2ERKNS_15SENSOR_SETTINGSE
                0x0000000000002166       0xa8 ./Sensor.o
                0x0000000000002166                _ZN6SensorC1ERKNS_15SENSOR_SETTINGSE
                0x0000000000002166                _ZN6SensorC2ERKNS_15SENSOR_SETTINGSE
 .text._ZN6SensorD2Ev
                0x000000000000220e       0x3e ./Sensor.o
                0x000000000000220e                _ZN6SensorD2Ev
                0x000000000000220e                _ZN6SensorD1Ev
 .text._ZN6SensorD0Ev
                0x000000000000224c       0x26 ./Sensor.o
                0x000000000000224c                _ZN6SensorD0Ev
 .text._ZN6Sensor14requestADCReadEv
                0x0000000000002272       0x3c ./Sensor.o
                0x0000000000002272                _ZN6Sensor14requestADCReadEv
 .text._ZN6Sensor21INT_Call_ADC_FinishedERKjh
                0x00000000000022ae       0x48 ./Sensor.o
                0x00000000000022ae                _ZN6Sensor21INT_Call_ADC_FinishedERKjh
 .text._ZN6Sensor8getValueEv
                0x00000000000022f6       0x56 ./Sensor.o
                0x00000000000022f6                _ZN6Sensor8getValueEv
 .text._ZN6Sensor10getVoltageERf
                0x000000000000234c      0x120 ./Sensor.o
                0x000000000000234c                _ZN6Sensor10getVoltageERf
 .text._ZN13SensorManager11GetInstanceEv
                0x000000000000246c       0x40 ./SensorManager.o
                0x000000000000246c                _ZN13SensorManager11GetInstanceEv
 .text._ZN13SensorManagerC2Ev
                0x00000000000024ac      0x126 ./SensorManager.o
                0x00000000000024ac                _ZN13SensorManagerC1Ev
                0x00000000000024ac                _ZN13SensorManagerC2Ev
 .text._ZN13SensorManager6UpdateEv
                0x00000000000025d2       0x4a ./SensorManager.o
                0x00000000000025d2                _ZN13SensorManager6UpdateEv
 .text._ZN13SensorManager16INT_UpdateTimingEv
                0x000000000000261c       0x4a ./SensorManager.o
                0x000000000000261c                _ZN13SensorManager16INT_UpdateTimingEv
 .text._ZN14CommandManager16INT_UpdateTimingEv
                0x0000000000002666       0x58 ./main.o
                0x0000000000002666                _ZN14CommandManager16INT_UpdateTimingEv
 .text._Z11timer1_initv
                0x00000000000026be       0x4c ./main.o
                0x00000000000026be                _Z11timer1_initv
 .text._Z11timer2_initv
                0x000000000000270a       0x46 ./main.o
                0x000000000000270a                _Z11timer2_initv
 .text._Z9getMicrosv
                0x0000000000002750      0x13c ./main.o
                0x0000000000002750                _Z9getMicrosv
 .text.__vector_12
                0x000000000000288c       0x72 ./main.o
                0x000000000000288c                __vector_12
 .text.__vector_9
                0x00000000000028fe       0x5c ./main.o
                0x00000000000028fe                __vector_9
 .text.__vector_25
                0x000000000000295a       0x66 ./main.o
                0x000000000000295a                __vector_25
 .text.main     0x00000000000029c0      0x1bc ./main.o
                0x00000000000029c0                main
 .text._ZN14HardwareSerialD2Ev
                0x0000000000002b7c        0x2 /root/share/Code/AVRLibrary/Debug/libAVRLibrary.a(HardwareSerial.o)
                0x0000000000002b7c                _ZN14HardwareSerialD2Ev
                0x0000000000002b7c                _ZN14HardwareSerialD1Ev
 .text._ZN14HardwareSerial4peekEv
                0x0000000000002b7e        0x6 /root/share/Code/AVRLibrary/Debug/libAVRLibrary.a(HardwareSerial.o)
                0x0000000000002b7e                _ZN14HardwareSerial4peekEv
 .text._ZN14HardwareSerial9availableEv
                0x0000000000002b84       0x30 /root/share/Code/AVRLibrary/Debug/libAVRLibrary.a(HardwareSerial.o)
                0x0000000000002b84                _ZN14HardwareSerial9availableEv
 .text._ZN14HardwareSerial4readEv
                0x0000000000002bb4       0x56 /root/share/Code/AVRLibrary/Debug/libAVRLibrary.a(HardwareSerial.o)
                0x0000000000002bb4                _ZN14HardwareSerial4readEv
 .text._ZN14HardwareSerial5flushEv
                0x0000000000002c0a       0x1c /root/share/Code/AVRLibrary/Debug/libAVRLibrary.a(HardwareSerial.o)
                0x0000000000002c0a                _ZN14HardwareSerial5flushEv
 .text._ZN14HardwareSerial5writeEh
                0x0000000000002c26       0x3a /root/share/Code/AVRLibrary/Debug/libAVRLibrary.a(HardwareSerial.o)
                0x0000000000002c26                _ZN14HardwareSerial5writeEh
 .text._ZN14HardwareSerialD0Ev
                0x0000000000002c60        0x4 /root/share/Code/AVRLibrary/Debug/libAVRLibrary.a(HardwareSerial.o)
                0x0000000000002c60                _ZN14HardwareSerialD0Ev
 .text.__vector_21
                0x0000000000002c64       0x80 /root/share/Code/AVRLibrary/Debug/libAVRLibrary.a(HardwareSerial.o)
                0x0000000000002c64                __vector_21
 .text.__vector_32
                0x0000000000002ce4       0x80 /root/share/Code/AVRLibrary/Debug/libAVRLibrary.a(HardwareSerial.o)
                0x0000000000002ce4                __vector_32
 .text._ZN14HardwareSerial5beginEl
                0x0000000000002d64      0x1d2 /root/share/Code/AVRLibrary/Debug/libAVRLibrary.a(HardwareSerial.o)
                0x0000000000002d64                _ZN14HardwareSerial5beginEl
 .text.startup._GLOBAL__sub_I_rx_buffer
                0x0000000000002f36       0xd8 /root/share/Code/AVRLibrary/Debug/libAVRLibrary.a(HardwareSerial.o)
 .text._ZN5Print5writeEPKhj
                0x000000000000300e       0x58 /root/share/Code/AVRLibrary/Debug/libAVRLibrary.a(Print.o)
                0x000000000000300e                _ZN5Print5writeEPKhj
 .text._ZN5Print7printlnEji
                0x0000000000003066      0x176 /root/share/Code/AVRLibrary/Debug/libAVRLibrary.a(Print.o)
                0x0000000000003066                _ZN5Print7printlnEji
 .text._ZN6canlib3cmdEP8st_cmd_t
                0x00000000000031dc      0xc64 /root/share/Code/AVRLibrary/Debug/libAVRLibrary.a(can_lib.o)
                0x00000000000031dc                _ZN6canlib3cmdEP8st_cmd_t
 .text._ZN6canlib10get_statusEP8st_cmd_t
                0x0000000000003e40      0x17e /root/share/Code/AVRLibrary/Debug/libAVRLibrary.a(can_lib.o)
                0x0000000000003e40                _ZN6canlib10get_statusEP8st_cmd_t
 .text._Znwj    0x0000000000003fbe        0x2 /root/share/Code/AVRLibrary/Debug/libAVRLibrary.a(new.o)
                0x0000000000003fbe                _Znwj
 .text._ZdlPv   0x0000000000003fc0        0x2 /root/share/Code/AVRLibrary/Debug/libAVRLibrary.a(new.o)
                0x0000000000003fc0                _ZdlPv
 .text.__cxa_guard_acquire
                0x0000000000003fc2       0x12 /root/share/Code/AVRLibrary/Debug/libAVRLibrary.a(new.o)
                0x0000000000003fc2                __cxa_guard_acquire
 .text.__cxa_guard_release
                0x0000000000003fd4        0x8 /root/share/Code/AVRLibrary/Debug/libAVRLibrary.a(new.o)
                0x0000000000003fd4                __cxa_guard_release
 .text.__cxa_pure_virtual
                0x0000000000003fdc        0x2 /root/share/Code/AVRLibrary/Debug/libAVRLibrary.a(new.o)
                0x0000000000003fdc                __cxa_pure_virtual
 .text.libgcc.div
                0x0000000000003fde       0x44 /usr/lib/gcc/avr/5.4.0/avr51/libgcc.a(_udivmodsi4.o)
                0x0000000000003fde                __udivmodsi4
 .text.libgcc   0x0000000000004022       0x12 /usr/lib/gcc/avr/5.4.0/avr51/libgcc.a(_tablejump2.o)
                0x0000000000004022                __tablejump2__
 .text.libgcc.mul
                0x0000000000004034       0x14 /usr/lib/gcc/avr/5.4.0/avr51/libgcc.a(_muluhisi3.o)
                0x0000000000004034                __muluhisi3
 .text.libgcc.mul
                0x0000000000004048       0x1e /usr/lib/gcc/avr/5.4.0/avr51/libgcc.a(_umulhisi3.o)
                0x0000000000004048                __umulhisi3
 .text.avr-libc.fplib
                0x0000000000004066        0xa /usr/lib/gcc/avr/5.4.0/../../../avr/lib/avr51/libm.a(addsf3.o)
                0x0000000000004066                __subsf3
                0x0000000000004068                __addsf3
 .text.avr-libc.fplib
                0x0000000000004070       0xc0 /usr/lib/gcc/avr/5.4.0/../../../avr/lib/avr51/libm.a(addsf3x.o)
                0x000000000000408a                __addsf3x
 .text.avr-libc.fplib
                0x0000000000004130        0x8 /usr/lib/gcc/avr/5.4.0/../../../avr/lib/avr51/libm.a(cmpsf2.o)
                0x0000000000004130                __lesf2
                0x0000000000004130                __nesf2
                0x0000000000004130                __eqsf2
                0x0000000000004130                __cmpsf2
                0x0000000000004130                __ltsf2
 .text.avr-libc.fplib
                0x0000000000004138        0x4 /usr/lib/gcc/avr/5.4.0/../../../avr/lib/avr51/libm.a(divsf3.o)
                0x0000000000004138                __divsf3
 .text.avr-libc.fplib
                0x000000000000413c       0xcc /usr/lib/gcc/avr/5.4.0/../../../avr/lib/avr51/libm.a(divsf3x.o)
                0x0000000000004152                __divsf3x
                0x0000000000004156                __divsf3_pse
 .text.avr-libc.fplib
                0x0000000000004208        0xa /usr/lib/gcc/avr/5.4.0/../../../avr/lib/avr51/libm.a(fixsfsi.o)
                0x0000000000004208                __fixsfsi
 .text.avr-libc.fplib
                0x0000000000004212       0x58 /usr/lib/gcc/avr/5.4.0/../../../avr/lib/avr51/libm.a(fixunssfsi.o)
                0x0000000000004212                __fixunssfsi
 .text.avr-libc.fplib
                0x000000000000426a       0x7a /usr/lib/gcc/avr/5.4.0/../../../avr/lib/avr51/libm.a(floatsisf.o)
                0x000000000000426a                __floatunsisf
                0x000000000000426e                __floatsisf
 .text.avr-libc.fplib
                0x00000000000042e4       0x48 /usr/lib/gcc/avr/5.4.0/../../../avr/lib/avr51/libm.a(fp_cmp.o)
                0x00000000000042e4                __fp_cmp
 .text.avr-libc.fplib
                0x000000000000432c        0xc /usr/lib/gcc/avr/5.4.0/../../../avr/lib/avr51/libm.a(fp_inf.o)
                0x000000000000432c                __fp_inf
 .text.avr-libc.fplib
                0x0000000000004338        0x6 /usr/lib/gcc/avr/5.4.0/../../../avr/lib/avr51/libm.a(fp_nan.o)
                0x0000000000004338                __fp_nan
 .text.avr-libc.fplib
                0x000000000000433e        0xe /usr/lib/gcc/avr/5.4.0/../../../avr/lib/avr51/libm.a(fp_pscA.o)
                0x000000000000433e                __fp_pscA
 .text.avr-libc.fplib
                0x000000000000434c        0xe /usr/lib/gcc/avr/5.4.0/../../../avr/lib/avr51/libm.a(fp_pscB.o)
                0x000000000000434c                __fp_pscB
 .text.avr-libc.fplib
                0x000000000000435a       0x22 /usr/lib/gcc/avr/5.4.0/../../../avr/lib/avr51/libm.a(fp_round.o)
                0x000000000000435a                __fp_round
 .text.avr-libc.fplib
                0x000000000000437c       0x44 /usr/lib/gcc/avr/5.4.0/../../../avr/lib/avr51/libm.a(fp_split3.o)
                0x000000000000437c                __fp_split3
                0x000000000000438c                __fp_splitA
 .text.avr-libc.fplib
                0x00000000000043c0        0xe /usr/lib/gcc/avr/5.4.0/../../../avr/lib/avr51/libm.a(fp_zero.o)
                0x00000000000043c0                __fp_zero
                0x00000000000043c2                __fp_szero
 .text.avr-libc.fplib
                0x00000000000043ce        0x4 /usr/lib/gcc/avr/5.4.0/../../../avr/lib/avr51/libm.a(mulsf3.o)
                0x00000000000043ce                __mulsf3
 .text.avr-libc.fplib
                0x00000000000043d2       0xc2 /usr/lib/gcc/avr/5.4.0/../../../avr/lib/avr51/libm.a(mulsf3x.o)
                0x00000000000043e6                __mulsf3x
                0x00000000000043ea                __mulsf3_pse
 .text.avr-libc
                0x0000000000004494      0x242 /usr/lib/gcc/avr/5.4.0/../../../avr/lib/avr51/libc.a(malloc.o)
                0x0000000000004494                malloc
                0x00000000000045c4                free
 .text.avr-libc
                0x00000000000046d6      0x1b0 /usr/lib/gcc/avr/5.4.0/../../../avr/lib/avr51/libc.a(ftoa_engine.o)
                0x00000000000046d6                __ftoa_engine
 .text.avr-libc
                0x0000000000004886       0x16 /usr/lib/gcc/avr/5.4.0/../../../avr/lib/avr51/libc.a(strnlen_P.o)
                0x0000000000004886                strnlen_P
 .text.avr-libc
                0x000000000000489c       0x16 /usr/lib/gcc/avr/5.4.0/../../../avr/lib/avr51/libc.a(strnlen.o)
                0x000000000000489c                strnlen
 .text.avr-libc
                0x00000000000048b2       0x78 /usr/lib/gcc/avr/5.4.0/../../../avr/lib/avr51/libc.a(fputc.o)
                0x00000000000048b2                fputc
 .text.avr-libc
                0x000000000000492a       0xbc /usr/lib/gcc/avr/5.4.0/../../../avr/lib/avr51/libc.a(ultoa_invert.o)
                0x000000000000492a                __ultoa_invert
                0x00000000000049e6                . = ALIGN (0x2)
 *(.fini9)
 .fini9         0x00000000000049e6        0x0 /usr/lib/gcc/avr/5.4.0/avr51/libgcc.a(_exit.o)
                0x00000000000049e6                exit
                0x00000000000049e6                _exit
 *(.fini9)
 *(.fini8)
 .fini8         0x00000000000049e6        0x4 /usr/lib/gcc/avr/5.4.0/../../../avr/lib/avr51/libc.a(atexit.o)
 *(.fini8)
 *(.fini7)
 *(.fini7)
 *(.fini6)
 *(.fini6)
 *(.fini5)
 *(.fini5)
 *(.fini4)
 *(.fini4)
 *(.fini3)
 *(.fini3)
 *(.fini2)
 *(.fini2)
 *(.fini1)
 *(.fini1)
 *(.fini0)
 .fini0         0x00000000000049ea        0x4 /usr/lib/gcc/avr/5.4.0/avr51/libgcc.a(_exit.o)
 *(.fini0)
                0x00000000000049ee                _etext = .

.data           0x0000000000800100       0xa4 load address 0x00000000000049ee
                0x0000000000800100                PROVIDE (__data_start, .)
 *(.data)
 .data          0x0000000000800100        0x6 /usr/lib/gcc/avr/5.4.0/../../../avr/lib/avr51/libc.a(malloc.o)
                0x0000000000800100                __malloc_heap_end
                0x0000000000800102                __malloc_heap_start
                0x0000000000800104                __malloc_margin
 *(.data*)
 *(.rodata)
 *(.rodata*)
 .rodata._ZTV12Command_Test
                0x0000000000800106        0xa ./Commands/Command_Test.o
                0x0000000000800106                _ZTV12Command_Test
 .rodata._ZTV7Command
                0x0000000000800110        0xa ./Commands/Command_Test.o
                0x0000000000800110                _ZTV7Command
 .rodata._ZTV27ADCManagerCallbackInterface
                0x000000000080011a        0xa ./ADCManager.o
                0x000000000080011a                _ZTV27ADCManagerCallbackInterface
 .rodata._ZTV14CANSensorTimer
                0x0000000000800124        0xc ./CANSensorTimer.o
                0x0000000000800124                _ZTV14CANSensorTimer
 .rodata._ZTV11CANListener
                0x0000000000800130        0xc ./CANSensorTimer.o
                0x0000000000800130                _ZTV11CANListener
 .rodata._ZTV6Sensor
                0x000000000080013c        0xa ./Sensor.o
                0x000000000080013c                _ZTV6Sensor
 .rodata._ZN9CANCONFIGL11CANChannelsE
                0x0000000000800146       0x4a ./SensorManager.o
 .rodata._ZTV14HardwareSerial
                0x0000000000800190       0x14 /root/share/Code/AVRLibrary/Debug/libAVRLibrary.a(HardwareSerial.o)
                0x0000000000800190                _ZTV14HardwareSerial
 *(.gnu.linkonce.d*)
                0x00000000008001a4                . = ALIGN (0x2)
                0x00000000008001a4                _edata = .
                0x00000000008001a4                PROVIDE (__data_end, .)

.bss            0x00000000008001a4      0x285
                0x00000000008001a4                PROVIDE (__bss_start, .)
 *(.bss)
 .bss           0x00000000008001a4        0x2 /usr/lib/gcc/avr/5.4.0/../../../avr/lib/avr51/libc.a(atexit.o)
 *(.bss*)
 .bss._ZGVZN14CommandManager11StaticClassEvE1C
                0x00000000008001a6        0x8 ./Commands/CommandManager.o
 .bss._ZZN14CommandManager11StaticClassEvE1C
                0x00000000008001ae       0x10 ./Commands/CommandManager.o
 .bss._ZN10ADCManager19currentReadCallbackE
                0x00000000008001be        0x2 ./ADCManager.o
                0x00000000008001be                _ZN10ADCManager19currentReadCallbackE
 .bss._ZN10ADCManager7channelE
                0x00000000008001c0        0x1 ./ADCManager.o
                0x00000000008001c0                _ZN10ADCManager7channelE
 .bss._ZZN6CANRaw11StaticClassEvE3CAN
                0x00000000008001c1       0xf0 ./CANLib.o
                0x00000000008001c1                _ZZN6CANRaw11StaticClassEvE3CAN
 .bss._ZGVZN6CANRaw11StaticClassEvE3CAN
                0x00000000008002b1        0x8 ./CANLib.o
                0x00000000008002b1                _ZGVZN6CANRaw11StaticClassEvE3CAN
 .bss._ZZN14CANSensorTimer6UpdateEvE12isFirstError
                0x00000000008002b9        0x1 ./CANSensorTimer.o
 .bss._ZGVZN13SensorManager11GetInstanceEvE1S
                0x00000000008002ba        0x8 ./SensorManager.o
 .bss._ZZN13SensorManager11GetInstanceEvE1S
                0x00000000008002c2       0x14 ./SensorManager.o
 .bss.sendCAN   0x00000000008002d6        0x1 ./main.o
                0x00000000008002d6                sendCAN
 .bss.totalUs   0x00000000008002d7        0x4 ./main.o
                0x00000000008002d7                totalUs
 .bss.iterations
                0x00000000008002db        0x2 ./main.o
                0x00000000008002db                iterations
 .bss.timer2Count
                0x00000000008002dd        0x4 ./main.o
                0x00000000008002dd                timer2Count
 .bss.Serial1   0x00000000008002e1       0x1d /root/share/Code/AVRLibrary/Debug/libAVRLibrary.a(HardwareSerial.o)
                0x00000000008002e1                Serial1
 .bss.Serial    0x00000000008002fe       0x1d /root/share/Code/AVRLibrary/Debug/libAVRLibrary.a(HardwareSerial.o)
                0x00000000008002fe                Serial
 .bss.rx_buffer1
                0x000000000080031b       0x84 /root/share/Code/AVRLibrary/Debug/libAVRLibrary.a(HardwareSerial.o)
                0x000000000080031b                rx_buffer1
 .bss.rx_buffer
                0x000000000080039f       0x84 /root/share/Code/AVRLibrary/Debug/libAVRLibrary.a(HardwareSerial.o)
                0x000000000080039f                rx_buffer
 .bss.CAN       0x0000000000800423        0x2 /root/share/Code/AVRLibrary/Debug/libAVRLibrary.a(can_lib.o)
                0x0000000000800423                CAN
 *(COMMON)
 COMMON         0x0000000000800425        0x4 /usr/lib/gcc/avr/5.4.0/../../../avr/lib/avr51/libc.a(malloc.o)
                0x0000000000800425                __brkval
                0x0000000000800427                __flp
                0x0000000000800429                PROVIDE (__bss_end, .)
                0x00000000000049ee                __data_load_start = LOADADDR (.data)
                0x0000000000004a92                __data_load_end = (__data_load_start + SIZEOF (.data))

.noinit         0x0000000000800429        0x0
                [!provide]                        PROVIDE (__noinit_start, .)
 *(.noinit*)
                [!provide]                        PROVIDE (__noinit_end, .)
                0x0000000000800429                _end = .
                0x0000000000800429                PROVIDE (__heap_start, .)

.eeprom         0x0000000000810000        0x0
 *(.eeprom*)
                0x0000000000810000                __eeprom_end = .

.fuse
 *(.fuse)
 *(.lfuse)
 *(.hfuse)
 *(.efuse)

.lock
 *(.lock*)

.signature
 *(.signature*)

.user_signatures
 *(.user_signatures*)

.stab           0x0000000000000000     0x86ac
 *(.stab)
 .stab          0x0000000000000000      0xbe8 ./Commands/CommandManager.o
                                        0xf9c (size before relaxing)
 .stab          0x0000000000000be8      0x954 ./Commands/Command_Test.o
                                        0x960 (size before relaxing)
 .stab          0x000000000000153c      0x7ec ./ADCManager.o
                                        0x828 (size before relaxing)
 .stab          0x0000000000001d28      0xf54 ./CANLib.o
                                       0x1254 (size before relaxing)
 .stab          0x0000000000002c7c      0xd50 ./CANSensorTimer.o
                                        0xfb4 (size before relaxing)
 .stab          0x00000000000039cc      0x978 ./Sensor.o
                                        0x9e4 (size before relaxing)
 .stab          0x0000000000004344      0x9e4 ./SensorManager.o
                                        0xa38 (size before relaxing)
 .stab          0x0000000000004d28      0xd50 ./main.o
                                        0xda4 (size before relaxing)
 .stab          0x0000000000005a78      0xc90 /root/share/Code/AVRLibrary/Debug/libAVRLibrary.a(HardwareSerial.o)
                                        0xea0 (size before relaxing)
 .stab          0x0000000000006708      0xa5c /root/share/Code/AVRLibrary/Debug/libAVRLibrary.a(Print.o)
                                       0x4bc0 (size before relaxing)
 .stab          0x0000000000007164     0x10e0 /root/share/Code/AVRLibrary/Debug/libAVRLibrary.a(can_lib.o)
                                       0x2040 (size before relaxing)
 .stab          0x0000000000008244      0x468 /root/share/Code/AVRLibrary/Debug/libAVRLibrary.a(new.o)
                                        0x48c (size before relaxing)

.stabstr        0x0000000000000000     0x92d3
 *(.stabstr)
 .stabstr       0x0000000000000000     0x92d3 ./Commands/Command.o

.stab.excl
 *(.stab.excl)

.stab.exclstr
 *(.stab.exclstr)

.stab.index
 *(.stab.index)

.stab.indexstr
 *(.stab.indexstr)

.comment        0x0000000000000000       0x11
 *(.comment)
 .comment       0x0000000000000000       0x11 /usr/lib/gcc/avr/5.4.0/../../../avr/lib/avr51/libprintf_flt.a(vfprintf_flt.o)
                                         0x12 (size before relaxing)
 .comment       0x0000000000000011       0x12 ./Commands/CommandManager.o
 .comment       0x0000000000000011       0x12 ./Commands/Command_Test.o
 .comment       0x0000000000000011       0x12 ./ADCManager.o
 .comment       0x0000000000000011       0x12 ./CANLib.o
 .comment       0x0000000000000011       0x12 ./CANSensorTimer.o
 .comment       0x0000000000000011       0x12 ./Sensor.o
 .comment       0x0000000000000011       0x12 ./SensorManager.o
 .comment       0x0000000000000011       0x12 ./main.o
 .comment       0x0000000000000011       0x12 /root/share/Code/AVRLibrary/Debug/libAVRLibrary.a(HardwareSerial.o)
 .comment       0x0000000000000011       0x12 /root/share/Code/AVRLibrary/Debug/libAVRLibrary.a(Print.o)
 .comment       0x0000000000000011       0x12 /root/share/Code/AVRLibrary/Debug/libAVRLibrary.a(can_lib.o)
 .comment       0x0000000000000011       0x12 /root/share/Code/AVRLibrary/Debug/libAVRLibrary.a(new.o)
 .comment       0x0000000000000011       0x12 /usr/lib/gcc/avr/5.4.0/../../../avr/lib/avr51/libc.a(atexit.o)
 .comment       0x0000000000000011       0x12 /usr/lib/gcc/avr/5.4.0/../../../avr/lib/avr51/libc.a(malloc.o)
 .comment       0x0000000000000011       0x12 /usr/lib/gcc/avr/5.4.0/../../../avr/lib/avr51/libc.a(fputc.o)

.note.gnu.avr.deviceinfo
                0x0000000000000000       0x40
 .note.gnu.avr.deviceinfo
                0x0000000000000000       0x40 /usr/lib/gcc/avr/5.4.0/../../../avr/lib/avr51/crtat90can128.o

.note.gnu.build-id
 *(.note.gnu.build-id)

.debug
 *(.debug)

.line
 *(.line)

.debug_srcinfo
 *(.debug_srcinfo)

.debug_sfnames
 *(.debug_sfnames)

.debug_aranges
 *(.debug_aranges)

.debug_pubnames
 *(.debug_pubnames)

.debug_info     0x0000000000000000      0xa2d
 *(.debug_info .gnu.linkonce.wi.*)
 .debug_info    0x0000000000000000      0xa2d /usr/lib/gcc/avr/5.4.0/../../../avr/lib/avr51/crtat90can128.o

.debug_abbrev   0x0000000000000000      0x9a0
 *(.debug_abbrev)
 .debug_abbrev  0x0000000000000000      0x9a0 /usr/lib/gcc/avr/5.4.0/../../../avr/lib/avr51/crtat90can128.o

.debug_line     0x0000000000000000       0x1a
 *(.debug_line .debug_line.* .debug_line_end)
 .debug_line    0x0000000000000000       0x1a /usr/lib/gcc/avr/5.4.0/../../../avr/lib/avr51/crtat90can128.o

.debug_frame
 *(.debug_frame)

.debug_str      0x0000000000000000      0x39f
 *(.debug_str)
 .debug_str     0x0000000000000000      0x39f /usr/lib/gcc/avr/5.4.0/../../../avr/lib/avr51/crtat90can128.o

.debug_loc
 *(.debug_loc)

.debug_macinfo
 *(.debug_macinfo)

.debug_weaknames
 *(.debug_weaknames)

.debug_funcnames
 *(.debug_funcnames)

.debug_typenames
 *(.debug_typenames)

.debug_varnames
 *(.debug_varnames)

.debug_pubtypes
 *(.debug_pubtypes)

.debug_ranges
 *(.debug_ranges)

.debug_macro
 *(.debug_macro)
OUTPUT(AnalogCANBoards.elf elf32-avr)
LOAD linker stubs

Cross Reference Table

Symbol                                            File
CAN                                               /root/share/Code/AVRLibrary/Debug/libAVRLibrary.a(can_lib.o)
                                                  ./main.o
Serial                                            /root/share/Code/AVRLibrary/Debug/libAVRLibrary.a(HardwareSerial.o)
                                                  ./Commands/Command_Test.o
                                                  ./Commands/CommandManager.o
Serial1                                           /root/share/Code/AVRLibrary/Debug/libAVRLibrary.a(HardwareSerial.o)
_Z11timer1_initv                                  ./main.o
_Z11timer2_initv                                  ./main.o
_Z9getMicrosv                                     ./main.o
_ZGVZN6CANRaw11StaticClassEvE3CAN                 ./CANLib.o
                                                  ./CANSensorTimer.o
_ZN10ADCManager12ADCAvailableEv                   ./ADCManager.o
_ZN10ADCManager15INT_ADCFinishedEv                ./ADCManager.o
                                                  ./main.o
_ZN10ADCManager19currentReadCallbackE             ./ADCManager.o
_ZN10ADCManager4InitEv                            ./ADCManager.o
                                                  ./main.o
_ZN10ADCManager7channelE                          ./ADCManager.o
_ZN10ADCManager9StartReadEP27ADCManagerCallbackInterfaceh ./ADCManager.o
                                                  ./Sensor.o
_ZN11CANListener17INT_Call_GotFrameEh             ./CANSensorTimer.o
_ZN11CANListener18INT_Call_SentFrameERKN6CANRaw16CAN_FRAME_HEADERE ./CANSensorTimer.o
_ZN11CANListenerC1Ev                              ./CANSensorTimer.o
_ZN11CANListenerC2Ev                              ./CANSensorTimer.o
_ZN11CANListenerD0Ev                              ./CANSensorTimer.o
_ZN11CANListenerD1Ev                              ./CANSensorTimer.o
_ZN11CANListenerD2Ev                              ./CANSensorTimer.o
_ZN12Command_Test12checkFreeRamEv                 ./Commands/Command_Test.o
_ZN12Command_Test7executeERj                      ./Commands/Command_Test.o
_ZN12Command_TestC1Ev                             ./Commands/Command_Test.o
                                                  ./Commands/CommandManager.o
_ZN12Command_TestC2Ev                             ./Commands/Command_Test.o
_ZN12Command_TestD0Ev                             ./Commands/Command_Test.o
_ZN12Command_TestD1Ev                             ./Commands/Command_Test.o
_ZN12Command_TestD2Ev                             ./Commands/Command_Test.o
_ZN12SENSORCONFIG12conversion00ERKf               ./Commands/CommandManager.o
                                                  ./main.o
                                                  ./SensorManager.o
_ZN13SensorManager11GetInstanceEv                 ./SensorManager.o
                                                  ./main.o
_ZN13SensorManager16INT_UpdateTimingEv            ./SensorManager.o
                                                  ./main.o
_ZN13SensorManager6UpdateEv                       ./SensorManager.o
                                                  ./main.o
_ZN13SensorManagerC1Ev                            ./SensorManager.o
_ZN13SensorManagerC2Ev                            ./SensorManager.o
_ZN14CANSensorTimer13INT_Call_TickEv              ./CANSensorTimer.o
                                                  ./SensorManager.o
_ZN14CANSensorTimer13timeUntilSendEv              ./CANSensorTimer.o
_ZN14CANSensorTimer14registerSensorEP6SensorNS_14CANDATAChannelE ./CANSensorTimer.o
                                                  ./SensorManager.o
_ZN14CANSensorTimer18INT_Call_SentFrameERKN6CANRaw16CAN_FRAME_HEADERE ./CANSensorTimer.o
_ZN14CANSensorTimer19getNumActiveSensorsEv        ./CANSensorTimer.o
_ZN14CANSensorTimer6UpdateEv                      ./CANSensorTimer.o
                                                  ./SensorManager.o
_ZN14CANSensorTimerC1EjPKmh                       ./CANSensorTimer.o
                                                  ./SensorManager.o
_ZN14CANSensorTimerC2EjPKmh                       ./CANSensorTimer.o
_ZN14CANSensorTimerD0Ev                           ./CANSensorTimer.o
_ZN14CANSensorTimerD1Ev                           ./CANSensorTimer.o
_ZN14CANSensorTimerD2Ev                           ./CANSensorTimer.o
_ZN14CommandManager10LogMessageENS_7MessageE      ./Commands/CommandManager.o
_ZN14CommandManager10LogMessageEPKc               ./Commands/CommandManager.o
_ZN14CommandManager11StaticClassEv                ./Commands/CommandManager.o
                                                  ./main.o
_ZN14CommandManager12MessageToStrENS_7MessageEPc  ./Commands/CommandManager.o
_ZN14CommandManager14CheckForCANCMDEv             ./Commands/CommandManager.o
_ZN14CommandManager14ExecuteCommandEhRKj          ./Commands/CommandManager.o
_ZN14CommandManager16INT_UpdateTimingEv           ./main.o
_ZN14CommandManager6UpdateEv                      ./Commands/CommandManager.o
                                                  ./main.o
_ZN14CommandManagerC1Ev                           ./Commands/CommandManager.o
_ZN14CommandManagerC2Ev                           ./Commands/CommandManager.o
_ZN14CommandManagerD1Ev                           ./Commands/CommandManager.o
_ZN14CommandManagerD2Ev                           ./Commands/CommandManager.o
_ZN14HardwareSerial4peekEv                        /root/share/Code/AVRLibrary/Debug/libAVRLibrary.a(HardwareSerial.o)
_ZN14HardwareSerial4readEv                        /root/share/Code/AVRLibrary/Debug/libAVRLibrary.a(HardwareSerial.o)
_ZN14HardwareSerial5beginEl                       /root/share/Code/AVRLibrary/Debug/libAVRLibrary.a(HardwareSerial.o)
                                                  ./Commands/CommandManager.o
_ZN14HardwareSerial5flushEv                       /root/share/Code/AVRLibrary/Debug/libAVRLibrary.a(HardwareSerial.o)
_ZN14HardwareSerial5writeEh                       /root/share/Code/AVRLibrary/Debug/libAVRLibrary.a(HardwareSerial.o)
_ZN14HardwareSerial9availableEv                   /root/share/Code/AVRLibrary/Debug/libAVRLibrary.a(HardwareSerial.o)
_ZN14HardwareSerialC1EP11ring_bufferPVhS3_S3_S3_S3_hhhhh /root/share/Code/AVRLibrary/Debug/libAVRLibrary.a(HardwareSerial.o)
_ZN14HardwareSerialC2EP11ring_bufferPVhS3_S3_S3_S3_hhhhh /root/share/Code/AVRLibrary/Debug/libAVRLibrary.a(HardwareSerial.o)
_ZN14HardwareSerialD0Ev                           /root/share/Code/AVRLibrary/Debug/libAVRLibrary.a(HardwareSerial.o)
_ZN14HardwareSerialD1Ev                           /root/share/Code/AVRLibrary/Debug/libAVRLibrary.a(HardwareSerial.o)
_ZN14HardwareSerialD2Ev                           /root/share/Code/AVRLibrary/Debug/libAVRLibrary.a(HardwareSerial.o)
_ZN27ADCManagerCallbackInterfaceC1Ev              ./Sensor.o
_ZN27ADCManagerCallbackInterfaceC2Ev              ./Sensor.o
_ZN27ADCManagerCallbackInterfaceD0Ev              ./ADCManager.o
_ZN27ADCManagerCallbackInterfaceD1Ev              ./ADCManager.o
_ZN27ADCManagerCallbackInterfaceD2Ev              ./ADCManager.o
                                                  ./Sensor.o
_ZN5Print10printFloatEdh                          /root/share/Code/AVRLibrary/Debug/libAVRLibrary.a(Print.o)
_ZN5Print11printNumberEmh                         /root/share/Code/AVRLibrary/Debug/libAVRLibrary.a(Print.o)
_ZN5Print5printEPK19__FlashStringHelper           /root/share/Code/AVRLibrary/Debug/libAVRLibrary.a(Print.o)
_ZN5Print5printEPKc                               /root/share/Code/AVRLibrary/Debug/libAVRLibrary.a(Print.o)
_ZN5Print5printERK6String                         /root/share/Code/AVRLibrary/Debug/libAVRLibrary.a(Print.o)
_ZN5Print5printERK9Printable                      /root/share/Code/AVRLibrary/Debug/libAVRLibrary.a(Print.o)
_ZN5Print5printEc                                 /root/share/Code/AVRLibrary/Debug/libAVRLibrary.a(Print.o)
_ZN5Print5printEdi                                /root/share/Code/AVRLibrary/Debug/libAVRLibrary.a(Print.o)
_ZN5Print5printEhi                                /root/share/Code/AVRLibrary/Debug/libAVRLibrary.a(Print.o)
_ZN5Print5printEii                                /root/share/Code/AVRLibrary/Debug/libAVRLibrary.a(Print.o)
_ZN5Print5printEji                                /root/share/Code/AVRLibrary/Debug/libAVRLibrary.a(Print.o)
_ZN5Print5printEli                                /root/share/Code/AVRLibrary/Debug/libAVRLibrary.a(Print.o)
_ZN5Print5printEmi                                /root/share/Code/AVRLibrary/Debug/libAVRLibrary.a(Print.o)
_ZN5Print5writeEPKhj                              /root/share/Code/AVRLibrary/Debug/libAVRLibrary.a(Print.o)
                                                  /root/share/Code/AVRLibrary/Debug/libAVRLibrary.a(HardwareSerial.o)
_ZN5Print6printfEPKcz                             /root/share/Code/AVRLibrary/Debug/libAVRLibrary.a(Print.o)
_ZN5Print7printlnEPK19__FlashStringHelper         /root/share/Code/AVRLibrary/Debug/libAVRLibrary.a(Print.o)
_ZN5Print7printlnEPKc                             /root/share/Code/AVRLibrary/Debug/libAVRLibrary.a(Print.o)
                                                  ./Commands/CommandManager.o
_ZN5Print7printlnERK6String                       /root/share/Code/AVRLibrary/Debug/libAVRLibrary.a(Print.o)
_ZN5Print7printlnERK9Printable                    /root/share/Code/AVRLibrary/Debug/libAVRLibrary.a(Print.o)
_ZN5Print7printlnEc                               /root/share/Code/AVRLibrary/Debug/libAVRLibrary.a(Print.o)
_ZN5Print7printlnEdi                              /root/share/Code/AVRLibrary/Debug/libAVRLibrary.a(Print.o)
_ZN5Print7printlnEhi                              /root/share/Code/AVRLibrary/Debug/libAVRLibrary.a(Print.o)
_ZN5Print7printlnEii                              /root/share/Code/AVRLibrary/Debug/libAVRLibrary.a(Print.o)
_ZN5Print7printlnEji                              /root/share/Code/AVRLibrary/Debug/libAVRLibrary.a(Print.o)
                                                  ./Commands/Command_Test.o
_ZN5Print7printlnEli                              /root/share/Code/AVRLibrary/Debug/libAVRLibrary.a(Print.o)
_ZN5Print7printlnEmi                              /root/share/Code/AVRLibrary/Debug/libAVRLibrary.a(Print.o)
_ZN5Print7printlnEv                               /root/share/Code/AVRLibrary/Debug/libAVRLibrary.a(Print.o)
_ZN6CANRaw11StaticClassEv                         ./CANLib.o
                                                  ./CANSensorTimer.o
_ZN6CANRaw12BindListenerEP11CANListenerNS_7CAN_MOBEb ./CANLib.o
                                                  ./CANSensorTimer.o
_ZN6CANRaw13ForceResetMobENS_7CAN_MOBE            ./CANLib.o
                                                  ./CANSensorTimer.o
_ZN6CANRaw14ReconfigureMobENS_7CAN_MOBE           ./CANLib.o
_ZN6CANRaw17GetNextFreeHandleEv                   ./CANSensorTimer.o
_ZN6CANRaw4InitENS_12CAN_BAUDRATEE                ./CANLib.o
_ZN6CANRaw6TxDataERKNS_8CAN_DATAENS_7CAN_MOBE     ./CANLib.o
                                                  ./CANSensorTimer.o
_ZN6CANRaw8ConfigRxERKNS_16CAN_FRAME_HEADERERKNS_14CAN_FRAME_MASKENS_7CAN_MOBE ./CANLib.o
_ZN6CANRaw8ConfigTxERKNS_16CAN_FRAME_HEADERENS_7CAN_MOBE ./CANLib.o
                                                  ./CANSensorTimer.o
_ZN6CANRaw9INT_CANITEv                            ./CANLib.o
_ZN6CANRawC1Ev                                    ./CANLib.o
                                                  ./CANSensorTimer.o
_ZN6CANRawC2Ev                                    ./CANLib.o
                                                  ./CANSensorTimer.o
_ZN6Sensor10EvalMinMaxERKiS1_                     ./Sensor.o
_ZN6Sensor10getVoltageERf                         ./Sensor.o
_ZN6Sensor14requestADCReadEv                      ./Sensor.o
                                                  ./CANSensorTimer.o
_ZN6Sensor21INT_Call_ADC_FinishedERKjh            ./Sensor.o
_ZN6Sensor8getValueEv                             ./Sensor.o
                                                  ./CANSensorTimer.o
_ZN6SensorC1ERKNS_15SENSOR_SETTINGSE              ./Sensor.o
                                                  ./SensorManager.o
_ZN6SensorC1Ev                                    ./Sensor.o
_ZN6SensorC2ERKNS_15SENSOR_SETTINGSE              ./Sensor.o
_ZN6SensorC2Ev                                    ./Sensor.o
_ZN6SensorD0Ev                                    ./Sensor.o
_ZN6SensorD1Ev                                    ./Sensor.o
_ZN6SensorD2Ev                                    ./Sensor.o
_ZN6String10invalidateEv                          /root/share/Code/AVRLibrary/Debug/libAVRLibrary.a(WString.o)
_ZN6String11toLowerCaseEv                         /root/share/Code/AVRLibrary/Debug/libAVRLibrary.a(WString.o)
_ZN6String11toUpperCaseEv                         /root/share/Code/AVRLibrary/Debug/libAVRLibrary.a(WString.o)
_ZN6String12changeBufferEj                        /root/share/Code/AVRLibrary/Debug/libAVRLibrary.a(WString.o)
_ZN6String4copyEPKcj                              /root/share/Code/AVRLibrary/Debug/libAVRLibrary.a(WString.o)
_ZN6String4moveERS_                               /root/share/Code/AVRLibrary/Debug/libAVRLibrary.a(WString.o)
_ZN6String4trimEv                                 /root/share/Code/AVRLibrary/Debug/libAVRLibrary.a(WString.o)
_ZN6String6concatEPKc                             /root/share/Code/AVRLibrary/Debug/libAVRLibrary.a(WString.o)
_ZN6String6concatEPKcj                            /root/share/Code/AVRLibrary/Debug/libAVRLibrary.a(WString.o)
_ZN6String6concatERKS_                            /root/share/Code/AVRLibrary/Debug/libAVRLibrary.a(WString.o)
_ZN6String6concatEc                               /root/share/Code/AVRLibrary/Debug/libAVRLibrary.a(WString.o)
_ZN6String6concatEh                               /root/share/Code/AVRLibrary/Debug/libAVRLibrary.a(WString.o)
_ZN6String6concatEi                               /root/share/Code/AVRLibrary/Debug/libAVRLibrary.a(WString.o)
_ZN6String6concatEj                               /root/share/Code/AVRLibrary/Debug/libAVRLibrary.a(WString.o)
_ZN6String6concatEl                               /root/share/Code/AVRLibrary/Debug/libAVRLibrary.a(WString.o)
_ZN6String6concatEm                               /root/share/Code/AVRLibrary/Debug/libAVRLibrary.a(WString.o)
_ZN6String7replaceERKS_S1_                        /root/share/Code/AVRLibrary/Debug/libAVRLibrary.a(WString.o)
_ZN6String7replaceEcc                             /root/share/Code/AVRLibrary/Debug/libAVRLibrary.a(WString.o)
_ZN6String7reserveEj                              /root/share/Code/AVRLibrary/Debug/libAVRLibrary.a(WString.o)
_ZN6String9setCharAtEjc                           /root/share/Code/AVRLibrary/Debug/libAVRLibrary.a(WString.o)
_ZN6StringC1EO15StringSumHelper                   /root/share/Code/AVRLibrary/Debug/libAVRLibrary.a(WString.o)
_ZN6StringC1EOS_                                  /root/share/Code/AVRLibrary/Debug/libAVRLibrary.a(WString.o)
_ZN6StringC1EPKc                                  /root/share/Code/AVRLibrary/Debug/libAVRLibrary.a(WString.o)
_ZN6StringC1ERKS_                                 /root/share/Code/AVRLibrary/Debug/libAVRLibrary.a(WString.o)
_ZN6StringC1Ec                                    /root/share/Code/AVRLibrary/Debug/libAVRLibrary.a(WString.o)
_ZN6StringC1Ehh                                   /root/share/Code/AVRLibrary/Debug/libAVRLibrary.a(WString.o)
_ZN6StringC1Eih                                   /root/share/Code/AVRLibrary/Debug/libAVRLibrary.a(WString.o)
_ZN6StringC1Ejh                                   /root/share/Code/AVRLibrary/Debug/libAVRLibrary.a(WString.o)
_ZN6StringC1Elh                                   /root/share/Code/AVRLibrary/Debug/libAVRLibrary.a(WString.o)
_ZN6StringC1Emh                                   /root/share/Code/AVRLibrary/Debug/libAVRLibrary.a(WString.o)
_ZN6StringC2EO15StringSumHelper                   /root/share/Code/AVRLibrary/Debug/libAVRLibrary.a(WString.o)
_ZN6StringC2EOS_                                  /root/share/Code/AVRLibrary/Debug/libAVRLibrary.a(WString.o)
_ZN6StringC2EPKc                                  /root/share/Code/AVRLibrary/Debug/libAVRLibrary.a(WString.o)
_ZN6StringC2ERKS_                                 /root/share/Code/AVRLibrary/Debug/libAVRLibrary.a(WString.o)
_ZN6StringC2Ec                                    /root/share/Code/AVRLibrary/Debug/libAVRLibrary.a(WString.o)
_ZN6StringC2Ehh                                   /root/share/Code/AVRLibrary/Debug/libAVRLibrary.a(WString.o)
_ZN6StringC2Eih                                   /root/share/Code/AVRLibrary/Debug/libAVRLibrary.a(WString.o)
_ZN6StringC2Ejh                                   /root/share/Code/AVRLibrary/Debug/libAVRLibrary.a(WString.o)
_ZN6StringC2Elh                                   /root/share/Code/AVRLibrary/Debug/libAVRLibrary.a(WString.o)
_ZN6StringC2Emh                                   /root/share/Code/AVRLibrary/Debug/libAVRLibrary.a(WString.o)
_ZN6StringD1Ev                                    /root/share/Code/AVRLibrary/Debug/libAVRLibrary.a(WString.o)
_ZN6StringD2Ev                                    /root/share/Code/AVRLibrary/Debug/libAVRLibrary.a(WString.o)
_ZN6StringaSEO15StringSumHelper                   /root/share/Code/AVRLibrary/Debug/libAVRLibrary.a(WString.o)
_ZN6StringaSEOS_                                  /root/share/Code/AVRLibrary/Debug/libAVRLibrary.a(WString.o)
_ZN6StringaSEPKc                                  /root/share/Code/AVRLibrary/Debug/libAVRLibrary.a(WString.o)
_ZN6StringaSERKS_                                 /root/share/Code/AVRLibrary/Debug/libAVRLibrary.a(WString.o)
_ZN6StringixEj                                    /root/share/Code/AVRLibrary/Debug/libAVRLibrary.a(WString.o)
_ZN6canlib10get_statusEP8st_cmd_t                 /root/share/Code/AVRLibrary/Debug/libAVRLibrary.a(can_lib.o)
                                                  ./main.o
_ZN6canlib11Can_conf_btEv                         /root/share/Code/AVRLibrary/Debug/libAVRLibrary.a(can_lib.o)
_ZN6canlib12can_get_dataEPh                       /root/share/Code/AVRLibrary/Debug/libAVRLibrary.a(can_lib.o)
_ZN6canlib12set_baudrateEt                        /root/share/Code/AVRLibrary/Debug/libAVRLibrary.a(can_lib.o)
_ZN6canlib16can_get_mob_freeEv                    /root/share/Code/AVRLibrary/Debug/libAVRLibrary.a(can_lib.o)
_ZN6canlib17can_auto_baudrateEh                   /root/share/Code/AVRLibrary/Debug/libAVRLibrary.a(can_lib.o)
_ZN6canlib17can_clear_all_mobEv                   /root/share/Code/AVRLibrary/Debug/libAVRLibrary.a(can_lib.o)
_ZN6canlib18can_fixed_baudrateEh                  /root/share/Code/AVRLibrary/Debug/libAVRLibrary.a(can_lib.o)
_ZN6canlib18can_get_mob_statusEv                  /root/share/Code/AVRLibrary/Debug/libAVRLibrary.a(can_lib.o)
_ZN6canlib3cmdEP8st_cmd_t                         /root/share/Code/AVRLibrary/Debug/libAVRLibrary.a(can_lib.o)
                                                  ./main.o
_ZN6canlib4initEh                                 /root/share/Code/AVRLibrary/Debug/libAVRLibrary.a(can_lib.o)
_ZN7Command5getIDEv                               ./Commands/CommandManager.o
_ZN7CommandC1Ev                                   ./Commands/Command_Test.o
_ZN7CommandC2Ev                                   ./Commands/Command_Test.o
_ZN7CommandD0Ev                                   ./Commands/Command_Test.o
_ZN7CommandD1Ev                                   ./Commands/Command_Test.o
_ZN7CommandD2Ev                                   ./Commands/Command_Test.o
_ZNK6String10startsWithERKS_                      /root/share/Code/AVRLibrary/Debug/libAVRLibrary.a(WString.o)
_ZNK6String10startsWithERKS_j                     /root/share/Code/AVRLibrary/Debug/libAVRLibrary.a(WString.o)
_ZNK6String11lastIndexOfERKS_                     /root/share/Code/AVRLibrary/Debug/libAVRLibrary.a(WString.o)
_ZNK6String11lastIndexOfERKS_j                    /root/share/Code/AVRLibrary/Debug/libAVRLibrary.a(WString.o)
_ZNK6String11lastIndexOfEc                        /root/share/Code/AVRLibrary/Debug/libAVRLibrary.a(WString.o)
_ZNK6String11lastIndexOfEcj                       /root/share/Code/AVRLibrary/Debug/libAVRLibrary.a(WString.o)
_ZNK6String16equalsIgnoreCaseERKS_                /root/share/Code/AVRLibrary/Debug/libAVRLibrary.a(WString.o)
_ZNK6String5toIntEv                               /root/share/Code/AVRLibrary/Debug/libAVRLibrary.a(WString.o)
_ZNK6String6charAtEj                              /root/share/Code/AVRLibrary/Debug/libAVRLibrary.a(WString.o)
_ZNK6String6equalsEPKc                            /root/share/Code/AVRLibrary/Debug/libAVRLibrary.a(WString.o)
_ZNK6String6equalsERKS_                           /root/share/Code/AVRLibrary/Debug/libAVRLibrary.a(WString.o)
_ZNK6String7indexOfERKS_                          /root/share/Code/AVRLibrary/Debug/libAVRLibrary.a(WString.o)
_ZNK6String7indexOfERKS_j                         /root/share/Code/AVRLibrary/Debug/libAVRLibrary.a(WString.o)
_ZNK6String7indexOfEc                             /root/share/Code/AVRLibrary/Debug/libAVRLibrary.a(WString.o)
_ZNK6String7indexOfEcj                            /root/share/Code/AVRLibrary/Debug/libAVRLibrary.a(WString.o)
_ZNK6String8endsWithERKS_                         /root/share/Code/AVRLibrary/Debug/libAVRLibrary.a(WString.o)
_ZNK6String8getBytesEPhjj                         /root/share/Code/AVRLibrary/Debug/libAVRLibrary.a(WString.o)
_ZNK6String9compareToERKS_                        /root/share/Code/AVRLibrary/Debug/libAVRLibrary.a(WString.o)
_ZNK6String9substringEj                           /root/share/Code/AVRLibrary/Debug/libAVRLibrary.a(WString.o)
_ZNK6String9substringEjj                          /root/share/Code/AVRLibrary/Debug/libAVRLibrary.a(WString.o)
_ZNK6StringgeERKS_                                /root/share/Code/AVRLibrary/Debug/libAVRLibrary.a(WString.o)
_ZNK6StringgtERKS_                                /root/share/Code/AVRLibrary/Debug/libAVRLibrary.a(WString.o)
_ZNK6StringixEj                                   /root/share/Code/AVRLibrary/Debug/libAVRLibrary.a(WString.o)
                                                  /root/share/Code/AVRLibrary/Debug/libAVRLibrary.a(Print.o)
_ZNK6StringleERKS_                                /root/share/Code/AVRLibrary/Debug/libAVRLibrary.a(WString.o)
_ZNK6StringltERKS_                                /root/share/Code/AVRLibrary/Debug/libAVRLibrary.a(WString.o)
_ZTV11CANListener                                 ./CANSensorTimer.o
_ZTV12Command_Test                                ./Commands/Command_Test.o
_ZTV14CANSensorTimer                              ./CANSensorTimer.o
_ZTV14HardwareSerial                              /root/share/Code/AVRLibrary/Debug/libAVRLibrary.a(HardwareSerial.o)
_ZTV27ADCManagerCallbackInterface                 ./ADCManager.o
                                                  ./Sensor.o
_ZTV5Print                                        /root/share/Code/AVRLibrary/Debug/libAVRLibrary.a(Print.o)
_ZTV6Sensor                                       ./Sensor.o
_ZTV7Command                                      ./Commands/Command_Test.o
_ZZN6CANRaw11StaticClassEvE3CAN                   ./CANLib.o
                                                  ./CANSensorTimer.o
_ZdlPv                                            /root/share/Code/AVRLibrary/Debug/libAVRLibrary.a(new.o)
                                                  /root/share/Code/AVRLibrary/Debug/libAVRLibrary.a(HardwareSerial.o)
                                                  ./Sensor.o
                                                  ./CANSensorTimer.o
                                                  ./ADCManager.o
                                                  ./Commands/Command_Test.o
_Znwj                                             /root/share/Code/AVRLibrary/Debug/libAVRLibrary.a(new.o)
                                                  ./SensorManager.o
                                                  ./Commands/CommandManager.o
_ZplRK15StringSumHelperPKc                        /root/share/Code/AVRLibrary/Debug/libAVRLibrary.a(WString.o)
_ZplRK15StringSumHelperRK6String                  /root/share/Code/AVRLibrary/Debug/libAVRLibrary.a(WString.o)
_ZplRK15StringSumHelperc                          /root/share/Code/AVRLibrary/Debug/libAVRLibrary.a(WString.o)
_ZplRK15StringSumHelperh                          /root/share/Code/AVRLibrary/Debug/libAVRLibrary.a(WString.o)
_ZplRK15StringSumHelperi                          /root/share/Code/AVRLibrary/Debug/libAVRLibrary.a(WString.o)
_ZplRK15StringSumHelperj                          /root/share/Code/AVRLibrary/Debug/libAVRLibrary.a(WString.o)
_ZplRK15StringSumHelperl                          /root/share/Code/AVRLibrary/Debug/libAVRLibrary.a(WString.o)
_ZplRK15StringSumHelperm                          /root/share/Code/AVRLibrary/Debug/libAVRLibrary.a(WString.o)
__FUSE_REGION_LENGTH__                            /usr/lib/gcc/avr/5.4.0/../../../avr/lib/avr51/crtat90can128.o
__addsf3                                          /usr/lib/gcc/avr/5.4.0/../../../avr/lib/avr51/libm.a(addsf3.o)
                                                  /root/share/Code/AVRLibrary/Debug/libAVRLibrary.a(Print.o)
                                                  ./main.o
                                                  ./Sensor.o
__addsf3x                                         /usr/lib/gcc/avr/5.4.0/../../../avr/lib/avr51/libm.a(addsf3x.o)
                                                  /usr/lib/gcc/avr/5.4.0/../../../avr/lib/avr51/libm.a(addsf3.o)
__bad_interrupt                                   /usr/lib/gcc/avr/5.4.0/../../../avr/lib/avr51/crtat90can128.o
__brkval                                          /usr/lib/gcc/avr/5.4.0/../../../avr/lib/avr51/libc.a(malloc.o)
                                                  /usr/lib/gcc/avr/5.4.0/../../../avr/lib/avr51/libc.a(realloc.o)
                                                  ./Commands/Command_Test.o
__bss_end                                         /usr/lib/gcc/avr/5.4.0/avr51/libgcc.a(_clear_bss.o)
__bss_start                                       /usr/lib/gcc/avr/5.4.0/avr51/libgcc.a(_clear_bss.o)
__cmpsf2                                          /usr/lib/gcc/avr/5.4.0/../../../avr/lib/avr51/libm.a(cmpsf2.o)
__ctors_end                                       /usr/lib/gcc/avr/5.4.0/avr51/libgcc.a(_ctors.o)
__ctors_start                                     /usr/lib/gcc/avr/5.4.0/avr51/libgcc.a(_ctors.o)
__ctype_isfalse                                   /usr/lib/gcc/avr/5.4.0/../../../avr/lib/avr51/libc.a(cty_isfalse.o)
                                                  /usr/lib/gcc/avr/5.4.0/../../../avr/lib/avr51/libc.a(isspace.o)
__ctype_istrue                                    /usr/lib/gcc/avr/5.4.0/../../../avr/lib/avr51/libc.a(cty_isfalse.o)
__cxa_guard_abort                                 /root/share/Code/AVRLibrary/Debug/libAVRLibrary.a(new.o)
__cxa_guard_acquire                               /root/share/Code/AVRLibrary/Debug/libAVRLibrary.a(new.o)
                                                  ./SensorManager.o
                                                  ./CANSensorTimer.o
                                                  ./CANLib.o
                                                  ./Commands/CommandManager.o
__cxa_guard_release                               /root/share/Code/AVRLibrary/Debug/libAVRLibrary.a(new.o)
                                                  ./SensorManager.o
                                                  ./CANSensorTimer.o
                                                  ./CANLib.o
                                                  ./Commands/CommandManager.o
__cxa_pure_virtual                                /root/share/Code/AVRLibrary/Debug/libAVRLibrary.a(new.o)
                                                  /root/share/Code/AVRLibrary/Debug/libAVRLibrary.a(Print.o)
                                                  ./ADCManager.o
                                                  ./Commands/Command_Test.o
__data_end                                        /usr/lib/gcc/avr/5.4.0/avr51/libgcc.a(_copy_data.o)
__data_load_start                                 /usr/lib/gcc/avr/5.4.0/avr51/libgcc.a(_copy_data.o)
__data_start                                      /usr/lib/gcc/avr/5.4.0/avr51/libgcc.a(_copy_data.o)
__divsf3                                          /usr/lib/gcc/avr/5.4.0/../../../avr/lib/avr51/libm.a(divsf3.o)
                                                  /root/share/Code/AVRLibrary/Debug/libAVRLibrary.a(Print.o)
                                                  ./main.o
__divsf3_pse                                      /usr/lib/gcc/avr/5.4.0/../../../avr/lib/avr51/libm.a(divsf3x.o)
__divsf3x                                         /usr/lib/gcc/avr/5.4.0/../../../avr/lib/avr51/libm.a(divsf3x.o)
                                                  /usr/lib/gcc/avr/5.4.0/../../../avr/lib/avr51/libm.a(divsf3.o)
__do_clear_bss                                    /usr/lib/gcc/avr/5.4.0/avr51/libgcc.a(_clear_bss.o)
                                                  /usr/lib/gcc/avr/5.4.0/../../../avr/lib/avr51/libc.a(malloc.o)
                                                  /usr/lib/gcc/avr/5.4.0/../../../avr/lib/avr51/libc.a(atexit.o)
                                                  /root/share/Code/AVRLibrary/Debug/libAVRLibrary.a(can_lib.o)
                                                  /root/share/Code/AVRLibrary/Debug/libAVRLibrary.a(WString.o)
                                                  /root/share/Code/AVRLibrary/Debug/libAVRLibrary.a(HardwareSerial.o)
                                                  ./main.o
                                                  ./SensorManager.o
                                                  ./CANSensorTimer.o
                                                  ./CANLib.o
                                                  ./ADCManager.o
                                                  ./Commands/CommandManager.o
__do_copy_data                                    /usr/lib/gcc/avr/5.4.0/avr51/libgcc.a(_copy_data.o)
                                                  /usr/lib/gcc/avr/5.4.0/../../../avr/lib/avr51/libc.a(malloc.o)
                                                  /root/share/Code/AVRLibrary/Debug/libAVRLibrary.a(Print.o)
                                                  /root/share/Code/AVRLibrary/Debug/libAVRLibrary.a(HardwareSerial.o)
                                                  ./main.o
                                                  ./SensorManager.o
                                                  ./Sensor.o
                                                  ./CANSensorTimer.o
                                                  ./ADCManager.o
                                                  ./Commands/Command_Test.o
                                                  ./Commands/CommandManager.o
__do_global_ctors                                 /usr/lib/gcc/avr/5.4.0/avr51/libgcc.a(_ctors.o)
                                                  /root/share/Code/AVRLibrary/Debug/libAVRLibrary.a(HardwareSerial.o)
__eqsf2                                           /usr/lib/gcc/avr/5.4.0/../../../avr/lib/avr51/libm.a(cmpsf2.o)
__fixsfsi                                         /usr/lib/gcc/avr/5.4.0/../../../avr/lib/avr51/libm.a(fixsfsi.o)
                                                  /root/share/Code/AVRLibrary/Debug/libAVRLibrary.a(Print.o)
                                                  ./main.o
                                                  ./SensorManager.o
                                                  ./Commands/CommandManager.o
__fixunssfsi                                      /usr/lib/gcc/avr/5.4.0/../../../avr/lib/avr51/libm.a(fixunssfsi.o)
                                                  /usr/lib/gcc/avr/5.4.0/../../../avr/lib/avr51/libm.a(fixsfsi.o)
                                                  /root/share/Code/AVRLibrary/Debug/libAVRLibrary.a(Print.o)
                                                  ./main.o
__floatsisf                                       /usr/lib/gcc/avr/5.4.0/../../../avr/lib/avr51/libm.a(floatsisf.o)
                                                  /root/share/Code/AVRLibrary/Debug/libAVRLibrary.a(Print.o)
                                                  ./main.o
__floatunsisf                                     /usr/lib/gcc/avr/5.4.0/../../../avr/lib/avr51/libm.a(floatsisf.o)
                                                  /root/share/Code/AVRLibrary/Debug/libAVRLibrary.a(Print.o)
                                                  ./main.o
                                                  ./Sensor.o
__flp                                             /usr/lib/gcc/avr/5.4.0/../../../avr/lib/avr51/libc.a(malloc.o)
                                                  /usr/lib/gcc/avr/5.4.0/../../../avr/lib/avr51/libc.a(realloc.o)
__fp_cmp                                          /usr/lib/gcc/avr/5.4.0/../../../avr/lib/avr51/libm.a(fp_cmp.o)
                                                  /usr/lib/gcc/avr/5.4.0/../../../avr/lib/avr51/libm.a(cmpsf2.o)
__fp_inf                                          /usr/lib/gcc/avr/5.4.0/../../../avr/lib/avr51/libm.a(fp_inf.o)
                                                  /usr/lib/gcc/avr/5.4.0/../../../avr/lib/avr51/libm.a(mulsf3x.o)
                                                  /usr/lib/gcc/avr/5.4.0/../../../avr/lib/avr51/libm.a(divsf3x.o)
                                                  /usr/lib/gcc/avr/5.4.0/../../../avr/lib/avr51/libm.a(addsf3x.o)
__fp_nan                                          /usr/lib/gcc/avr/5.4.0/../../../avr/lib/avr51/libm.a(fp_nan.o)
                                                  /usr/lib/gcc/avr/5.4.0/../../../avr/lib/avr51/libm.a(mulsf3x.o)
                                                  /usr/lib/gcc/avr/5.4.0/../../../avr/lib/avr51/libm.a(divsf3x.o)
                                                  /usr/lib/gcc/avr/5.4.0/../../../avr/lib/avr51/libm.a(addsf3x.o)
__fp_pscA                                         /usr/lib/gcc/avr/5.4.0/../../../avr/lib/avr51/libm.a(fp_pscA.o)
                                                  /usr/lib/gcc/avr/5.4.0/../../../avr/lib/avr51/libm.a(mulsf3x.o)
                                                  /usr/lib/gcc/avr/5.4.0/../../../avr/lib/avr51/libm.a(divsf3x.o)
                                                  /usr/lib/gcc/avr/5.4.0/../../../avr/lib/avr51/libm.a(addsf3x.o)
__fp_pscB                                         /usr/lib/gcc/avr/5.4.0/../../../avr/lib/avr51/libm.a(fp_pscB.o)
                                                  /usr/lib/gcc/avr/5.4.0/../../../avr/lib/avr51/libm.a(mulsf3x.o)
                                                  /usr/lib/gcc/avr/5.4.0/../../../avr/lib/avr51/libm.a(divsf3x.o)
                                                  /usr/lib/gcc/avr/5.4.0/../../../avr/lib/avr51/libm.a(addsf3x.o)
__fp_round                                        /usr/lib/gcc/avr/5.4.0/../../../avr/lib/avr51/libm.a(fp_round.o)
                                                  /usr/lib/gcc/avr/5.4.0/../../../avr/lib/avr51/libm.a(mulsf3.o)
                                                  /usr/lib/gcc/avr/5.4.0/../../../avr/lib/avr51/libm.a(divsf3.o)
                                                  /usr/lib/gcc/avr/5.4.0/../../../avr/lib/avr51/libm.a(addsf3.o)
__fp_split3                                       /usr/lib/gcc/avr/5.4.0/../../../avr/lib/avr51/libm.a(fp_split3.o)
                                                  /usr/lib/gcc/avr/5.4.0/../../../avr/lib/avr51/libm.a(mulsf3x.o)
                                                  /usr/lib/gcc/avr/5.4.0/../../../avr/lib/avr51/libm.a(divsf3x.o)
                                                  /usr/lib/gcc/avr/5.4.0/../../../avr/lib/avr51/libm.a(addsf3x.o)
__fp_splitA                                       /usr/lib/gcc/avr/5.4.0/../../../avr/lib/avr51/libm.a(fp_split3.o)
                                                  /usr/lib/gcc/avr/5.4.0/../../../avr/lib/avr51/libm.a(fixunssfsi.o)
__fp_szero                                        /usr/lib/gcc/avr/5.4.0/../../../avr/lib/avr51/libm.a(fp_zero.o)
                                                  /usr/lib/gcc/avr/5.4.0/../../../avr/lib/avr51/libm.a(mulsf3x.o)
                                                  /usr/lib/gcc/avr/5.4.0/../../../avr/lib/avr51/libm.a(fixsfsi.o)
                                                  /usr/lib/gcc/avr/5.4.0/../../../avr/lib/avr51/libm.a(divsf3x.o)
__fp_zero                                         /usr/lib/gcc/avr/5.4.0/../../../avr/lib/avr51/libm.a(fp_zero.o)
                                                  /usr/lib/gcc/avr/5.4.0/../../../avr/lib/avr51/libm.a(fixunssfsi.o)
                                                  /usr/lib/gcc/avr/5.4.0/../../../avr/lib/avr51/libm.a(addsf3x.o)
__ftoa_engine                                     /usr/lib/gcc/avr/5.4.0/../../../avr/lib/avr51/libc.a(ftoa_engine.o)
                                                  /usr/lib/gcc/avr/5.4.0/../../../avr/lib/avr51/libprintf_flt.a(vfprintf_flt.o)
__heap_end                                        /usr/lib/gcc/avr/5.4.0/../../../avr/lib/avr51/crtat90can128.o
                                                  /usr/lib/gcc/avr/5.4.0/../../../avr/lib/avr51/libc.a(malloc.o)
__heap_start                                      /usr/lib/gcc/avr/5.4.0/../../../avr/lib/avr51/libc.a(malloc.o)
                                                  ./Commands/Command_Test.o
__init                                            /usr/lib/gcc/avr/5.4.0/../../../avr/lib/avr51/crtat90can128.o
__itoa                                            /usr/lib/gcc/avr/5.4.0/../../../avr/lib/avr51/libc.a(itoa.o)
                                                  /root/share/Code/AVRLibrary/Debug/libAVRLibrary.a(WString.o)
__itoa_ncheck                                     /usr/lib/gcc/avr/5.4.0/../../../avr/lib/avr51/libc.a(itoa_ncheck.o)
                                                  /usr/lib/gcc/avr/5.4.0/../../../avr/lib/avr51/libc.a(itoa.o)
                                                  /root/share/Code/AVRLibrary/Debug/libAVRLibrary.a(WString.o)
__lesf2                                           /usr/lib/gcc/avr/5.4.0/../../../avr/lib/avr51/libm.a(cmpsf2.o)
__ltoa                                            /usr/lib/gcc/avr/5.4.0/../../../avr/lib/avr51/libc.a(ltoa.o)
                                                  /root/share/Code/AVRLibrary/Debug/libAVRLibrary.a(WString.o)
__ltoa_ncheck                                     /usr/lib/gcc/avr/5.4.0/../../../avr/lib/avr51/libc.a(ltoa_ncheck.o)
                                                  /usr/lib/gcc/avr/5.4.0/../../../avr/lib/avr51/libc.a(ltoa.o)
                                                  /root/share/Code/AVRLibrary/Debug/libAVRLibrary.a(WString.o)
__ltsf2                                           /usr/lib/gcc/avr/5.4.0/../../../avr/lib/avr51/libm.a(cmpsf2.o)
                                                  /root/share/Code/AVRLibrary/Debug/libAVRLibrary.a(Print.o)
                                                  ./Sensor.o
__malloc_heap_end                                 /usr/lib/gcc/avr/5.4.0/../../../avr/lib/avr51/libc.a(malloc.o)
                                                  /usr/lib/gcc/avr/5.4.0/../../../avr/lib/avr51/libc.a(realloc.o)
__malloc_heap_start                               /usr/lib/gcc/avr/5.4.0/../../../avr/lib/avr51/libc.a(malloc.o)
__malloc_margin                                   /usr/lib/gcc/avr/5.4.0/../../../avr/lib/avr51/libc.a(malloc.o)
                                                  /usr/lib/gcc/avr/5.4.0/../../../avr/lib/avr51/libc.a(realloc.o)
__mulsf3                                          /usr/lib/gcc/avr/5.4.0/../../../avr/lib/avr51/libm.a(mulsf3.o)
                                                  /root/share/Code/AVRLibrary/Debug/libAVRLibrary.a(Print.o)
                                                  ./main.o
                                                  ./SensorManager.o
                                                  ./Sensor.o
                                                  ./Commands/CommandManager.o
__mulsf3_pse                                      /usr/lib/gcc/avr/5.4.0/../../../avr/lib/avr51/libm.a(mulsf3x.o)
__mulsf3x                                         /usr/lib/gcc/avr/5.4.0/../../../avr/lib/avr51/libm.a(mulsf3x.o)
                                                  /usr/lib/gcc/avr/5.4.0/../../../avr/lib/avr51/libm.a(mulsf3.o)
__mulsi_const_10                                  /usr/lib/gcc/avr/5.4.0/../../../avr/lib/avr51/libc.a(mulsi10.o)
                                                  /usr/lib/gcc/avr/5.4.0/../../../avr/lib/avr51/libc.a(atol.o)
__muluhisi3                                       /usr/lib/gcc/avr/5.4.0/avr51/libgcc.a(_muluhisi3.o)
                                                  /root/share/Code/AVRLibrary/Debug/libAVRLibrary.a(HardwareSerial.o)
__nesf2                                           /usr/lib/gcc/avr/5.4.0/../../../avr/lib/avr51/libm.a(cmpsf2.o)
__stack                                           /usr/lib/gcc/avr/5.4.0/../../../avr/lib/avr51/crtat90can128.o
__subsf3                                          /usr/lib/gcc/avr/5.4.0/../../../avr/lib/avr51/libm.a(addsf3.o)
                                                  /root/share/Code/AVRLibrary/Debug/libAVRLibrary.a(Print.o)
                                                  ./main.o
                                                  ./Sensor.o
__tablejump2__                                    /usr/lib/gcc/avr/5.4.0/avr51/libgcc.a(_tablejump2.o)
                                                  /usr/lib/gcc/avr/5.4.0/avr51/libgcc.a(_ctors.o)
                                                  /root/share/Code/AVRLibrary/Debug/libAVRLibrary.a(can_lib.o)
__udivmodsi4                                      /usr/lib/gcc/avr/5.4.0/avr51/libgcc.a(_udivmodsi4.o)
                                                  /root/share/Code/AVRLibrary/Debug/libAVRLibrary.a(Print.o)
                                                  /root/share/Code/AVRLibrary/Debug/libAVRLibrary.a(HardwareSerial.o)
                                                  ./main.o
__ultoa                                           /usr/lib/gcc/avr/5.4.0/../../../avr/lib/avr51/libc.a(ultoa.o)
                                                  /root/share/Code/AVRLibrary/Debug/libAVRLibrary.a(WString.o)
__ultoa_common                                    /usr/lib/gcc/avr/5.4.0/../../../avr/lib/avr51/libc.a(ultoa_ncheck.o)
                                                  /usr/lib/gcc/avr/5.4.0/../../../avr/lib/avr51/libc.a(ltoa_ncheck.o)
__ultoa_invert                                    /usr/lib/gcc/avr/5.4.0/../../../avr/lib/avr51/libc.a(ultoa_invert.o)
                                                  /usr/lib/gcc/avr/5.4.0/../../../avr/lib/avr51/libprintf_flt.a(vfprintf_flt.o)
__ultoa_ncheck                                    /usr/lib/gcc/avr/5.4.0/../../../avr/lib/avr51/libc.a(ultoa_ncheck.o)
                                                  /usr/lib/gcc/avr/5.4.0/../../../avr/lib/avr51/libc.a(ultoa.o)
                                                  /root/share/Code/AVRLibrary/Debug/libAVRLibrary.a(WString.o)
__umulhisi3                                       /usr/lib/gcc/avr/5.4.0/avr51/libgcc.a(_umulhisi3.o)
                                                  /usr/lib/gcc/avr/5.4.0/avr51/libgcc.a(_muluhisi3.o)
__utoa                                            /usr/lib/gcc/avr/5.4.0/../../../avr/lib/avr51/libc.a(utoa.o)
                                                  /root/share/Code/AVRLibrary/Debug/libAVRLibrary.a(WString.o)
__utoa_common                                     /usr/lib/gcc/avr/5.4.0/../../../avr/lib/avr51/libc.a(utoa_ncheck.o)
                                                  /usr/lib/gcc/avr/5.4.0/../../../avr/lib/avr51/libc.a(itoa_ncheck.o)
__utoa_ncheck                                     /usr/lib/gcc/avr/5.4.0/../../../avr/lib/avr51/libc.a(utoa_ncheck.o)
                                                  /usr/lib/gcc/avr/5.4.0/../../../avr/lib/avr51/libc.a(utoa.o)
                                                  /root/share/Code/AVRLibrary/Debug/libAVRLibrary.a(WString.o)
__vector_1                                        /usr/lib/gcc/avr/5.4.0/../../../avr/lib/avr51/crtat90can128.o
__vector_10                                       /usr/lib/gcc/avr/5.4.0/../../../avr/lib/avr51/crtat90can128.o
__vector_11                                       /usr/lib/gcc/avr/5.4.0/../../../avr/lib/avr51/crtat90can128.o
__vector_12                                       ./main.o
                                                  /usr/lib/gcc/avr/5.4.0/../../../avr/lib/avr51/crtat90can128.o
__vector_13                                       /usr/lib/gcc/avr/5.4.0/../../../avr/lib/avr51/crtat90can128.o
__vector_14                                       /usr/lib/gcc/avr/5.4.0/../../../avr/lib/avr51/crtat90can128.o
__vector_15                                       /usr/lib/gcc/avr/5.4.0/../../../avr/lib/avr51/crtat90can128.o
__vector_16                                       /usr/lib/gcc/avr/5.4.0/../../../avr/lib/avr51/crtat90can128.o
__vector_17                                       /usr/lib/gcc/avr/5.4.0/../../../avr/lib/avr51/crtat90can128.o
__vector_18                                       ./CANLib.o
                                                  /usr/lib/gcc/avr/5.4.0/../../../avr/lib/avr51/crtat90can128.o
__vector_19                                       /usr/lib/gcc/avr/5.4.0/../../../avr/lib/avr51/crtat90can128.o
__vector_2                                        /usr/lib/gcc/avr/5.4.0/../../../avr/lib/avr51/crtat90can128.o
__vector_20                                       /usr/lib/gcc/avr/5.4.0/../../../avr/lib/avr51/crtat90can128.o
__vector_21                                       /root/share/Code/AVRLibrary/Debug/libAVRLibrary.a(HardwareSerial.o)
                                                  /usr/lib/gcc/avr/5.4.0/../../../avr/lib/avr51/crtat90can128.o
__vector_22                                       /usr/lib/gcc/avr/5.4.0/../../../avr/lib/avr51/crtat90can128.o
__vector_23                                       /usr/lib/gcc/avr/5.4.0/../../../avr/lib/avr51/crtat90can128.o
__vector_24                                       /usr/lib/gcc/avr/5.4.0/../../../avr/lib/avr51/crtat90can128.o
__vector_25                                       ./main.o
                                                  /usr/lib/gcc/avr/5.4.0/../../../avr/lib/avr51/crtat90can128.o
__vector_26                                       /usr/lib/gcc/avr/5.4.0/../../../avr/lib/avr51/crtat90can128.o
__vector_27                                       /usr/lib/gcc/avr/5.4.0/../../../avr/lib/avr51/crtat90can128.o
__vector_28                                       /usr/lib/gcc/avr/5.4.0/../../../avr/lib/avr51/crtat90can128.o
__vector_29                                       /usr/lib/gcc/avr/5.4.0/../../../avr/lib/avr51/crtat90can128.o
__vector_3                                        /usr/lib/gcc/avr/5.4.0/../../../avr/lib/avr51/crtat90can128.o
__vector_30                                       /usr/lib/gcc/avr/5.4.0/../../../avr/lib/avr51/crtat90can128.o
__vector_31                                       /usr/lib/gcc/avr/5.4.0/../../../avr/lib/avr51/crtat90can128.o
__vector_32                                       /root/share/Code/AVRLibrary/Debug/libAVRLibrary.a(HardwareSerial.o)
                                                  /usr/lib/gcc/avr/5.4.0/../../../avr/lib/avr51/crtat90can128.o
__vector_33                                       /usr/lib/gcc/avr/5.4.0/../../../avr/lib/avr51/crtat90can128.o
__vector_34                                       /usr/lib/gcc/avr/5.4.0/../../../avr/lib/avr51/crtat90can128.o
__vector_35                                       /usr/lib/gcc/avr/5.4.0/../../../avr/lib/avr51/crtat90can128.o
__vector_36                                       /usr/lib/gcc/avr/5.4.0/../../../avr/lib/avr51/crtat90can128.o
__vector_4                                        /usr/lib/gcc/avr/5.4.0/../../../avr/lib/avr51/crtat90can128.o
__vector_5                                        /usr/lib/gcc/avr/5.4.0/../../../avr/lib/avr51/crtat90can128.o
__vector_6                                        /usr/lib/gcc/avr/5.4.0/../../../avr/lib/avr51/crtat90can128.o
__vector_7                                        /usr/lib/gcc/avr/5.4.0/../../../avr/lib/avr51/crtat90can128.o
__vector_8                                        /usr/lib/gcc/avr/5.4.0/../../../avr/lib/avr51/crtat90can128.o
__vector_9                                        ./main.o
                                                  /usr/lib/gcc/avr/5.4.0/../../../avr/lib/avr51/crtat90can128.o
__vector_default                                  /usr/lib/gcc/avr/5.4.0/../../../avr/lib/avr51/crtat90can128.o
__vectors                                         /usr/lib/gcc/avr/5.4.0/../../../avr/lib/avr51/crtat90can128.o
_exit                                             /usr/lib/gcc/avr/5.4.0/avr51/libgcc.a(_exit.o)
atexit                                            /usr/lib/gcc/avr/5.4.0/../../../avr/lib/avr51/libc.a(atexit.o)
                                                  ./Commands/CommandManager.o
atol                                              /usr/lib/gcc/avr/5.4.0/../../../avr/lib/avr51/libc.a(atol.o)
                                                  /root/share/Code/AVRLibrary/Debug/libAVRLibrary.a(WString.o)
exit                                              /usr/lib/gcc/avr/5.4.0/avr51/libgcc.a(_exit.o)
                                                  /usr/lib/gcc/avr/5.4.0/../../../avr/lib/avr51/crtat90can128.o
fputc                                             /usr/lib/gcc/avr/5.4.0/../../../avr/lib/avr51/libc.a(fputc.o)
                                                  /usr/lib/gcc/avr/5.4.0/../../../avr/lib/avr51/libprintf_flt.a(vfprintf_flt.o)
free                                              /usr/lib/gcc/avr/5.4.0/../../../avr/lib/avr51/libc.a(malloc.o)
                                                  /usr/lib/gcc/avr/5.4.0/../../../avr/lib/avr51/libc.a(realloc.o)
                                                  /root/share/Code/AVRLibrary/Debug/libAVRLibrary.a(new.o)
                                                  /root/share/Code/AVRLibrary/Debug/libAVRLibrary.a(WString.o)
isspace                                           /usr/lib/gcc/avr/5.4.0/../../../avr/lib/avr51/libc.a(isspace.o)
                                                  /root/share/Code/AVRLibrary/Debug/libAVRLibrary.a(WString.o)
iterations                                        ./main.o
itoa                                              /usr/lib/gcc/avr/5.4.0/../../../avr/lib/avr51/libc.a(itoa.o)
ltoa                                              /usr/lib/gcc/avr/5.4.0/../../../avr/lib/avr51/libc.a(ltoa.o)
main                                              ./main.o
                                                  /usr/lib/gcc/avr/5.4.0/../../../avr/lib/avr51/crtat90can128.o
malloc                                            /usr/lib/gcc/avr/5.4.0/../../../avr/lib/avr51/libc.a(malloc.o)
                                                  /usr/lib/gcc/avr/5.4.0/../../../avr/lib/avr51/libc.a(realloc.o)