Archive member included to satisfy reference by file (symbol)

/usr/lib/gcc/avr/5.4.0/../../../avr/lib/avr51/libprintf_flt.a(vfprintf_flt.o)
                              (vfprintf)
/root/share/Code/AVRLibrary/Debug/libAVRLibrary.a(HardwareSerial.o)
                              ./Commands/CommandManager.o (_ZN14HardwareSerial5beginEl)
/root/share/Code/AVRLibrary/Debug/libAVRLibrary.a(Print.o)
                              /root/share/Code/AVRLibrary/Debug/libAVRLibrary.a(HardwareSerial.o) (_ZN5Print5writeEPKhj)
/root/share/Code/AVRLibrary/Debug/libAVRLibrary.a(WString.o)
                              /root/share/Code/AVRLibrary/Debug/libAVRLibrary.a(Print.o) (_ZNK6StringixEj)
/root/share/Code/AVRLibrary/Debug/libAVRLibrary.a(new.o)
                              ./Commands/CommandManager.o (_Znwj)
/usr/lib/gcc/avr/5.4.0/avr51/libgcc.a(_udivmodsi4.o)
                              /root/share/Code/AVRLibrary/Debug/libAVRLibrary.a(HardwareSerial.o) (__udivmodsi4)
/usr/lib/gcc/avr/5.4.0/avr51/libgcc.a(_exit.o)
                              /usr/lib/gcc/avr/5.4.0/../../../avr/lib/avr51/crtat90can128.o (exit)
/usr/lib/gcc/avr/5.4.0/avr51/libgcc.a(_copy_data.o)
                              ./Commands/CommandManager.o (__do_copy_data)
/usr/lib/gcc/avr/5.4.0/avr51/libgcc.a(_clear_bss.o)
                              ./Commands/CommandManager.o (__do_clear_bss)
/usr/lib/gcc/avr/5.4.0/avr51/libgcc.a(_ctors.o)
                              /root/share/Code/AVRLibrary/Debug/libAVRLibrary.a(HardwareSerial.o) (__do_global_ctors)
/usr/lib/gcc/avr/5.4.0/avr51/libgcc.a(_muluhisi3.o)
                              /root/share/Code/AVRLibrary/Debug/libAVRLibrary.a(HardwareSerial.o) (__muluhisi3)
/usr/lib/gcc/avr/5.4.0/avr51/libgcc.a(_tablejump2.o)
                              /usr/lib/gcc/avr/5.4.0/avr51/libgcc.a(_ctors.o) (__tablejump2__)
/usr/lib/gcc/avr/5.4.0/avr51/libgcc.a(_umulhisi3.o)
                              /usr/lib/gcc/avr/5.4.0/avr51/libgcc.a(_muluhisi3.o) (__umulhisi3)
/usr/lib/gcc/avr/5.4.0/../../../avr/lib/avr51/libm.a(addsf3.o)
                              ./Sensor.o (__subsf3)
/usr/lib/gcc/avr/5.4.0/../../../avr/lib/avr51/libm.a(addsf3x.o)
                              /usr/lib/gcc/avr/5.4.0/../../../avr/lib/avr51/libm.a(addsf3.o) (__addsf3x)
/usr/lib/gcc/avr/5.4.0/../../../avr/lib/avr51/libm.a(cmpsf2.o)
                              ./Sensor.o (__ltsf2)
/usr/lib/gcc/avr/5.4.0/../../../avr/lib/avr51/libm.a(divsf3.o)
                              /root/share/Code/AVRLibrary/Debug/libAVRLibrary.a(Print.o) (__divsf3)
/usr/lib/gcc/avr/5.4.0/../../../avr/lib/avr51/libm.a(divsf3x.o)
                              /usr/lib/gcc/avr/5.4.0/../../../avr/lib/avr51/libm.a(divsf3.o) (__divsf3x)
/usr/lib/gcc/avr/5.4.0/../../../avr/lib/avr51/libm.a(fixsfsi.o)
                              ./SensorManager.o (__fixsfsi)
/usr/lib/gcc/avr/5.4.0/../../../avr/lib/avr51/libm.a(fixunssfsi.o)
                              /root/share/Code/AVRLibrary/Debug/libAVRLibrary.a(Print.o) (__fixunssfsi)
/usr/lib/gcc/avr/5.4.0/../../../avr/lib/avr51/libm.a(floatsisf.o)
                              ./Sensor.o (__floatunsisf)
/usr/lib/gcc/avr/5.4.0/../../../avr/lib/avr51/libm.a(fp_cmp.o)
                              /usr/lib/gcc/avr/5.4.0/../../../avr/lib/avr51/libm.a(cmpsf2.o) (__fp_cmp)
/usr/lib/gcc/avr/5.4.0/../../../avr/lib/avr51/libm.a(fp_inf.o)
                              /usr/lib/gcc/avr/5.4.0/../../../avr/lib/avr51/libm.a(addsf3x.o) (__fp_inf)
/usr/lib/gcc/avr/5.4.0/../../../avr/lib/avr51/libm.a(fp_nan.o)
                              /usr/lib/gcc/avr/5.4.0/../../../avr/lib/avr51/libm.a(addsf3x.o) (__fp_nan)
/usr/lib/gcc/avr/5.4.0/../../../avr/lib/avr51/libm.a(fp_pscA.o)
                              /usr/lib/gcc/avr/5.4.0/../../../avr/lib/avr51/libm.a(addsf3x.o) (__fp_pscA)
/usr/lib/gcc/avr/5.4.0/../../../avr/lib/avr51/libm.a(fp_pscB.o)
                              /usr/lib/gcc/avr/5.4.0/../../../avr/lib/avr51/libm.a(addsf3x.o) (__fp_pscB)
/usr/lib/gcc/avr/5.4.0/../../../avr/lib/avr51/libm.a(fp_round.o)
                              /usr/lib/gcc/avr/5.4.0/../../../avr/lib/avr51/libm.a(addsf3.o) (__fp_round)
/usr/lib/gcc/avr/5.4.0/../../../avr/lib/avr51/libm.a(fp_split3.o)
                              /usr/lib/gcc/avr/5.4.0/../../../avr/lib/avr51/libm.a(addsf3x.o) (__fp_split3)
/usr/lib/gcc/avr/5.4.0/../../../avr/lib/avr51/libm.a(fp_zero.o)
                              /usr/lib/gcc/avr/5.4.0/../../../avr/lib/avr51/libm.a(addsf3x.o) (__fp_zero)
/usr/lib/gcc/avr/5.4.0/../../../avr/lib/avr51/libm.a(mulsf3.o)
                              ./Sensor.o (__mulsf3)
/usr/lib/gcc/avr/5.4.0/../../../avr/lib/avr51/libm.a(mulsf3x.o)
                              /usr/lib/gcc/avr/5.4.0/../../../avr/lib/avr51/libm.a(mulsf3.o) (__mulsf3x)
/usr/lib/gcc/avr/5.4.0/../../../avr/lib/avr51/libc.a(atexit.o)
                              ./Commands/CommandManager.o (atexit)
/usr/lib/gcc/avr/5.4.0/../../../avr/lib/avr51/libc.a(malloc.o)
[...]
Memory Configuration

Name             Origin             Length             Attributes
text             0x0000000000000000 0x0000000000020000 xr
data             0x0000000000800100 0x000000000000ff00 rw !x
eeprom           0x0000000000810000 0x0000000000010000 rw !x
fuse             0x0000000000820000 0x0000000000000003 rw !x
lock             0x0000000000830000 0x0000000000000400 rw !x
signature        0x0000000000840000 0x0000000000000400 rw !x
user_signatures  0x0000000000850000 0x0000000000000400 rw !x
*default*        0x0000000000000000 0xffffffffffffffff

Linker script and memory map

Address of section .data set to 0x800100
LOAD /usr/lib/gcc/avr/5.4.0/../../../avr/lib/avr51/crtat90can128.o
LOAD /usr/lib/gcc/avr/5.4.0/../../../avr/lib/avr51/libprintf_flt.a
LOAD ./Commands/Command.o
LOAD ./Commands/CommandManager.o
LOAD ./Commands/Command_Test.o
LOAD ./ADCManager.o
LOAD ./CANLib.o
LOAD ./CANSensorTimer.o
LOAD ./Sensor.o
LOAD ./SensorManager.o
LOAD ./main.o
LOAD /root/share/Code/AVRLibrary/Debug/libAVRLibrary.a
LOAD /usr/lib/gcc/avr/5.4.0/avr51/libgcc.a
LOAD /usr/lib/gcc/avr/5.4.0/../../../avr/lib/avr51/libm.a
START GROUP
LOAD /usr/lib/gcc/avr/5.4.0/avr51/libgcc.a
LOAD /usr/lib/gcc/avr/5.4.0/../../../avr/lib/avr51/libm.a
LOAD /usr/lib/gcc/avr/5.4.0/../../../avr/lib/avr51/libc.a
LOAD /usr/lib/gcc/avr/5.4.0/../../../avr/lib/avr51/libat90can128.a
END GROUP
                0x0000000000020000                __TEXT_REGION_LENGTH__ = DEFINED (__TEXT_REGION_LENGTH__)?__TEXT_REGION_LENGTH__:0x20000
                0x000000000000ff00                __DATA_REGION_LENGTH__ = DEFINED (__DATA_REGION_LENGTH__)?__DATA_REGION_LENGTH__:0xff00
                0x0000000000010000                __EEPROM_REGION_LENGTH__ = DEFINED (__EEPROM_REGION_LENGTH__)?__EEPROM_REGION_LENGTH__:0x10000
                [0x0000000000000003]                __FUSE_REGION_LENGTH__ = DEFINED (__FUSE_REGION_LENGTH__)?__FUSE_REGION_LENGTH__:0x400
                0x0000000000000400                __LOCK_REGION_LENGTH__ = DEFINED (__LOCK_REGION_LENGTH__)?__LOCK_REGION_LENGTH__:0x400
                0x0000000000000400                __SIGNATURE_REGION_LENGTH__ = DEFINED (__SIGNATURE_REGION_LENGTH__)?__SIGNATURE_REGION_LENGTH__:0x400
                0x0000000000000400                __USER_SIGNATURE_REGION_LENGTH__ = DEFINED (__USER_SIGNATURE_REGION_LENGTH__)?__USER_SIGNATURE_REGION_LENGTH__:0x400

.hash
 *(.hash)

.dynsym
 *(.dynsym)

.dynstr
 *(.dynstr)

.gnu.version
 *(.gnu.version)

.gnu.version_d
 *(.gnu.version_d)

.gnu.version_r
 *(.gnu.version_r)

.rel.init
 *(.rel.init)

.rela.init
 *(.rela.init)

.rel.text
 *(.rel.text)
 *(.rel.text.*)
 *(.rel.gnu.linkonce.t*)

.rela.text
 *(.rela.text)
 *(.rela.text.*)
 *(.rela.gnu.linkonce.t*)

.rel.fini
 *(.rel.fini)

.rela.fini
 *(.rela.fini)

.rel.rodata
 *(.rel.rodata)
 *(.rel.rodata.*)
 *(.rel.gnu.linkonce.r*)

.rela.rodata
 *(.rela.rodata)
 *(.rela.rodata.*)
 *(.rela.gnu.linkonce.r*)

.rel.data
 *(.rel.data)
 *(.rel.data.*)
 *(.rel.gnu.linkonce.d*)

.rela.data
 *(.rela.data)
 *(.rela.data.*)
 *(.rela.gnu.linkonce.d*)

.rel.ctors
 *(.rel.ctors)

.rela.ctors
 *(.rela.ctors)

.rel.dtors
 *(.rel.dtors)

.rela.dtors
 *(.rela.dtors)

.rel.got
 *(.rel.got)

.rela.got
 *(.rela.got)

.rel.bss
 *(.rel.bss)

.rela.bss
 *(.rela.bss)

.rel.plt
 *(.rel.plt)

.rela.plt
 *(.rela.plt)

.text           0x0000000000000000     0x34f8
 *(.vectors)
 .vectors       0x0000000000000000       0x94 /usr/lib/gcc/avr/5.4.0/../../../avr/lib/avr51/crtat90can128.o
                0x0000000000000000                __vectors
                0x0000000000000000                __vector_default
 *(.vectors)
 *(.progmem.gcc*)
                0x0000000000000094                . = ALIGN (0x2)
                0x0000000000000094                __trampolines_start = .
 *(.trampolines)
 .trampolines   0x0000000000000094        0x0 linker stubs
 *(.trampolines*)
                0x0000000000000094                __trampolines_end = .
 *libprintf_flt.a:*(.progmem.data)
 .progmem.data  0x0000000000000094        0x8 /usr/lib/gcc/avr/5.4.0/../../../avr/lib/avr51/libprintf_flt.a(vfprintf_flt.o)
 *libc.a:*(.progmem.data)
 .progmem.data  0x000000000000009c       0xfa /usr/lib/gcc/avr/5.4.0/../../../avr/lib/avr51/libc.a(ftoa_engine.o)
 *(.progmem*)
 .progmem.data._ZZN12Command_Test7executeERjE3__c
                0x0000000000000196        0xd ./Commands/Command_Test.o
 .progmem.data._ZZN14CANSensorTimer6UpdateEvE3__c
                0x00000000000001a3       0x13 ./CANSensorTimer.o
 .progmem.data._ZZN14CANSensorTimerC4EjPKmhE3__c_2
                0x00000000000001b6        0xc ./CANSensorTimer.o
 .progmem.data._ZZN14CANSensorTimerC4EjPKmhE3__c_1
                0x00000000000001c2        0x6 ./CANSensorTimer.o
 .progmem.data._ZZN14CANSensorTimerC4EjPKmhE3__c_0
                0x00000000000001c8       0x19 ./CANSensorTimer.o
 .progmem.data._ZZN14CANSensorTimerC4EjPKmhE3__c
                0x00000000000001e1       0x18 ./CANSensorTimer.o
                0x00000000000001fa                . = ALIGN (0x2)
 *fill*         0x00000000000001f9        0x1 
 *(.jumptables)
 *(.jumptables*)
 *(.lowtext)
 *(.lowtext*)
                0x00000000000001fa                __ctors_start = .
 *(.ctors)
 .ctors         0x00000000000001fa        0x2 /root/share/Code/AVRLibrary/Debug/libAVRLibrary.a(HardwareSerial.o)
                0x00000000000001fc                __ctors_end = .
                0x00000000000001fc                __dtors_start = .
 *(.dtors)
                0x00000000000001fc                __dtors_end = .
 SORT(*)(.ctors)
 SORT(*)(.dtors)
 *(.init0)
 .init0         0x00000000000001fc        0x0 /usr/lib/gcc/avr/5.4.0/../../../avr/lib/avr51/crtat90can128.o
                0x00000000000001fc                __init
 *(.init0)
 *(.init1)
 *(.init1)
 *(.init2)
 .init2         0x00000000000001fc        0xc /usr/lib/gcc/avr/5.4.0/../../../avr/lib/avr51/crtat90can128.o
 *(.init2)
 *(.init3)
 *(.init3)
 *(.init4)
 .init4         0x0000000000000208       0x1a /usr/lib/gcc/avr/5.4.0/avr51/libgcc.a(_copy_data.o)
                0x0000000000000208                __do_copy_data
 .init4         0x0000000000000222       0x10 /usr/lib/gcc/avr/5.4.0/avr51/libgcc.a(_clear_bss.o)
                0x0000000000000222                __do_clear_bss
 *(.init4)
 *(.init5)
 *(.init5)
 *(.init6)
 .init6         0x0000000000000232       0x16 /usr/lib/gcc/avr/5.4.0/avr51/libgcc.a(_ctors.o)
                0x0000000000000232                __do_global_ctors
 *(.init6)
 *(.init7)
 *(.init7)
 *(.init8)
 *(.init8)
 *(.init9)
 .init9         0x0000000000000248        0x8 /usr/lib/gcc/avr/5.4.0/../../../avr/lib/avr51/crtat90can128.o
 *(.init9)
 *(.text)
 .text          0x0000000000000250        0x2 /usr/lib/gcc/avr/5.4.0/../../../avr/lib/avr51/crtat90can128.o
                0x0000000000000250                __vector_22
                0x0000000000000250                __vector_28
                0x0000000000000250                __vector_1
                0x0000000000000250                __vector_34
                0x0000000000000250                __vector_24
                0x0000000000000250                __bad_interrupt
                0x0000000000000250                __vector_6
                0x0000000000000250                __vector_31
                0x0000000000000250                __vector_35
                0x0000000000000250                __vector_3
                0x0000000000000250                __vector_23
                0x0000000000000250                __vector_30
                0x0000000000000250                __vector_11
                0x0000000000000250                __vector_13
                0x0000000000000250                __vector_17
                0x0000000000000250                __vector_19
                0x0000000000000250                __vector_7
                0x0000000000000250                __vector_27
                0x0000000000000250                __vector_5
                0x0000000000000250                __vector_33
                0x0000000000000250                __vector_4
                0x0000000000000250                __vector_2
                0x0000000000000250                __vector_15
                0x0000000000000250                __vector_36
                0x0000000000000250                __vector_29
                0x0000000000000250                __vector_8
                0x0000000000000250                __vector_26
                0x0000000000000250                __vector_14
                0x0000000000000250                __vector_10
                0x0000000000000250                __vector_16
                0x0000000000000250                __vector_20
 .text          0x0000000000000252       0x64 /usr/lib/gcc/avr/5.4.0/../../../avr/lib/avr51/libc.a(atexit.o)
                0x000000000000027a                atexit
                0x00000000000002b6                . = ALIGN (0x2)
 *(.text.*)
 .text.avr-libc
                0x00000000000002b6      0x74c /usr/lib/gcc/avr/5.4.0/../../../avr/lib/avr51/libprintf_flt.a(vfprintf_flt.o)
                0x00000000000002b6                vfprintf
 .text.__tcf_0  0x0000000000000a02       0x1c ./Commands/CommandManager.o
 .text._ZN14CommandManager11StaticClassEv
                0x0000000000000a1e       0x78 ./Commands/CommandManager.o
                0x0000000000000a1e                _ZN14CommandManager11StaticClassEv
 .text._ZN14CommandManager12LogMessagelnEPK19__FlashStringHelper
                0x0000000000000a96        0x8 ./Commands/CommandManager.o
                0x0000000000000a96                _ZN14CommandManager12LogMessagelnEPK19__FlashStringHelper
 .text._ZN14CommandManager12LogMessagelnEh
                0x0000000000000a9e        0xc ./Commands/CommandManager.o
                0x0000000000000a9e                _ZN14CommandManager12LogMessagelnEh
 .text._ZN14CommandManager10LogMessageEPK19__FlashStringHelper
                0x0000000000000aaa        0x8 ./Commands/CommandManager.o
                0x0000000000000aaa                _ZN14CommandManager10LogMessageEPK19__FlashStringHelper
 .text._ZN14CommandManager10LogMessageEh
                0x0000000000000ab2        0xc ./Commands/CommandManager.o
                0x0000000000000ab2                _ZN14CommandManager10LogMessageEh
 .text._ZN12Command_TestD2Ev
                0x0000000000000abe        0x2 ./Commands/Command_Test.o
                0x0000000000000abe                _ZN12Command_TestD2Ev
                0x0000000000000abe                _ZN12Command_TestD1Ev
 .text._ZN12Command_TestD0Ev
                0x0000000000000ac0        0x4 ./Commands/Command_Test.o
                0x0000000000000ac0                _ZN12Command_TestD0Ev
 .text._ZN12Command_Test7executeERj
                0x0000000000000ac4        0xc ./Commands/Command_Test.o
                0x0000000000000ac4                _ZN12Command_Test7executeERj
 .text._ZN12Command_TestC2Ev
                0x0000000000000ad0        0xe ./Commands/Command_Test.o
                0x0000000000000ad0                _ZN12Command_TestC2Ev
                0x0000000000000ad0                _ZN12Command_TestC1Ev
 .text._ZN11CANListener17INT_Call_GotFrameEPVKN6CANRaw16CAN_FRAME_HEADEREPVKNS0_8CAN_DATAE
                0x0000000000000ade        0x2 ./CANLib.o
                0x0000000000000ade                _ZN11CANListener17INT_Call_GotFrameEPVKN6CANRaw16CAN_FRAME_HEADEREPVKNS0_8CAN_DATAE
 .text._ZN11CANListener18INT_Call_SentFrameERKN6CANRaw16CAN_FRAME_HEADERE
                0x0000000000000ae0        0x2 ./CANLib.o
                0x0000000000000ae0                _ZN11CANListener18INT_Call_SentFrameERKN6CANRaw16CAN_FRAME_HEADERE
 .text.__vector_18
                0x0000000000000ae2      0x612 ./CANLib.o
                0x0000000000000ae2                __vector_18
 .text._ZN6CANRaw17GetNextFreeHandleEv
                0x00000000000010f4       0xba ./CANLib.o
                0x00000000000010f4                _ZN6CANRaw17GetNextFreeHandleEv
 .text._ZN6CANRaw4InitENS_12CAN_BAUDRATEE
                0x00000000000011ae      0x318 ./CANLib.o
                0x00000000000011ae                _ZN6CANRaw4InitENS_12CAN_BAUDRATEE
 .text._ZN6CANRaw12BindListenerEP11CANListenerNS_7CAN_MOBEb
                0x00000000000014c6       0x28 ./CANLib.o
                0x00000000000014c6                _ZN6CANRaw12BindListenerEP11CANListenerNS_7CAN_MOBEb
 .text._ZN6CANRaw6TxDataERKNS_8CAN_DATAENS_7CAN_MOBE
                0x00000000000014ee       0x70 ./CANLib.o
                0x00000000000014ee                _ZN6CANRaw6TxDataERKNS_8CAN_DATAENS_7CAN_MOBE
 .text._ZN6CANRaw8ConfigTxERKNS_16CAN_FRAME_HEADERENS_7CAN_MOBE
                0x000000000000155e      0x2f8 ./CANLib.o
                0x000000000000155e                _ZN6CANRaw8ConfigTxERKNS_16CAN_FRAME_HEADERENS_7CAN_MOBE
 .text._ZN6CANRaw13ForceResetMobENS_7CAN_MOBE
                0x0000000000001856      0x2c8 ./CANLib.o
                0x0000000000001856                _ZN6CANRaw13ForceResetMobENS_7CAN_MOBE
 .text._ZN14CANSensorTimerD2Ev
                0x0000000000001b1e        0x2 ./CANSensorTimer.o
                0x0000000000001b1e                _ZN14CANSensorTimerD1Ev
                0x0000000000001b1e                _ZN14CANSensorTimerD2Ev
 .text._ZN14CANSensorTimer18INT_Call_SentFrameERKN6CANRaw16CAN_FRAME_HEADERE
                0x0000000000001b20        0x8 ./CANSensorTimer.o
                0x0000000000001b20                _ZN14CANSensorTimer18INT_Call_SentFrameERKN6CANRaw16CAN_FRAME_HEADERE
 .text._ZN14CANSensorTimerD0Ev
                0x0000000000001b28        0x4 ./CANSensorTimer.o
                0x0000000000001b28                _ZN14CANSensorTimerD0Ev
 .text._ZN14CANSensorTimerC2EjPKmh
                0x0000000000001b2c       0xda ./CANSensorTimer.o
                0x0000000000001b2c                _ZN14CANSensorTimerC1EjPKmh
                0x0000000000001b2c                _ZN14CANSensorTimerC2EjPKmh
 .text._ZN14CANSensorTimer14registerSensorEP6SensorNS_14CANDATAChannelE
                0x0000000000001c06       0x3e ./CANSensorTimer.o
                0x0000000000001c06                _ZN14CANSensorTimer14registerSensorEP6SensorNS_14CANDATAChannelE
 .text._ZN14CANSensorTimer6UpdateEv
                0x0000000000001c44      0x1ca ./CANSensorTimer.o
                0x0000000000001c44                _ZN14CANSensorTimer6UpdateEv
 .text._ZN6SensorD2Ev
                0x0000000000001e0e        0x2 ./Sensor.o
                0x0000000000001e0e                _ZN6SensorD2Ev
                0x0000000000001e0e                _ZN6SensorD1Ev
 .text._ZN6SensorD0Ev
                0x0000000000001e10        0x2 ./Sensor.o
                0x0000000000001e10                _ZN6SensorD0Ev
 .text._ZN6SensorC2ERKNS_15SENSOR_SETTINGSE
                0x0000000000001e12       0x54 ./Sensor.o
                0x0000000000001e12                _ZN6SensorC1ERKNS_15SENSOR_SETTINGSE
                0x0000000000001e12                _ZN6SensorC2ERKNS_15SENSOR_SETTINGSE
 .text._ZN6Sensor14requestADCReadEv
                0x0000000000001e66       0x6a ./Sensor.o
                0x0000000000001e66                _ZN6Sensor14requestADCReadEv
 .text._ZN6Sensor36INT_Call_ADC_Finished_ImplementationERKjh
                0x0000000000001ed0       0x12 ./Sensor.o
                0x0000000000001ed0                _ZN6Sensor36INT_Call_ADC_Finished_ImplementationERKjh
 .text._ZN6Sensor8getValueEv
                0x0000000000001ee2       0xd6 ./Sensor.o
                0x0000000000001ee2                _ZN6Sensor8getValueEv
 .text._ZN12SENSORCONFIG12conversion00ERKf
                0x0000000000001fb8       0x24 ./SensorManager.o
                0x0000000000001fb8                _ZN12SENSORCONFIG12conversion00ERKf
 .text._ZN13SensorManager11GetInstanceEv
                0x0000000000001fdc      0x108 ./SensorManager.o
                0x0000000000001fdc                _ZN13SensorManager11GetInstanceEv
 .text._ZN13SensorManager16INT_UpdateTimingEv
                0x00000000000020e4       0x54 ./SensorManager.o
                0x00000000000020e4                _ZN13SensorManager16INT_UpdateTimingEv
 .text.__vector_12
                0x0000000000002138       0x50 ./main.o
                0x0000000000002138                __vector_12
 .text.__vector_9
                0x0000000000002188       0x4a ./main.o
                0x0000000000002188                __vector_9
 .text.__vector_25
                0x00000000000021d2       0xbe ./main.o
                0x00000000000021d2                __vector_25
 .text.startup.main
                0x0000000000002290       0xb2 ./main.o
                0x0000000000002290                main
 .text._ZN14HardwareSerialD2Ev
                0x0000000000002342        0x2 /root/share/Code/AVRLibrary/Debug/libAVRLibrary.a(HardwareSerial.o)
                0x0000000000002342                _ZN14HardwareSerialD2Ev
                0x0000000000002342                _ZN14HardwareSerialD1Ev
 .text._ZN14HardwareSerial4peekEv
                0x0000000000002344        0x6 /root/share/Code/AVRLibrary/Debug/libAVRLibrary.a(HardwareSerial.o)
                0x0000000000002344                _ZN14HardwareSerial4peekEv
 .text._ZN14HardwareSerial9availableEv
                0x000000000000234a       0x30 /root/share/Code/AVRLibrary/Debug/libAVRLibrary.a(HardwareSerial.o)
                0x000000000000234a                _ZN14HardwareSerial9availableEv
 .text._ZN14HardwareSerial4readEv
                0x000000000000237a       0x56 /root/share/Code/AVRLibrary/Debug/libAVRLibrary.a(HardwareSerial.o)
                0x000000000000237a                _ZN14HardwareSerial4readEv
 .text._ZN14HardwareSerial5flushEv
                0x00000000000023d0       0x1c /root/share/Code/AVRLibrary/Debug/libAVRLibrary.a(HardwareSerial.o)
                0x00000000000023d0                _ZN14HardwareSerial5flushEv
 .text._ZN14HardwareSerial5writeEh
                0x00000000000023ec       0x3a /root/share/Code/AVRLibrary/Debug/libAVRLibrary.a(HardwareSerial.o)
                0x00000000000023ec                _ZN14HardwareSerial5writeEh
 .text._ZN14HardwareSerialD0Ev
                0x0000000000002426        0x2 /root/share/Code/AVRLibrary/Debug/libAVRLibrary.a(HardwareSerial.o)
                0x0000000000002426                _ZN14HardwareSerialD0Ev
 .text.__vector_21
                0x0000000000002428       0x80 /root/share/Code/AVRLibrary/Debug/libAVRLibrary.a(HardwareSerial.o)
                0x0000000000002428                __vector_21
 .text.__vector_32
                0x00000000000024a8       0x80 /root/share/Code/AVRLibrary/Debug/libAVRLibrary.a(HardwareSerial.o)
                0x00000000000024a8                __vector_32
 .text._ZN14HardwareSerial5beginEl
                0x0000000000002528      0x1c0 /root/share/Code/AVRLibrary/Debug/libAVRLibrary.a(HardwareSerial.o)
                0x0000000000002528                _ZN14HardwareSerial5beginEl
 .text.startup._GLOBAL__sub_I_rx_buffer
                0x00000000000026e8       0xd8 /root/share/Code/AVRLibrary/Debug/libAVRLibrary.a(HardwareSerial.o)
 .text._ZN5Print5writeEPKhj
                0x00000000000027c0       0x58 /root/share/Code/AVRLibrary/Debug/libAVRLibrary.a(Print.o)
                0x00000000000027c0                _ZN5Print5writeEPKhj
 .text._ZN5Print5printEPK19__FlashStringHelper
                0x0000000000002818       0x52 /root/share/Code/AVRLibrary/Debug/libAVRLibrary.a(Print.o)
                0x0000000000002818                _ZN5Print5printEPK19__FlashStringHelper
 .text._ZN5Print5printEhi
                0x000000000000286a      0x140 /root/share/Code/AVRLibrary/Debug/libAVRLibrary.a(Print.o)
                0x000000000000286a                _ZN5Print5printEhi
 .text._ZN5Print7printlnEPK19__FlashStringHelper
                0x00000000000029aa       0x78 /root/share/Code/AVRLibrary/Debug/libAVRLibrary.a(Print.o)
                0x00000000000029aa                _ZN5Print7printlnEPK19__FlashStringHelper
 .text._ZN5Print7printlnEhi
                0x0000000000002a22      0x178 /root/share/Code/AVRLibrary/Debug/libAVRLibrary.a(Print.o)
                0x0000000000002a22                _ZN5Print7printlnEhi
 .text._Znwj    0x0000000000002b9a        0x2 /root/share/Code/AVRLibrary/Debug/libAVRLibrary.a(new.o)
                0x0000000000002b9a                _Znwj
 .text._ZdlPv   0x0000000000002b9c        0x2 /root/share/Code/AVRLibrary/Debug/libAVRLibrary.a(new.o)
                0x0000000000002b9c                _ZdlPv
 .text.__cxa_guard_acquire
                0x0000000000002b9e       0x12 /root/share/Code/AVRLibrary/Debug/libAVRLibrary.a(new.o)
                0x0000000000002b9e                __cxa_guard_acquire
 .text.__cxa_guard_release
                0x0000000000002bb0        0x8 /root/share/Code/AVRLibrary/Debug/libAVRLibrary.a(new.o)
                0x0000000000002bb0                __cxa_guard_release
 .text.libgcc.div
                0x0000000000002bb8       0x44 /usr/lib/gcc/avr/5.4.0/avr51/libgcc.a(_udivmodsi4.o)
                0x0000000000002bb8                __udivmodsi4
 .text.libgcc.mul
                0x0000000000002bfc       0x14 /usr/lib/gcc/avr/5.4.0/avr51/libgcc.a(_muluhisi3.o)
                0x0000000000002bfc                __muluhisi3
 .text.libgcc   0x0000000000002c10       0x12 /usr/lib/gcc/avr/5.4.0/avr51/libgcc.a(_tablejump2.o)
                0x0000000000002c10                __tablejump2__
 .text.libgcc.mul
                0x0000000000002c22       0x1e /usr/lib/gcc/avr/5.4.0/avr51/libgcc.a(_umulhisi3.o)
                0x0000000000002c22                __umulhisi3
 .text.avr-libc.fplib
                0x0000000000002c40        0xa /usr/lib/gcc/avr/5.4.0/../../../avr/lib/avr51/libm.a(addsf3.o)
                0x0000000000002c40                __subsf3
                0x0000000000002c42                __addsf3
 .text.avr-libc.fplib
                0x0000000000002c4a       0xc0 /usr/lib/gcc/avr/5.4.0/../../../avr/lib/avr51/libm.a(addsf3x.o)
                0x0000000000002c64                __addsf3x
 .text.avr-libc.fplib
                0x0000000000002d0a        0x8 /usr/lib/gcc/avr/5.4.0/../../../avr/lib/avr51/libm.a(cmpsf2.o)
                0x0000000000002d0a                __lesf2
                0x0000000000002d0a                __nesf2
                0x0000000000002d0a                __eqsf2
                0x0000000000002d0a                __cmpsf2
                0x0000000000002d0a                __ltsf2
 .text.avr-libc.fplib
                0x0000000000002d12        0xa /usr/lib/gcc/avr/5.4.0/../../../avr/lib/avr51/libm.a(fixsfsi.o)
                0x0000000000002d12                __fixsfsi
 .text.avr-libc.fplib
                0x0000000000002d1c       0x58 /usr/lib/gcc/avr/5.4.0/../../../avr/lib/avr51/libm.a(fixunssfsi.o)
                0x0000000000002d1c                __fixunssfsi
 .text.avr-libc.fplib
                0x0000000000002d74       0x7a /usr/lib/gcc/avr/5.4.0/../../../avr/lib/avr51/libm.a(floatsisf.o)
                0x0000000000002d74                __floatunsisf
                0x0000000000002d78                __floatsisf
 .text.avr-libc.fplib
                0x0000000000002dee       0x48 /usr/lib/gcc/avr/5.4.0/../../../avr/lib/avr51/libm.a(fp_cmp.o)
                0x0000000000002dee                __fp_cmp
 .text.avr-libc.fplib
                0x0000000000002e36        0xc /usr/lib/gcc/avr/5.4.0/../../../avr/lib/avr51/libm.a(fp_inf.o)
                0x0000000000002e36                __fp_inf
 .text.avr-libc.fplib
                0x0000000000002e42        0x6 /usr/lib/gcc/avr/5.4.0/../../../avr/lib/avr51/libm.a(fp_nan.o)
                0x0000000000002e42                __fp_nan
 .text.avr-libc.fplib
                0x0000000000002e48        0xe /usr/lib/gcc/avr/5.4.0/../../../avr/lib/avr51/libm.a(fp_pscA.o)
                0x0000000000002e48                __fp_pscA
 .text.avr-libc.fplib
                0x0000000000002e56        0xe /usr/lib/gcc/avr/5.4.0/../../../avr/lib/avr51/libm.a(fp_pscB.o)
                0x0000000000002e56                __fp_pscB
 .text.avr-libc.fplib
                0x0000000000002e64       0x22 /usr/lib/gcc/avr/5.4.0/../../../avr/lib/avr51/libm.a(fp_round.o)
                0x0000000000002e64                __fp_round
 .text.avr-libc.fplib
                0x0000000000002e86       0x44 /usr/lib/gcc/avr/5.4.0/../../../avr/lib/avr51/libm.a(fp_split3.o)
                0x0000000000002e86                __fp_split3
                0x0000000000002e96                __fp_splitA
 .text.avr-libc.fplib
                0x0000000000002eca        0xe /usr/lib/gcc/avr/5.4.0/../../../avr/lib/avr51/libm.a(fp_zero.o)
                0x0000000000002eca                __fp_zero
                0x0000000000002ecc                __fp_szero
 .text.avr-libc.fplib
                0x0000000000002ed8        0x4 /usr/lib/gcc/avr/5.4.0/../../../avr/lib/avr51/libm.a(mulsf3.o)
                0x0000000000002ed8                __mulsf3
 .text.avr-libc.fplib
                0x0000000000002edc       0xc2 /usr/lib/gcc/avr/5.4.0/../../../avr/lib/avr51/libm.a(mulsf3x.o)
                0x0000000000002ef0                __mulsf3x
                0x0000000000002ef4                __mulsf3_pse
 .text.avr-libc
                0x0000000000002f9e      0x242 /usr/lib/gcc/avr/5.4.0/../../../avr/lib/avr51/libc.a(malloc.o)
                0x0000000000002f9e                malloc
                0x00000000000030ce                free
 .text.avr-libc
                0x00000000000031e0      0x1b0 /usr/lib/gcc/avr/5.4.0/../../../avr/lib/avr51/libc.a(ftoa_engine.o)
                0x00000000000031e0                __ftoa_engine
 .text.avr-libc
                0x0000000000003390       0x16 /usr/lib/gcc/avr/5.4.0/../../../avr/lib/avr51/libc.a(strnlen_P.o)
                0x0000000000003390                strnlen_P
 .text.avr-libc
                0x00000000000033a6       0x16 /usr/lib/gcc/avr/5.4.0/../../../avr/lib/avr51/libc.a(strnlen.o)
                0x00000000000033a6                strnlen
 .text.avr-libc
                0x00000000000033bc       0x78 /usr/lib/gcc/avr/5.4.0/../../../avr/lib/avr51/libc.a(fputc.o)
                0x00000000000033bc                fputc
 .text.avr-libc
                0x0000000000003434       0xbc /usr/lib/gcc/avr/5.4.0/../../../avr/lib/avr51/libc.a(ultoa_invert.o)
                0x0000000000003434                __ultoa_invert
                0x00000000000034f0                . = ALIGN (0x2)
 *(.fini9)
 .fini9         0x00000000000034f0        0x0 /usr/lib/gcc/avr/5.4.0/avr51/libgcc.a(_exit.o)
                0x00000000000034f0                exit
                0x00000000000034f0                _exit
 *(.fini9)
 *(.fini8)
 .fini8         0x00000000000034f0        0x4 /usr/lib/gcc/avr/5.4.0/../../../avr/lib/avr51/libc.a(atexit.o)
 *(.fini8)
 *(.fini7)
 *(.fini7)
 *(.fini6)
 *(.fini6)
 *(.fini5)
 *(.fini5)
 *(.fini4)
 *(.fini4)
 *(.fini3)
 *(.fini3)
 *(.fini2)
 *(.fini2)
 *(.fini1)
 *(.fini1)
 *(.fini0)
 .fini0         0x00000000000034f4        0x4 /usr/lib/gcc/avr/5.4.0/avr51/libgcc.a(_exit.o)
 *(.fini0)
                0x00000000000034f8                _etext = .

.data           0x0000000000800100       0x82 load address 0x00000000000034f8
                0x0000000000800100                PROVIDE (__data_start, .)
 *(.data)
 .data          0x0000000000800100        0x6 /usr/lib/gcc/avr/5.4.0/../../../avr/lib/avr51/libc.a(malloc.o)
                0x0000000000800100                __malloc_heap_end
                0x0000000000800102                __malloc_heap_start
                0x0000000000800104                __malloc_margin
 *(.data*)
 *(.rodata)
 *(.rodata*)
 .rodata._ZTV12Command_Test
                0x0000000000800106        0xa ./Commands/Command_Test.o
                0x0000000000800106                _ZTV12Command_Test
 .rodata._ZTV14CANSensorTimer
                0x0000000000800110        0xc ./CANSensorTimer.o
                0x0000000000800110                _ZTV14CANSensorTimer
 .rodata._ZTV6Sensor
                0x000000000080011c        0x8 ./Sensor.o
                0x000000000080011c                _ZTV6Sensor
 .rodata._ZN9CANCONFIGL11CANChannelsE
                0x0000000000800124       0x4a ./SensorManager.o
 .rodata._ZTV14HardwareSerial
                0x000000000080016e       0x14 /root/share/Code/AVRLibrary/Debug/libAVRLibrary.a(HardwareSerial.o)
                0x000000000080016e                _ZTV14HardwareSerial
 *(.gnu.linkonce.d*)
                0x0000000000800182                . = ALIGN (0x2)
                0x0000000000800182                _edata = .
                0x0000000000800182                PROVIDE (__data_end, .)

.bss            0x0000000000800182      0x27e
                0x0000000000800182                PROVIDE (__bss_start, .)
 *(.bss)
 .bss           0x0000000000800182        0x2 /usr/lib/gcc/avr/5.4.0/../../../avr/lib/avr51/libc.a(atexit.o)
 *(.bss*)
 .bss._ZZN14CommandManager11StaticClassEvE1C
                0x0000000000800184       0x10 ./Commands/CommandManager.o
 .bss._ZGVZN14CommandManager11StaticClassEvE1C
                0x0000000000800194        0x8 ./Commands/CommandManager.o
 .bss._ZGVZN6CANRaw11StaticClassEvE3CAN
                0x000000000080019c        0x8 ./CANLib.o
                0x000000000080019c                _ZGVZN6CANRaw11StaticClassEvE3CAN
 .bss._ZZN6CANRaw11StaticClassEvE3CAN
                0x00000000008001a4       0xf0 ./CANLib.o
                0x00000000008001a4                _ZZN6CANRaw11StaticClassEvE3CAN
 .bss._ZZN14CANSensorTimer6UpdateEvE12isFirstError
                0x0000000000800294        0x1 ./CANSensorTimer.o
 .bss._ZN10ADCManagerI6SensorE7channelE
                0x0000000000800295        0x1 ./Sensor.o
                0x0000000000800295                _ZN10ADCManagerI6SensorE7channelE
 .bss._ZN10ADCManagerI6SensorE19currentReadCallbackE
                0x0000000000800296        0x2 ./Sensor.o
                0x0000000000800296                _ZN10ADCManagerI6SensorE19currentReadCallbackE
 .bss._ZN10ADCManagerI6SensorE9staticObjE
                0x0000000000800298        0x2 ./Sensor.o
                0x0000000000800298                _ZN10ADCManagerI6SensorE9staticObjE
 .bss._ZZN13SensorManager11GetInstanceEvE1S
                0x000000000080029a       0x14 ./SensorManager.o
 .bss._ZGVZN13SensorManager11GetInstanceEvE1S
                0x00000000008002ae        0x8 ./SensorManager.o
 .bss.timer2Count
                0x00000000008002b6        0x4 ./main.o
                0x00000000008002b6                timer2Count
 .bss.Serial1   0x00000000008002ba       0x1d /root/share/Code/AVRLibrary/Debug/libAVRLibrary.a(HardwareSerial.o)
                0x00000000008002ba                Serial1
 .bss.Serial    0x00000000008002d7       0x1d /root/share/Code/AVRLibrary/Debug/libAVRLibrary.a(HardwareSerial.o)
                0x00000000008002d7                Serial
 .bss.rx_buffer1
                0x00000000008002f4       0x84 /root/share/Code/AVRLibrary/Debug/libAVRLibrary.a(HardwareSerial.o)
                0x00000000008002f4                rx_buffer1
 .bss.rx_buffer
                0x0000000000800378       0x84 /root/share/Code/AVRLibrary/Debug/libAVRLibrary.a(HardwareSerial.o)
                0x0000000000800378                rx_buffer
 *(COMMON)
 COMMON         0x00000000008003fc        0x4 /usr/lib/gcc/avr/5.4.0/../../../avr/lib/avr51/libc.a(malloc.o)
                0x00000000008003fc                __brkval
                0x00000000008003fe                __flp
                0x0000000000800400                PROVIDE (__bss_end, .)
                0x00000000000034f8                __data_load_start = LOADADDR (.data)
                0x000000000000357a                __data_load_end = (__data_load_start + SIZEOF (.data))

.noinit         0x0000000000800400        0x0
                [!provide]                        PROVIDE (__noinit_start, .)
 *(.noinit*)
                [!provide]                        PROVIDE (__noinit_end, .)
                0x0000000000800400                _end = .
                0x0000000000800400                PROVIDE (__heap_start, .)

.eeprom         0x0000000000810000        0x0
 *(.eeprom*)
                0x0000000000810000                __eeprom_end = .

.fuse
 *(.fuse)
 *(.lfuse)
 *(.hfuse)
 *(.efuse)

.lock
 *(.lock*)

.signature
 *(.signature*)

.user_signatures
 *(.user_signatures*)

.stab           0x0000000000000000     0x6ea0
 *(.stab)
 .stab          0x0000000000000000      0x9c0 ./Commands/CommandManager.o
                                        0xe70 (size before relaxing)
 .stab          0x00000000000009c0      0x5f4 ./Commands/Command_Test.o
                                        0x684 (size before relaxing)
 .stab          0x0000000000000fb4     0x1794 ./CANLib.o
                                       0x1a94 (size before relaxing)
 .stab          0x0000000000002748      0xc78 ./CANSensorTimer.o
                                        0xe70 (size before relaxing)
 .stab          0x00000000000033c0      0x834 ./Sensor.o
                                        0x990 (size before relaxing)
 .stab          0x0000000000003bf4      0x8ac ./SensorManager.o
                                        0x9e4 (size before relaxing)
 .stab          0x00000000000044a0      0x9fc ./main.o
                                        0xb4c (size before relaxing)
 .stab          0x0000000000004e9c      0xc90 /root/share/Code/AVRLibrary/Debug/libAVRLibrary.a(HardwareSerial.o)
                                        0xea0 (size before relaxing)
 .stab          0x0000000000005b2c      0xf30 /root/share/Code/AVRLibrary/Debug/libAVRLibrary.a(Print.o)
                                       0x4bc0 (size before relaxing)
 .stab          0x0000000000006a5c      0x444 /root/share/Code/AVRLibrary/Debug/libAVRLibrary.a(new.o)
                                        0x48c (size before relaxing)

.stabstr        0x0000000000000000     0x77d0
 *(.stabstr)
 .stabstr       0x0000000000000000     0x77d0 ./Commands/Command.o

.stab.excl
 *(.stab.excl)

.stab.exclstr
 *(.stab.exclstr)

.stab.index
 *(.stab.index)

.stab.indexstr
 *(.stab.indexstr)

.comment        0x0000000000000000       0x11
 *(.comment)
 .comment       0x0000000000000000       0x11 /usr/lib/gcc/avr/5.4.0/../../../avr/lib/avr51/libprintf_flt.a(vfprintf_flt.o)
                                         0x12 (size before relaxing)
 .comment       0x0000000000000011       0x12 ./Commands/CommandManager.o
 .comment       0x0000000000000011       0x12 ./Commands/Command_Test.o
 .comment       0x0000000000000011       0x12 ./CANLib.o
 .comment       0x0000000000000011       0x12 ./CANSensorTimer.o
 .comment       0x0000000000000011       0x12 ./Sensor.o
 .comment       0x0000000000000011       0x12 ./SensorManager.o
 .comment       0x0000000000000011       0x12 ./main.o
 .comment       0x0000000000000011       0x12 /root/share/Code/AVRLibrary/Debug/libAVRLibrary.a(HardwareSerial.o)
 .comment       0x0000000000000011       0x12 /root/share/Code/AVRLibrary/Debug/libAVRLibrary.a(Print.o)
 .comment       0x0000000000000011       0x12 /root/share/Code/AVRLibrary/Debug/libAVRLibrary.a(new.o)
 .comment       0x0000000000000011       0x12 /usr/lib/gcc/avr/5.4.0/../../../avr/lib/avr51/libc.a(atexit.o)
 .comment       0x0000000000000011       0x12 /usr/lib/gcc/avr/5.4.0/../../../avr/lib/avr51/libc.a(malloc.o)
 .comment       0x0000000000000011       0x12 /usr/lib/gcc/avr/5.4.0/../../../avr/lib/avr51/libc.a(fputc.o)

.note.gnu.avr.deviceinfo
                0x0000000000000000       0x40
 .note.gnu.avr.deviceinfo
                0x0000000000000000       0x40 /usr/lib/gcc/avr/5.4.0/../../../avr/lib/avr51/crtat90can128.o

.note.gnu.build-id
 *(.note.gnu.build-id)

.debug
 *(.debug)

.line
 *(.line)

.debug_srcinfo
 *(.debug_srcinfo)

.debug_sfnames
 *(.debug_sfnames)

.debug_aranges
 *(.debug_aranges)

.debug_pubnames
 *(.debug_pubnames)

.debug_info     0x0000000000000000      0xa2d
 *(.debug_info .gnu.linkonce.wi.*)
 .debug_info    0x0000000000000000      0xa2d /usr/lib/gcc/avr/5.4.0/../../../avr/lib/avr51/crtat90can128.o

.debug_abbrev   0x0000000000000000      0x9a0
 *(.debug_abbrev)
 .debug_abbrev  0x0000000000000000      0x9a0 /usr/lib/gcc/avr/5.4.0/../../../avr/lib/avr51/crtat90can128.o

.debug_line     0x0000000000000000       0x1a
 *(.debug_line .debug_line.* .debug_line_end)
 .debug_line    0x0000000000000000       0x1a /usr/lib/gcc/avr/5.4.0/../../../avr/lib/avr51/crtat90can128.o

.debug_frame
 *(.debug_frame)

.debug_str      0x0000000000000000      0x39f
 *(.debug_str)
 .debug_str     0x0000000000000000      0x39f /usr/lib/gcc/avr/5.4.0/../../../avr/lib/avr51/crtat90can128.o

.debug_loc
 *(.debug_loc)

.debug_macinfo
 *(.debug_macinfo)

.debug_weaknames
 *(.debug_weaknames)

.debug_funcnames
 *(.debug_funcnames)

.debug_typenames
 *(.debug_typenames)

.debug_varnames
 *(.debug_varnames)

.debug_pubtypes
 *(.debug_pubtypes)

.debug_ranges
 *(.debug_ranges)

.debug_macro
 *(.debug_macro)
OUTPUT(AnalogCANBoards.elf elf32-avr)
LOAD linker stubs

Cross Reference Table

Symbol                                            File
Serial                                            /root/share/Code/AVRLibrary/Debug/libAVRLibrary.a(HardwareSerial.o)
                                                  ./Commands/CommandManager.o
Serial1                                           /root/share/Code/AVRLibrary/Debug/libAVRLibrary.a(HardwareSerial.o)
_Z11timer1_initv                                  ./main.o
_Z11timer2_initv                                  ./main.o
_Z9getMicrosv                                     ./main.o
_ZGVZN6CANRaw11StaticClassEvE3CAN                 ./CANLib.o
                                                  ./main.o
                                                  ./CANSensorTimer.o
_ZN10ADCManagerI6SensorE19currentReadCallbackE    ./Sensor.o
                                                  ./main.o
_ZN10ADCManagerI6SensorE7channelE                 ./Sensor.o
                                                  ./main.o
_ZN10ADCManagerI6SensorE9staticObjE               ./Sensor.o
                                                  ./main.o
_ZN11CANListener17INT_Call_GotFrameEPVKN6CANRaw16CAN_FRAME_HEADEREPVKNS0_8CAN_DATAE ./CANLib.o
                                                  ./CANSensorTimer.o
_ZN11CANListener18INT_Call_SentFrameERKN6CANRaw16CAN_FRAME_HEADERE ./CANLib.o
                                                  ./CANSensorTimer.o
_ZN11CANListenerD0Ev                              ./CANSensorTimer.o
_ZN11CANListenerD1Ev                              ./CANSensorTimer.o
_ZN11CANListenerD2Ev                              ./CANSensorTimer.o
_ZN12Command_Test12checkFreeRamEv                 ./Commands/Command_Test.o
_ZN12Command_Test7executeERj                      ./Commands/Command_Test.o
_ZN12Command_TestC1Ev                             ./Commands/Command_Test.o
                                                  ./Commands/CommandManager.o
_ZN12Command_TestC2Ev                             ./Commands/Command_Test.o
_ZN12Command_TestD0Ev                             ./Commands/Command_Test.o
_ZN12Command_TestD1Ev                             ./Commands/Command_Test.o
_ZN12Command_TestD2Ev                             ./Commands/Command_Test.o
_ZN12SENSORCONFIG12conversion00ERKf               ./SensorManager.o
_ZN13SensorManager11GetInstanceEv                 ./SensorManager.o
                                                  ./main.o
_ZN13SensorManager16INT_UpdateTimingEv            ./SensorManager.o
                                                  ./main.o
_ZN13SensorManagerC1Ev                            ./SensorManager.o
_ZN13SensorManagerC2Ev                            ./SensorManager.o
_ZN14CANSensorTimer13timeUntilSendEv              ./CANSensorTimer.o
_ZN14CANSensorTimer14registerSensorEP6SensorNS_14CANDATAChannelE ./CANSensorTimer.o
                                                  ./SensorManager.o
_ZN14CANSensorTimer18INT_Call_SentFrameERKN6CANRaw16CAN_FRAME_HEADERE ./CANSensorTimer.o
_ZN14CANSensorTimer19getNumActiveSensorsEv        ./CANSensorTimer.o
_ZN14CANSensorTimer6UpdateEv                      ./CANSensorTimer.o
                                                  ./main.o
_ZN14CANSensorTimerC1EjPKmh                       ./CANSensorTimer.o
                                                  ./SensorManager.o
_ZN14CANSensorTimerC2EjPKmh                       ./CANSensorTimer.o
_ZN14CANSensorTimerD0Ev                           ./CANSensorTimer.o
_ZN14CANSensorTimerD1Ev                           ./CANSensorTimer.o
_ZN14CANSensorTimerD2Ev                           ./CANSensorTimer.o
_ZN14CommandManager10LogMessageENS_7MessageE      ./Commands/CommandManager.o
_ZN14CommandManager10LogMessageEPK19__FlashStringHelper ./Commands/CommandManager.o
                                                  ./CANSensorTimer.o
_ZN14CommandManager10LogMessageEPKc               ./Commands/CommandManager.o
_ZN14CommandManager10LogMessageEh                 ./Commands/CommandManager.o
                                                  ./CANSensorTimer.o
_ZN14CommandManager11StaticClassEv                ./Commands/CommandManager.o
                                                  ./CANSensorTimer.o
                                                  ./Commands/Command_Test.o
_ZN14CommandManager12LogMessagelnENS_7MessageE    ./Commands/CommandManager.o
_ZN14CommandManager12LogMessagelnEPK19__FlashStringHelper ./Commands/CommandManager.o
                                                  ./CANSensorTimer.o
                                                  ./Commands/Command_Test.o
_ZN14CommandManager12LogMessagelnEPKc             ./Commands/CommandManager.o
_ZN14CommandManager12LogMessagelnEh               ./Commands/CommandManager.o
                                                  ./CANSensorTimer.o
_ZN14CommandManager12MessageToStrENS_7MessageEPc  ./Commands/CommandManager.o
_ZN14CommandManager14CheckForCANCMDEv             ./Commands/CommandManager.o
_ZN14CommandManager14ExecuteCommandEhRKj          ./Commands/CommandManager.o
_ZN14CommandManager6UpdateEv                      ./Commands/CommandManager.o
_ZN14CommandManagerC1Ev                           ./Commands/CommandManager.o
_ZN14CommandManagerC2Ev                           ./Commands/CommandManager.o
_ZN14CommandManagerD1Ev                           ./Commands/CommandManager.o
_ZN14CommandManagerD2Ev                           ./Commands/CommandManager.o
_ZN14HardwareSerial4peekEv                        /root/share/Code/AVRLibrary/Debug/libAVRLibrary.a(HardwareSerial.o)
_ZN14HardwareSerial4readEv                        /root/share/Code/AVRLibrary/Debug/libAVRLibrary.a(HardwareSerial.o)
_ZN14HardwareSerial5beginEl                       /root/share/Code/AVRLibrary/Debug/libAVRLibrary.a(HardwareSerial.o)
                                                  ./Commands/CommandManager.o
_ZN14HardwareSerial5flushEv                       /root/share/Code/AVRLibrary/Debug/libAVRLibrary.a(HardwareSerial.o)
_ZN14HardwareSerial5writeEh                       /root/share/Code/AVRLibrary/Debug/libAVRLibrary.a(HardwareSerial.o)
_ZN14HardwareSerial9availableEv                   /root/share/Code/AVRLibrary/Debug/libAVRLibrary.a(HardwareSerial.o)
_ZN14HardwareSerialC1EP11ring_bufferPVhS3_S3_S3_S3_hhhhh /root/share/Code/AVRLibrary/Debug/libAVRLibrary.a(HardwareSerial.o)
_ZN14HardwareSerialC2EP11ring_bufferPVhS3_S3_S3_S3_hhhhh /root/share/Code/AVRLibrary/Debug/libAVRLibrary.a(HardwareSerial.o)
_ZN14HardwareSerialD0Ev                           /root/share/Code/AVRLibrary/Debug/libAVRLibrary.a(HardwareSerial.o)
_ZN14HardwareSerialD1Ev                           /root/share/Code/AVRLibrary/Debug/libAVRLibrary.a(HardwareSerial.o)
_ZN14HardwareSerialD2Ev                           /root/share/Code/AVRLibrary/Debug/libAVRLibrary.a(HardwareSerial.o)
_ZN5Print10printFloatEdh                          /root/share/Code/AVRLibrary/Debug/libAVRLibrary.a(Print.o)
_ZN5Print11printNumberEmh                         /root/share/Code/AVRLibrary/Debug/libAVRLibrary.a(Print.o)
_ZN5Print5printEPK19__FlashStringHelper           /root/share/Code/AVRLibrary/Debug/libAVRLibrary.a(Print.o)
                                                  ./Commands/CommandManager.o
_ZN5Print5printEPKc                               /root/share/Code/AVRLibrary/Debug/libAVRLibrary.a(Print.o)
                                                  ./Commands/CommandManager.o
_ZN5Print5printERK6String                         /root/share/Code/AVRLibrary/Debug/libAVRLibrary.a(Print.o)
_ZN5Print5printERK9Printable                      /root/share/Code/AVRLibrary/Debug/libAVRLibrary.a(Print.o)
_ZN5Print5printEc                                 /root/share/Code/AVRLibrary/Debug/libAVRLibrary.a(Print.o)
_ZN5Print5printEdi                                /root/share/Code/AVRLibrary/Debug/libAVRLibrary.a(Print.o)
_ZN5Print5printEhi                                /root/share/Code/AVRLibrary/Debug/libAVRLibrary.a(Print.o)
                                                  ./Commands/CommandManager.o
_ZN5Print5printEii                                /root/share/Code/AVRLibrary/Debug/libAVRLibrary.a(Print.o)
_ZN5Print5printEji                                /root/share/Code/AVRLibrary/Debug/libAVRLibrary.a(Print.o)
_ZN5Print5printEli                                /root/share/Code/AVRLibrary/Debug/libAVRLibrary.a(Print.o)
_ZN5Print5printEmi                                /root/share/Code/AVRLibrary/Debug/libAVRLibrary.a(Print.o)
_ZN5Print5writeEPKhj                              /root/share/Code/AVRLibrary/Debug/libAVRLibrary.a(Print.o)
                                                  /root/share/Code/AVRLibrary/Debug/libAVRLibrary.a(HardwareSerial.o)
_ZN5Print6printfEPKcz                             /root/share/Code/AVRLibrary/Debug/libAVRLibrary.a(Print.o)
_ZN5Print7printlnEPK19__FlashStringHelper         /root/share/Code/AVRLibrary/Debug/libAVRLibrary.a(Print.o)
                                                  ./Commands/CommandManager.o
_ZN5Print7printlnEPKc                             /root/share/Code/AVRLibrary/Debug/libAVRLibrary.a(Print.o)
                                                  ./Commands/CommandManager.o
_ZN5Print7printlnERK6String                       /root/share/Code/AVRLibrary/Debug/libAVRLibrary.a(Print.o)
_ZN5Print7printlnERK9Printable                    /root/share/Code/AVRLibrary/Debug/libAVRLibrary.a(Print.o)
_ZN5Print7printlnEc                               /root/share/Code/AVRLibrary/Debug/libAVRLibrary.a(Print.o)
_ZN5Print7printlnEdi                              /root/share/Code/AVRLibrary/Debug/libAVRLibrary.a(Print.o)
_ZN5Print7printlnEhi                              /root/share/Code/AVRLibrary/Debug/libAVRLibrary.a(Print.o)
                                                  ./Commands/CommandManager.o
_ZN5Print7printlnEii                              /root/share/Code/AVRLibrary/Debug/libAVRLibrary.a(Print.o)
_ZN5Print7printlnEji                              /root/share/Code/AVRLibrary/Debug/libAVRLibrary.a(Print.o)
_ZN5Print7printlnEli                              /root/share/Code/AVRLibrary/Debug/libAVRLibrary.a(Print.o)
_ZN5Print7printlnEmi                              /root/share/Code/AVRLibrary/Debug/libAVRLibrary.a(Print.o)
_ZN5Print7printlnEv                               /root/share/Code/AVRLibrary/Debug/libAVRLibrary.a(Print.o)
_ZN6CANRaw12BindListenerEP11CANListenerNS_7CAN_MOBEb ./CANLib.o
                                                  ./CANSensorTimer.o
_ZN6CANRaw13ForceResetMobENS_7CAN_MOBE            ./CANLib.o
                                                  ./CANSensorTimer.o
_ZN6CANRaw14GetNextFreeMobEv                      ./CANLib.o
_ZN6CANRaw17GetNextFreeHandleEv                   ./CANLib.o
                                                  ./CANSensorTimer.o
_ZN6CANRaw4InitENS_12CAN_BAUDRATEE                ./CANLib.o
                                                  ./main.o
_ZN6CANRaw6TxDataERKNS_8CAN_DATAENS_7CAN_MOBE     ./CANLib.o
                                                  ./CANSensorTimer.o
_ZN6CANRaw8ConfigRxERKNS_16CAN_FRAME_HEADERERKNS_14CAN_FRAME_MASKENS_7CAN_MOBE ./CANLib.o
_ZN6CANRaw8ConfigTxERKNS_16CAN_FRAME_HEADERENS_7CAN_MOBE ./CANLib.o
                                                  ./CANSensorTimer.o
_ZN6Sensor10getVoltageERf                         ./Sensor.o
_ZN6Sensor14requestADCReadEv                      ./Sensor.o
                                                  ./CANSensorTimer.o
_ZN6Sensor36INT_Call_ADC_Finished_ImplementationERKjh ./Sensor.o
                                                  ./main.o
_ZN6Sensor8getValueEv                             ./Sensor.o
                                                  ./CANSensorTimer.o
_ZN6SensorC1ERKNS_15SENSOR_SETTINGSE              ./Sensor.o
                                                  ./SensorManager.o
_ZN6SensorC1Ev                                    ./Sensor.o
_ZN6SensorC2ERKNS_15SENSOR_SETTINGSE              ./Sensor.o
_ZN6SensorC2Ev                                    ./Sensor.o
_ZN6SensorD0Ev                                    ./Sensor.o
_ZN6SensorD1Ev                                    ./Sensor.o
_ZN6SensorD2Ev                                    ./Sensor.o
_ZN6String10invalidateEv                          /root/share/Code/AVRLibrary/Debug/libAVRLibrary.a(WString.o)
_ZN6String11toLowerCaseEv                         /root/share/Code/AVRLibrary/Debug/libAVRLibrary.a(WString.o)
_ZN6String11toUpperCaseEv                         /root/share/Code/AVRLibrary/Debug/libAVRLibrary.a(WString.o)
_ZN6String12changeBufferEj                        /root/share/Code/AVRLibrary/Debug/libAVRLibrary.a(WString.o)
_ZN6String4copyEPKcj                              /root/share/Code/AVRLibrary/Debug/libAVRLibrary.a(WString.o)
_ZN6String4moveERS_                               /root/share/Code/AVRLibrary/Debug/libAVRLibrary.a(WString.o)
_ZN6String4trimEv                                 /root/share/Code/AVRLibrary/Debug/libAVRLibrary.a(WString.o)
_ZN6String6concatEPKc                             /root/share/Code/AVRLibrary/Debug/libAVRLibrary.a(WString.o)
_ZN6String6concatEPKcj                            /root/share/Code/AVRLibrary/Debug/libAVRLibrary.a(WString.o)
_ZN6String6concatERKS_                            /root/share/Code/AVRLibrary/Debug/libAVRLibrary.a(WString.o)
_ZN6String6concatEc                               /root/share/Code/AVRLibrary/Debug/libAVRLibrary.a(WString.o)
_ZN6String6concatEh                               /root/share/Code/AVRLibrary/Debug/libAVRLibrary.a(WString.o)
_ZN6String6concatEi                               /root/share/Code/AVRLibrary/Debug/libAVRLibrary.a(WString.o)
_ZN6String6concatEj                               /root/share/Code/AVRLibrary/Debug/libAVRLibrary.a(WString.o)
_ZN6String6concatEl                               /root/share/Code/AVRLibrary/Debug/libAVRLibrary.a(WString.o)
_ZN6String6concatEm                               /root/share/Code/AVRLibrary/Debug/libAVRLibrary.a(WString.o)
_ZN6String7replaceERKS_S1_                        /root/share/Code/AVRLibrary/Debug/libAVRLibrary.a(WString.o)
_ZN6String7replaceEcc                             /root/share/Code/AVRLibrary/Debug/libAVRLibrary.a(WString.o)
_ZN6String7reserveEj                              /root/share/Code/AVRLibrary/Debug/libAVRLibrary.a(WString.o)
_ZN6String9setCharAtEjc                           /root/share/Code/AVRLibrary/Debug/libAVRLibrary.a(WString.o)
_ZN6StringC1EO15StringSumHelper                   /root/share/Code/AVRLibrary/Debug/libAVRLibrary.a(WString.o)
_ZN6StringC1EOS_                                  /root/share/Code/AVRLibrary/Debug/libAVRLibrary.a(WString.o)
_ZN6StringC1EPKc                                  /root/share/Code/AVRLibrary/Debug/libAVRLibrary.a(WString.o)
_ZN6StringC1ERKS_                                 /root/share/Code/AVRLibrary/Debug/libAVRLibrary.a(WString.o)
_ZN6StringC1Ec                                    /root/share/Code/AVRLibrary/Debug/libAVRLibrary.a(WString.o)
_ZN6StringC1Ehh                                   /root/share/Code/AVRLibrary/Debug/libAVRLibrary.a(WString.o)
_ZN6StringC1Eih                                   /root/share/Code/AVRLibrary/Debug/libAVRLibrary.a(WString.o)
_ZN6StringC1Ejh                                   /root/share/Code/AVRLibrary/Debug/libAVRLibrary.a(WString.o)
_ZN6StringC1Elh                                   /root/share/Code/AVRLibrary/Debug/libAVRLibrary.a(WString.o)
_ZN6StringC1Emh                                   /root/share/Code/AVRLibrary/Debug/libAVRLibrary.a(WString.o)
_ZN6StringC2EO15StringSumHelper                   /root/share/Code/AVRLibrary/Debug/libAVRLibrary.a(WString.o)
_ZN6StringC2EOS_                                  /root/share/Code/AVRLibrary/Debug/libAVRLibrary.a(WString.o)
_ZN6StringC2EPKc                                  /root/share/Code/AVRLibrary/Debug/libAVRLibrary.a(WString.o)
_ZN6StringC2ERKS_                                 /root/share/Code/AVRLibrary/Debug/libAVRLibrary.a(WString.o)
_ZN6StringC2Ec                                    /root/share/Code/AVRLibrary/Debug/libAVRLibrary.a(WString.o)
_ZN6StringC2Ehh                                   /root/share/Code/AVRLibrary/Debug/libAVRLibrary.a(WString.o)
_ZN6StringC2Eih                                   /root/share/Code/AVRLibrary/Debug/libAVRLibrary.a(WString.o)
_ZN6StringC2Ejh                                   /root/share/Code/AVRLibrary/Debug/libAVRLibrary.a(WString.o)
_ZN6StringC2Elh                                   /root/share/Code/AVRLibrary/Debug/libAVRLibrary.a(WString.o)
_ZN6StringC2Emh                                   /root/share/Code/AVRLibrary/Debug/libAVRLibrary.a(WString.o)
_ZN6StringD1Ev                                    /root/share/Code/AVRLibrary/Debug/libAVRLibrary.a(WString.o)
_ZN6StringD2Ev                                    /root/share/Code/AVRLibrary/Debug/libAVRLibrary.a(WString.o)
_ZN6StringaSEO15StringSumHelper                   /root/share/Code/AVRLibrary/Debug/libAVRLibrary.a(WString.o)
_ZN6StringaSEOS_                                  /root/share/Code/AVRLibrary/Debug/libAVRLibrary.a(WString.o)
_ZN6StringaSEPKc                                  /root/share/Code/AVRLibrary/Debug/libAVRLibrary.a(WString.o)
_ZN6StringaSERKS_                                 /root/share/Code/AVRLibrary/Debug/libAVRLibrary.a(WString.o)
_ZN6StringixEj                                    /root/share/Code/AVRLibrary/Debug/libAVRLibrary.a(WString.o)
_ZNK6String10startsWithERKS_                      /root/share/Code/AVRLibrary/Debug/libAVRLibrary.a(WString.o)
_ZNK6String10startsWithERKS_j                     /root/share/Code/AVRLibrary/Debug/libAVRLibrary.a(WString.o)
_ZNK6String11lastIndexOfERKS_                     /root/share/Code/AVRLibrary/Debug/libAVRLibrary.a(WString.o)
_ZNK6String11lastIndexOfERKS_j                    /root/share/Code/AVRLibrary/Debug/libAVRLibrary.a(WString.o)
_ZNK6String11lastIndexOfEc                        /root/share/Code/AVRLibrary/Debug/libAVRLibrary.a(WString.o)
_ZNK6String11lastIndexOfEcj                       /root/share/Code/AVRLibrary/Debug/libAVRLibrary.a(WString.o)
_ZNK6String16equalsIgnoreCaseERKS_                /root/share/Code/AVRLibrary/Debug/libAVRLibrary.a(WString.o)
_ZNK6String5toIntEv                               /root/share/Code/AVRLibrary/Debug/libAVRLibrary.a(WString.o)
_ZNK6String6charAtEj                              /root/share/Code/AVRLibrary/Debug/libAVRLibrary.a(WString.o)
_ZNK6String6equalsEPKc                            /root/share/Code/AVRLibrary/Debug/libAVRLibrary.a(WString.o)
_ZNK6String6equalsERKS_                           /root/share/Code/AVRLibrary/Debug/libAVRLibrary.a(WString.o)
_ZNK6String7indexOfERKS_                          /root/share/Code/AVRLibrary/Debug/libAVRLibrary.a(WString.o)
_ZNK6String7indexOfERKS_j                         /root/share/Code/AVRLibrary/Debug/libAVRLibrary.a(WString.o)
_ZNK6String7indexOfEc                             /root/share/Code/AVRLibrary/Debug/libAVRLibrary.a(WString.o)
_ZNK6String7indexOfEcj                            /root/share/Code/AVRLibrary/Debug/libAVRLibrary.a(WString.o)
_ZNK6String8endsWithERKS_                         /root/share/Code/AVRLibrary/Debug/libAVRLibrary.a(WString.o)
_ZNK6String8getBytesEPhjj                         /root/share/Code/AVRLibrary/Debug/libAVRLibrary.a(WString.o)
_ZNK6String9compareToERKS_                        /root/share/Code/AVRLibrary/Debug/libAVRLibrary.a(WString.o)
_ZNK6String9substringEj                           /root/share/Code/AVRLibrary/Debug/libAVRLibrary.a(WString.o)
_ZNK6String9substringEjj                          /root/share/Code/AVRLibrary/Debug/libAVRLibrary.a(WString.o)
_ZNK6StringgeERKS_                                /root/share/Code/AVRLibrary/Debug/libAVRLibrary.a(WString.o)
_ZNK6StringgtERKS_                                /root/share/Code/AVRLibrary/Debug/libAVRLibrary.a(WString.o)
_ZNK6StringixEj                                   /root/share/Code/AVRLibrary/Debug/libAVRLibrary.a(WString.o)
                                                  /root/share/Code/AVRLibrary/Debug/libAVRLibrary.a(Print.o)
_ZNK6StringleERKS_                                /root/share/Code/AVRLibrary/Debug/libAVRLibrary.a(WString.o)
_ZNK6StringltERKS_                                /root/share/Code/AVRLibrary/Debug/libAVRLibrary.a(WString.o)
_ZTV12Command_Test                                ./Commands/Command_Test.o
_ZTV14CANSensorTimer                              ./CANSensorTimer.o
_ZTV14HardwareSerial                              /root/share/Code/AVRLibrary/Debug/libAVRLibrary.a(HardwareSerial.o)
_ZTV5Print                                        /root/share/Code/AVRLibrary/Debug/libAVRLibrary.a(Print.o)
_ZTV6Sensor                                       ./Sensor.o
_ZZN6CANRaw11StaticClassEvE3CAN                   ./CANLib.o
                                                  ./main.o
                                                  ./CANSensorTimer.o
_ZdlPv                                            /root/share/Code/AVRLibrary/Debug/libAVRLibrary.a(new.o)
                                                  /root/share/Code/AVRLibrary/Debug/libAVRLibrary.a(HardwareSerial.o)
                                                  ./Sensor.o
                                                  ./CANSensorTimer.o
                                                  ./Commands/Command_Test.o
_Znwj                                             /root/share/Code/AVRLibrary/Debug/libAVRLibrary.a(new.o)
                                                  ./main.o
                                                  ./SensorManager.o
                                                  ./Sensor.o
                                                  ./Commands/CommandManager.o
_ZplRK15StringSumHelperPKc                        /root/share/Code/AVRLibrary/Debug/libAVRLibrary.a(WString.o)
_ZplRK15StringSumHelperRK6String                  /root/share/Code/AVRLibrary/Debug/libAVRLibrary.a(WString.o)
_ZplRK15StringSumHelperc                          /root/share/Code/AVRLibrary/Debug/libAVRLibrary.a(WString.o)
_ZplRK15StringSumHelperh                          /root/share/Code/AVRLibrary/Debug/libAVRLibrary.a(WString.o)
_ZplRK15StringSumHelperi                          /root/share/Code/AVRLibrary/Debug/libAVRLibrary.a(WString.o)
_ZplRK15StringSumHelperj                          /root/share/Code/AVRLibrary/Debug/libAVRLibrary.a(WString.o)
_ZplRK15StringSumHelperl                          /root/share/Code/AVRLibrary/Debug/libAVRLibrary.a(WString.o)
_ZplRK15StringSumHelperm                          /root/share/Code/AVRLibrary/Debug/libAVRLibrary.a(WString.o)
__FUSE_REGION_LENGTH__                            /usr/lib/gcc/avr/5.4.0/../../../avr/lib/avr51/crtat90can128.o
__addsf3                                          /usr/lib/gcc/avr/5.4.0/../../../avr/lib/avr51/libm.a(addsf3.o)
                                                  /root/share/Code/AVRLibrary/Debug/libAVRLibrary.a(Print.o)
                                                  ./main.o
                                                  ./Sensor.o
__addsf3x                                         /usr/lib/gcc/avr/5.4.0/../../../avr/lib/avr51/libm.a(addsf3x.o)
                                                  /usr/lib/gcc/avr/5.4.0/../../../avr/lib/avr51/libm.a(addsf3.o)
__bad_interrupt                                   /usr/lib/gcc/avr/5.4.0/../../../avr/lib/avr51/crtat90can128.o
__brkval                                          /usr/lib/gcc/avr/5.4.0/../../../avr/lib/avr51/libc.a(malloc.o)
                                                  /usr/lib/gcc/avr/5.4.0/../../../avr/lib/avr51/libc.a(realloc.o)
                                                  ./Commands/Command_Test.o
__bss_end                                         /usr/lib/gcc/avr/5.4.0/avr51/libgcc.a(_clear_bss.o)
__bss_start                                       /usr/lib/gcc/avr/5.4.0/avr51/libgcc.a(_clear_bss.o)
__cmpsf2                                          /usr/lib/gcc/avr/5.4.0/../../../avr/lib/avr51/libm.a(cmpsf2.o)
__ctors_end                                       /usr/lib/gcc/avr/5.4.0/avr51/libgcc.a(_ctors.o)
__ctors_start                                     /usr/lib/gcc/avr/5.4.0/avr51/libgcc.a(_ctors.o)
__ctype_isfalse                                   /usr/lib/gcc/avr/5.4.0/../../../avr/lib/avr51/libc.a(cty_isfalse.o)
                                                  /usr/lib/gcc/avr/5.4.0/../../../avr/lib/avr51/libc.a(isspace.o)
__ctype_istrue                                    /usr/lib/gcc/avr/5.4.0/../../../avr/lib/avr51/libc.a(cty_isfalse.o)
__cxa_guard_abort                                 /root/share/Code/AVRLibrary/Debug/libAVRLibrary.a(new.o)
__cxa_guard_acquire                               /root/share/Code/AVRLibrary/Debug/libAVRLibrary.a(new.o)
                                                  ./main.o
                                                  ./SensorManager.o
                                                  ./CANSensorTimer.o
                                                  ./CANLib.o
                                                  ./Commands/CommandManager.o
__cxa_guard_release                               /root/share/Code/AVRLibrary/Debug/libAVRLibrary.a(new.o)
                                                  ./main.o
                                                  ./SensorManager.o
                                                  ./CANSensorTimer.o
                                                  ./CANLib.o
                                                  ./Commands/CommandManager.o
__cxa_pure_virtual                                /root/share/Code/AVRLibrary/Debug/libAVRLibrary.a(new.o)
                                                  /root/share/Code/AVRLibrary/Debug/libAVRLibrary.a(Print.o)
__data_end                                        /usr/lib/gcc/avr/5.4.0/avr51/libgcc.a(_copy_data.o)
__data_load_start                                 /usr/lib/gcc/avr/5.4.0/avr51/libgcc.a(_copy_data.o)
__data_start                                      /usr/lib/gcc/avr/5.4.0/avr51/libgcc.a(_copy_data.o)
__divsf3                                          /usr/lib/gcc/avr/5.4.0/../../../avr/lib/avr51/libm.a(divsf3.o)
                                                  /root/share/Code/AVRLibrary/Debug/libAVRLibrary.a(Print.o)
__divsf3_pse                                      /usr/lib/gcc/avr/5.4.0/../../../avr/lib/avr51/libm.a(divsf3x.o)
__divsf3x                                         /usr/lib/gcc/avr/5.4.0/../../../avr/lib/avr51/libm.a(divsf3x.o)
                                                  /usr/lib/gcc/avr/5.4.0/../../../avr/lib/avr51/libm.a(divsf3.o)
__do_clear_bss                                    /usr/lib/gcc/avr/5.4.0/avr51/libgcc.a(_clear_bss.o)
                                                  /usr/lib/gcc/avr/5.4.0/../../../avr/lib/avr51/libc.a(malloc.o)
                                                  /usr/lib/gcc/avr/5.4.0/../../../avr/lib/avr51/libc.a(atexit.o)
                                                  /root/share/Code/AVRLibrary/Debug/libAVRLibrary.a(WString.o)
                                                  /root/share/Code/AVRLibrary/Debug/libAVRLibrary.a(HardwareSerial.o)
                                                  ./main.o
                                                  ./SensorManager.o
                                                  ./Sensor.o
                                                  ./CANSensorTimer.o
                                                  ./CANLib.o
                                                  ./Commands/CommandManager.o
__do_copy_data                                    /usr/lib/gcc/avr/5.4.0/avr51/libgcc.a(_copy_data.o)
                                                  /usr/lib/gcc/avr/5.4.0/../../../avr/lib/avr51/libc.a(malloc.o)
                                                  /root/share/Code/AVRLibrary/Debug/libAVRLibrary.a(Print.o)
                                                  /root/share/Code/AVRLibrary/Debug/libAVRLibrary.a(HardwareSerial.o)
                                                  ./SensorManager.o
                                                  ./Sensor.o
                                                  ./CANSensorTimer.o
                                                  ./Commands/Command_Test.o
                                                  ./Commands/CommandManager.o
__do_global_ctors                                 /usr/lib/gcc/avr/5.4.0/avr51/libgcc.a(_ctors.o)
                                                  /root/share/Code/AVRLibrary/Debug/libAVRLibrary.a(HardwareSerial.o)
__eqsf2                                           /usr/lib/gcc/avr/5.4.0/../../../avr/lib/avr51/libm.a(cmpsf2.o)
__fixsfsi                                         /usr/lib/gcc/avr/5.4.0/../../../avr/lib/avr51/libm.a(fixsfsi.o)
                                                  /root/share/Code/AVRLibrary/Debug/libAVRLibrary.a(Print.o)
                                                  ./SensorManager.o
__fixunssfsi                                      /usr/lib/gcc/avr/5.4.0/../../../avr/lib/avr51/libm.a(fixunssfsi.o)
                                                  /usr/lib/gcc/avr/5.4.0/../../../avr/lib/avr51/libm.a(fixsfsi.o)
                                                  /root/share/Code/AVRLibrary/Debug/libAVRLibrary.a(Print.o)
__floatsisf                                       /usr/lib/gcc/avr/5.4.0/../../../avr/lib/avr51/libm.a(floatsisf.o)
                                                  /root/share/Code/AVRLibrary/Debug/libAVRLibrary.a(Print.o)
                                                  ./main.o
__floatunsisf                                     /usr/lib/gcc/avr/5.4.0/../../../avr/lib/avr51/libm.a(floatsisf.o)
                                                  /root/share/Code/AVRLibrary/Debug/libAVRLibrary.a(Print.o)
                                                  ./main.o
                                                  ./Sensor.o
__flp                                             /usr/lib/gcc/avr/5.4.0/../../../avr/lib/avr51/libc.a(malloc.o)
                                                  /usr/lib/gcc/avr/5.4.0/../../../avr/lib/avr51/libc.a(realloc.o)
__fp_cmp                                          /usr/lib/gcc/avr/5.4.0/../../../avr/lib/avr51/libm.a(fp_cmp.o)
                                                  /usr/lib/gcc/avr/5.4.0/../../../avr/lib/avr51/libm.a(cmpsf2.o)
__fp_inf                                          /usr/lib/gcc/avr/5.4.0/../../../avr/lib/avr51/libm.a(fp_inf.o)
                                                  /usr/lib/gcc/avr/5.4.0/../../../avr/lib/avr51/libm.a(mulsf3x.o)
                                                  /usr/lib/gcc/avr/5.4.0/../../../avr/lib/avr51/libm.a(divsf3x.o)
                                                  /usr/lib/gcc/avr/5.4.0/../../../avr/lib/avr51/libm.a(addsf3x.o)
__fp_nan                                          /usr/lib/gcc/avr/5.4.0/../../../avr/lib/avr51/libm.a(fp_nan.o)
                                                  /usr/lib/gcc/avr/5.4.0/../../../avr/lib/avr51/libm.a(mulsf3x.o)
                                                  /usr/lib/gcc/avr/5.4.0/../../../avr/lib/avr51/libm.a(divsf3x.o)
                                                  /usr/lib/gcc/avr/5.4.0/../../../avr/lib/avr51/libm.a(addsf3x.o)
__fp_pscA                                         /usr/lib/gcc/avr/5.4.0/../../../avr/lib/avr51/libm.a(fp_pscA.o)
                                                  /usr/lib/gcc/avr/5.4.0/../../../avr/lib/avr51/libm.a(mulsf3x.o)
                                                  /usr/lib/gcc/avr/5.4.0/../../../avr/lib/avr51/libm.a(divsf3x.o)
                                                  /usr/lib/gcc/avr/5.4.0/../../../avr/lib/avr51/libm.a(addsf3x.o)
__fp_pscB                                         /usr/lib/gcc/avr/5.4.0/../../../avr/lib/avr51/libm.a(fp_pscB.o)
                                                  /usr/lib/gcc/avr/5.4.0/../../../avr/lib/avr51/libm.a(mulsf3x.o)
                                                  /usr/lib/gcc/avr/5.4.0/../../../avr/lib/avr51/libm.a(divsf3x.o)
                                                  /usr/lib/gcc/avr/5.4.0/../../../avr/lib/avr51/libm.a(addsf3x.o)
__fp_round                                        /usr/lib/gcc/avr/5.4.0/../../../avr/lib/avr51/libm.a(fp_round.o)
                                                  /usr/lib/gcc/avr/5.4.0/../../../avr/lib/avr51/libm.a(mulsf3.o)
                                                  /usr/lib/gcc/avr/5.4.0/../../../avr/lib/avr51/libm.a(divsf3.o)
                                                  /usr/lib/gcc/avr/5.4.0/../../../avr/lib/avr51/libm.a(addsf3.o)
__fp_split3                                       /usr/lib/gcc/avr/5.4.0/../../../avr/lib/avr51/libm.a(fp_split3.o)
                                                  /usr/lib/gcc/avr/5.4.0/../../../avr/lib/avr51/libm.a(mulsf3x.o)
                                                  /usr/lib/gcc/avr/5.4.0/../../../avr/lib/avr51/libm.a(divsf3x.o)
                                                  /usr/lib/gcc/avr/5.4.0/../../../avr/lib/avr51/libm.a(addsf3x.o)
__fp_splitA                                       /usr/lib/gcc/avr/5.4.0/../../../avr/lib/avr51/libm.a(fp_split3.o)
                                                  /usr/lib/gcc/avr/5.4.0/../../../avr/lib/avr51/libm.a(fixunssfsi.o)
__fp_szero                                        /usr/lib/gcc/avr/5.4.0/../../../avr/lib/avr51/libm.a(fp_zero.o)
                                                  /usr/lib/gcc/avr/5.4.0/../../../avr/lib/avr51/libm.a(mulsf3x.o)
                                                  /usr/lib/gcc/avr/5.4.0/../../../avr/lib/avr51/libm.a(fixsfsi.o)
                                                  /usr/lib/gcc/avr/5.4.0/../../../avr/lib/avr51/libm.a(divsf3x.o)
__fp_zero                                         /usr/lib/gcc/avr/5.4.0/../../../avr/lib/avr51/libm.a(fp_zero.o)
                                                  /usr/lib/gcc/avr/5.4.0/../../../avr/lib/avr51/libm.a(fixunssfsi.o)
                                                  /usr/lib/gcc/avr/5.4.0/../../../avr/lib/avr51/libm.a(addsf3x.o)
__ftoa_engine                                     /usr/lib/gcc/avr/5.4.0/../../../avr/lib/avr51/libc.a(ftoa_engine.o)
                                                  /usr/lib/gcc/avr/5.4.0/../../../avr/lib/avr51/libprintf_flt.a(vfprintf_flt.o)
__heap_end                                        /usr/lib/gcc/avr/5.4.0/../../../avr/lib/avr51/crtat90can128.o
                                                  /usr/lib/gcc/avr/5.4.0/../../../avr/lib/avr51/libc.a(malloc.o)
__heap_start                                      /usr/lib/gcc/avr/5.4.0/../../../avr/lib/avr51/libc.a(malloc.o)
                                                  ./Commands/Command_Test.o
__init                                            /usr/lib/gcc/avr/5.4.0/../../../avr/lib/avr51/crtat90can128.o
__itoa                                            /usr/lib/gcc/avr/5.4.0/../../../avr/lib/avr51/libc.a(itoa.o)
                                                  /root/share/Code/AVRLibrary/Debug/libAVRLibrary.a(WString.o)
__itoa_ncheck                                     /usr/lib/gcc/avr/5.4.0/../../../avr/lib/avr51/libc.a(itoa_ncheck.o)
                                                  /usr/lib/gcc/avr/5.4.0/../../../avr/lib/avr51/libc.a(itoa.o)
                                                  /root/share/Code/AVRLibrary/Debug/libAVRLibrary.a(WString.o)
__lesf2                                           /usr/lib/gcc/avr/5.4.0/../../../avr/lib/avr51/libm.a(cmpsf2.o)
__ltoa                                            /usr/lib/gcc/avr/5.4.0/../../../avr/lib/avr51/libc.a(ltoa.o)
                                                  /root/share/Code/AVRLibrary/Debug/libAVRLibrary.a(WString.o)
__ltoa_ncheck                                     /usr/lib/gcc/avr/5.4.0/../../../avr/lib/avr51/libc.a(ltoa_ncheck.o)
                                                  /usr/lib/gcc/avr/5.4.0/../../../avr/lib/avr51/libc.a(ltoa.o)
                                                  /root/share/Code/AVRLibrary/Debug/libAVRLibrary.a(WString.o)
__ltsf2                                           /usr/lib/gcc/avr/5.4.0/../../../avr/lib/avr51/libm.a(cmpsf2.o)
                                                  /root/share/Code/AVRLibrary/Debug/libAVRLibrary.a(Print.o)
                                                  ./Sensor.o
__malloc_heap_end                                 /usr/lib/gcc/avr/5.4.0/../../../avr/lib/avr51/libc.a(malloc.o)
                                                  /usr/lib/gcc/avr/5.4.0/../../../avr/lib/avr51/libc.a(realloc.o)
__malloc_heap_start                               /usr/lib/gcc/avr/5.4.0/../../../avr/lib/avr51/libc.a(malloc.o)
__malloc_margin                                   /usr/lib/gcc/avr/5.4.0/../../../avr/lib/avr51/libc.a(malloc.o)
                                                  /usr/lib/gcc/avr/5.4.0/../../../avr/lib/avr51/libc.a(realloc.o)
__mulsf3                                          /usr/lib/gcc/avr/5.4.0/../../../avr/lib/avr51/libm.a(mulsf3.o)
                                                  /root/share/Code/AVRLibrary/Debug/libAVRLibrary.a(Print.o)
                                                  ./SensorManager.o
                                                  ./Sensor.o
__mulsf3_pse                                      /usr/lib/gcc/avr/5.4.0/../../../avr/lib/avr51/libm.a(mulsf3x.o)
__mulsf3x                                         /usr/lib/gcc/avr/5.4.0/../../../avr/lib/avr51/libm.a(mulsf3x.o)
                                                  /usr/lib/gcc/avr/5.4.0/../../../avr/lib/avr51/libm.a(mulsf3.o)
__mulsi_const_10                                  /usr/lib/gcc/avr/5.4.0/../../../avr/lib/avr51/libc.a(mulsi10.o)
                                                  /usr/lib/gcc/avr/5.4.0/../../../avr/lib/avr51/libc.a(atol.o)
__muluhisi3                                       /usr/lib/gcc/avr/5.4.0/avr51/libgcc.a(_muluhisi3.o)
                                                  /root/share/Code/AVRLibrary/Debug/libAVRLibrary.a(HardwareSerial.o)
__nesf2                                           /usr/lib/gcc/avr/5.4.0/../../../avr/lib/avr51/libm.a(cmpsf2.o)
__stack                                           /usr/lib/gcc/avr/5.4.0/../../../avr/lib/avr51/crtat90can128.o
__subsf3                                          /usr/lib/gcc/avr/5.4.0/../../../avr/lib/avr51/libm.a(addsf3.o)
                                                  /root/share/Code/AVRLibrary/Debug/libAVRLibrary.a(Print.o)
                                                  ./Sensor.o
__tablejump2__                                    /usr/lib/gcc/avr/5.4.0/avr51/libgcc.a(_tablejump2.o)
                                                  /usr/lib/gcc/avr/5.4.0/avr51/libgcc.a(_ctors.o)
__udivmodsi4                                      /usr/lib/gcc/avr/5.4.0/avr51/libgcc.a(_udivmodsi4.o)
                                                  /root/share/Code/AVRLibrary/Debug/libAVRLibrary.a(Print.o)
                                                  /root/share/Code/AVRLibrary/Debug/libAVRLibrary.a(HardwareSerial.o)
__ultoa                                           /usr/lib/gcc/avr/5.4.0/../../../avr/lib/avr51/libc.a(ultoa.o)
                                                  /root/share/Code/AVRLibrary/Debug/libAVRLibrary.a(WString.o)
__ultoa_common                                    /usr/lib/gcc/avr/5.4.0/../../../avr/lib/avr51/libc.a(ultoa_ncheck.o)
                                                  /usr/lib/gcc/avr/5.4.0/../../../avr/lib/avr51/libc.a(ltoa_ncheck.o)
__ultoa_invert                                    /usr/lib/gcc/avr/5.4.0/../../../avr/lib/avr51/libc.a(ultoa_invert.o)
                                                  /usr/lib/gcc/avr/5.4.0/../../../avr/lib/avr51/libprintf_flt.a(vfprintf_flt.o)
__ultoa_ncheck                                    /usr/lib/gcc/avr/5.4.0/../../../avr/lib/avr51/libc.a(ultoa_ncheck.o)
                                                  /usr/lib/gcc/avr/5.4.0/../../../avr/lib/avr51/libc.a(ultoa.o)
                                                  /root/share/Code/AVRLibrary/Debug/libAVRLibrary.a(WString.o)
__umulhisi3                                       /usr/lib/gcc/avr/5.4.0/avr51/libgcc.a(_umulhisi3.o)
                                                  /usr/lib/gcc/avr/5.4.0/avr51/libgcc.a(_muluhisi3.o)
__utoa                                            /usr/lib/gcc/avr/5.4.0/../../../avr/lib/avr51/libc.a(utoa.o)
                                                  /root/share/Code/AVRLibrary/Debug/libAVRLibrary.a(WString.o)
__utoa_common                                     /usr/lib/gcc/avr/5.4.0/../../../avr/lib/avr51/libc.a(utoa_ncheck.o)
                                                  /usr/lib/gcc/avr/5.4.0/../../../avr/lib/avr51/libc.a(itoa_ncheck.o)
__utoa_ncheck                                     /usr/lib/gcc/avr/5.4.0/../../../avr/lib/avr51/libc.a(utoa_ncheck.o)
                                                  /usr/lib/gcc/avr/5.4.0/../../../avr/lib/avr51/libc.a(utoa.o)
                                                  /root/share/Code/AVRLibrary/Debug/libAVRLibrary.a(WString.o)
__vector_1                                        /usr/lib/gcc/avr/5.4.0/../../../avr/lib/avr51/crtat90can128.o
__vector_10                                       /usr/lib/gcc/avr/5.4.0/../../../avr/lib/avr51/crtat90can128.o
__vector_11                                       /usr/lib/gcc/avr/5.4.0/../../../avr/lib/avr51/crtat90can128.o
__vector_12                                       ./main.o
                                                  /usr/lib/gcc/avr/5.4.0/../../../avr/lib/avr51/crtat90can128.o
__vector_13                                       /usr/lib/gcc/avr/5.4.0/../../../avr/lib/avr51/crtat90can128.o
__vector_14                                       /usr/lib/gcc/avr/5.4.0/../../../avr/lib/avr51/crtat90can128.o
__vector_15                                       /usr/lib/gcc/avr/5.4.0/../../../avr/lib/avr51/crtat90can128.o
__vector_16                                       /usr/lib/gcc/avr/5.4.0/../../../avr/lib/avr51/crtat90can128.o
__vector_17                                       /usr/lib/gcc/avr/5.4.0/../../../avr/lib/avr51/crtat90can128.o
__vector_18                                       ./CANLib.o
                                                  /usr/lib/gcc/avr/5.4.0/../../../avr/lib/avr51/crtat90can128.o
__vector_19                                       /usr/lib/gcc/avr/5.4.0/../../../avr/lib/avr51/crtat90can128.o
__vector_2                                        /usr/lib/gcc/avr/5.4.0/../../../avr/lib/avr51/crtat90can128.o
__vector_20                                       /usr/lib/gcc/avr/5.4.0/../../../avr/lib/avr51/crtat90can128.o
__vector_21                                       /root/share/Code/AVRLibrary/Debug/libAVRLibrary.a(HardwareSerial.o)
                                                  /usr/lib/gcc/avr/5.4.0/../../../avr/lib/avr51/crtat90can128.o
__vector_22                                       /usr/lib/gcc/avr/5.4.0/../../../avr/lib/avr51/crtat90can128.o
__vector_23                                       /usr/lib/gcc/avr/5.4.0/../../../avr/lib/avr51/crtat90can128.o
__vector_24                                       /usr/lib/gcc/avr/5.4.0/../../../avr/lib/avr51/crtat90can128.o
__vector_25                                       ./main.o
                                                  /usr/lib/gcc/avr/5.4.0/../../../avr/lib/avr51/crtat90can128.o
__vector_26                                       /usr/lib/gcc/avr/5.4.0/../../../avr/lib/avr51/crtat90can128.o
__vector_27                                       /usr/lib/gcc/avr/5.4.0/../../../avr/lib/avr51/crtat90can128.o
__vector_28                                       /usr/lib/gcc/avr/5.4.0/../../../avr/lib/avr51/crtat90can128.o
__vector_29                                       /usr/lib/gcc/avr/5.4.0/../../../avr/lib/avr51/crtat90can128.o
__vector_3                                        /usr/lib/gcc/avr/5.4.0/../../../avr/lib/avr51/crtat90can128.o
__vector_30                                       /usr/lib/gcc/avr/5.4.0/../../../avr/lib/avr51/crtat90can128.o
__vector_31                                       /usr/lib/gcc/avr/5.4.0/../../../avr/lib/avr51/crtat90can128.o
__vector_32                                       /root/share/Code/AVRLibrary/Debug/libAVRLibrary.a(HardwareSerial.o)
                                                  /usr/lib/gcc/avr/5.4.0/../../../avr/lib/avr51/crtat90can128.o
__vector_33                                       /usr/lib/gcc/avr/5.4.0/../../../avr/lib/avr51/crtat90can128.o
__vector_34                                       /usr/lib/gcc/avr/5.4.0/../../../avr/lib/avr51/crtat90can128.o
__vector_35                                       /usr/lib/gcc/avr/5.4.0/../../../avr/lib/avr51/crtat90can128.o
__vector_36                                       /usr/lib/gcc/avr/5.4.0/../../../avr/lib/avr51/crtat90can128.o
__vector_4                                        /usr/lib/gcc/avr/5.4.0/../../../avr/lib/avr51/crtat90can128.o
__vector_5                                        /usr/lib/gcc/avr/5.4.0/../../../avr/lib/avr51/crtat90can128.o
__vector_6                                        /usr/lib/gcc/avr/5.4.0/../../../avr/lib/avr51/crtat90can128.o
__vector_7                                        /usr/lib/gcc/avr/5.4.0/../../../avr/lib/avr51/crtat90can128.o
__vector_8                                        /usr/lib/gcc/avr/5.4.0/../../../avr/lib/avr51/crtat90can128.o
__vector_9                                        ./main.o
                                                  /usr/lib/gcc/avr/5.4.0/../../../avr/lib/avr51/crtat90can128.o
__vector_default                                  /usr/lib/gcc/avr/5.4.0/../../../avr/lib/avr51/crtat90can128.o
__vectors                                         /usr/lib/gcc/avr/5.4.0/../../../avr/lib/avr51/crtat90can128.o
_exit                                             /usr/lib/gcc/avr/5.4.0/avr51/libgcc.a(_exit.o)
atexit                                            /usr/lib/gcc/avr/5.4.0/../../../avr/lib/avr51/libc.a(atexit.o)
                                                  ./Commands/CommandManager.o
atol                                              /usr/lib/gcc/avr/5.4.0/../../../avr/lib/avr51/libc.a(atol.o)
                                                  /root/share/Code/AVRLibrary/Debug/libAVRLibrary.a(WString.o)
exit                                              /usr/lib/gcc/avr/5.4.0/avr51/libgcc.a(_exit.o)
                                                  /usr/lib/gcc/avr/5.4.0/../../../avr/lib/avr51/crtat90can128.o
fputc                                             /usr/lib/gcc/avr/5.4.0/../../../avr/lib/avr51/libc.a(fputc.o)
                                                  /usr/lib/gcc/avr/5.4.0/../../../avr/lib/avr51/libprintf_flt.a(vfprintf_flt.o)
free                                              /usr/lib/gcc/avr/5.4.0/../../../avr/lib/avr51/libc.a(malloc.o)
                                                  /usr/lib/gcc/avr/5.4.0/../../../avr/lib/avr51/libc.a(realloc.o)
                                                  /root/share/Code/AVRLibrary/Debug/libAVRLibrary.a(new.o)
                                                  /root/share/Code/AVRLibrary/Debug/libAVRLibrary.a(WString.o)
isspace                                           /usr/lib/gcc/avr/5.4.0/../../../avr/lib/avr51/libc.a(isspace.o)
                                                  /root/share/Code/AVRLibrary/Debug/libAVRLibrary.a(WString.o)
itoa                                              /usr/lib/gcc/avr/5.4.0/../../../avr/lib/avr51/libc.a(itoa.o)
ltoa                                              /usr/lib/gcc/avr/5.4.0/../../../avr/lib/avr51/libc.a(ltoa.o)
main                                              ./main.o
                                                  /usr/lib/gcc/avr/5.4.0/../../../avr/lib/avr51/crtat90can128.o
malloc                                            /usr/lib/gcc/avr/5.4.0/../../../avr/lib/avr51/libc.a(malloc.o)
                                                  /usr/lib/gcc/avr/5.4.0/../../../avr/lib/avr51/libc.a(realloc.o)
                                                  /usr/lib/gcc/avr/5.4.0/../../../avr/lib/avr51/libc.a(atexit.o)
                                                  /root/share/Code/AVRLibrary/Debug/libAVRLibrary.a(new.o)
memcpy                                            /usr/lib/gcc/avr/5.4.0/../../../avr/lib/avr51/libc.a(memcpy.o)
                                                  /usr/lib/gcc/avr/5.4.0/../../../avr/lib/avr51/libc.a(memmove.o)
                                                  /usr/lib/gcc/avr/5.4.0/../../../avr/lib/avr51/libc.a(realloc.o)
                                                  /root/share/Code/AVRLibrary/Debug/libAVRLibrary.a(WString.o)
memmove                                           /usr/lib/gcc/avr/5.4.0/../../../avr/lib/avr51/libc.a(memmove.o)
                                                  /root/share/Code/AVRLibrary/Debug/libAVRLibrary.a(WString.o)
realloc                                           /usr/lib/gcc/avr/5.4.0/../../../avr/lib/avr51/libc.a(realloc.o)
                                                  /root/share/Code/AVRLibrary/Debug/libAVRLibrary.a(WString.o)
rx_buffer                                         /root/share/Code/AVRLibrary/Debug/libAVRLibrary.a(HardwareSerial.o)
rx_buffer1                                        /root/share/Code/AVRLibrary/Debug/libAVRLibrary.a(HardwareSerial.o)
strchr                                            /usr/lib/gcc/avr/5.4.0/../../../avr/lib/avr51/libc.a(strchr.o)
                                                  /root/share/Code/AVRLibrary/Debug/libAVRLibrary.a(WString.o)
strcmp                                            /usr/lib/gcc/avr/5.4.0/../../../avr/lib/avr51/libc.a(strcmp.o)
                                                  /root/share/Code/AVRLibrary/Debug/libAVRLibrary.a(WString.o)
strcpy                                            /usr/lib/gcc/avr/5.4.0/../../../avr/lib/avr51/libc.a(strcpy.o)
                                                  /root/share/Code/AVRLibrary/Debug/libAVRLibrary.a(WString.o)
strncmp                                           /usr/lib/gcc/avr/5.4.0/../../../avr/lib/avr51/libc.a(strncmp.o)
                                                  /root/share/Code/AVRLibrary/Debug/libAVRLibrary.a(WString.o)
strncpy                                           /usr/lib/gcc/avr/5.4.0/../../../avr/lib/avr51/libc.a(strncpy.o)
                                                  /root/share/Code/AVRLibrary/Debug/libAVRLibrary.a(WString.o)
strncpy_P                                         /usr/lib/gcc/avr/5.4.0/../../../avr/lib/avr51/libc.a(strncpy_P.o)
                                                  ./Commands/CommandManager.o
strnlen                                           /usr/lib/gcc/avr/5.4.0/../../../avr/lib/avr51/libc.a(strnlen.o)
                                                  /usr/lib/gcc/avr/5.4.0/../../../avr/lib/avr51/libprintf_flt.a(vfprintf_flt.o)
strnlen_P                                         /usr/lib/gcc/avr/5.4.0/../../../avr/lib/avr51/libc.a(strnlen_P.o)
                                                  /usr/lib/gcc/avr/5.4.0/../../../avr/lib/avr51/libprintf_flt.a(vfprintf_flt.o)
strrchr                                           /usr/lib/gcc/avr/5.4.0/../../../avr/lib/avr51/libc.a(strrchr.o)
                                                  /root/share/Code/AVRLibrary/Debug/libAVRLibrary.a(WString.o)
strrev                                            /usr/lib/gcc/avr/5.4.0/../../../avr/lib/avr51/libc.a(strrev.o)
                                                  /usr/lib/gcc/avr/5.4.0/../../../avr/lib/avr51/libc.a(utoa_ncheck.o)
                                                  /usr/lib/gcc/avr/5.4.0/../../../avr/lib/avr51/libc.a(ultoa_ncheck.o)
strstr                                            /usr/lib/gcc/avr/5.4.0/../../../avr/lib/avr51/libc.a(strstr.o)
                                                  /root/share/Code/AVRLibrary/Debug/libAVRLibrary.a(WString.o)
timer2Count                                       ./main.o
tolower                                           /usr/lib/gcc/avr/5.4.0/../../../avr/lib/avr51/libc.a(tolower.o)
                                                  /root/share/Code/AVRLibrary/Debug/libAVRLibrary.a(WString.o)
toupper                                           /usr/lib/gcc/avr/5.4.0/../../../avr/lib/avr51/libc.a(toupper.o)
                                                  /root/share/Code/AVRLibrary/Debug/libAVRLibrary.a(WString.o)
ultoa                                             /usr/lib/gcc/avr/5.4.0/../../../avr/lib/avr51/libc.a(ultoa.o)
utoa                                              /usr/lib/gcc/avr/5.4.0/../../../avr/lib/avr51/libc.a(utoa.o)
vfprintf                                          /usr/lib/gcc/avr/5.4.0/../../../avr/lib/avr51/libprintf_flt.a(vfprintf_flt.o)
                                                  /usr/lib/gcc/avr/5.4.0/../../../avr/lib/avr51/libc.a(vsnprintf.o)
vsnprintf                                         /usr/lib/gcc/avr/5.4.0/../../../avr/lib/avr51/libc.a(vsnprintf.o)
                                                  /root/share/Code/AVRLibrary/Debug/libAVRLibrary.a(Print.o)
